Archive member included because of file (symbol)

.\CortexM0\ARM_GCC_493\Debug\Design01.a(cyfitter_cfg.o)
                              .\CortexM0\ARM_GCC_493\Debug\Cm0Start.o (cyfitter_cfg)
.\CortexM0\ARM_GCC_493\Debug\Design01.a(CyLib.o)
                              .\CortexM0\ARM_GCC_493\Debug\Design01.a(cyfitter_cfg.o) (CyIntEnable)
.\CortexM0\ARM_GCC_493\Debug\Design01.a(CyLFClk.o)
                              .\CortexM0\ARM_GCC_493\Debug\Design01.a(cyfitter_cfg.o) (CySysWdtIsr)
.\CortexM0\ARM_GCC_493\Debug\Design01.a(PWM_hojre.o)
                              .\CortexM0\ARM_GCC_493\Debug\regulering.o (PWM_hojre_WriteCompare)
.\CortexM0\ARM_GCC_493\Debug\Design01.a(ADC.o)
                              .\CortexM0\ARM_GCC_493\Debug\test.o (ADC_Start)
.\CortexM0\ARM_GCC_493\Debug\Design01.a(ADC_INT.o)
                              .\CortexM0\ARM_GCC_493\Debug\Design01.a(ADC.o) (ADC_ISR)
.\CortexM0\ARM_GCC_493\Debug\Design01.a(PWM_venstre.o)
                              .\CortexM0\ARM_GCC_493\Debug\regulering.o (PWM_venstre_WriteCompare)
.\CortexM0\ARM_GCC_493\Debug\Design01.a(Trig.o)
                              .\CortexM0\ARM_GCC_493\Debug\distance.o (Trig_Write)
.\CortexM0\ARM_GCC_493\Debug\Design01.a(Timer.o)
                              .\CortexM0\ARM_GCC_493\Debug\distance.o (Timer_ReadCounter)
.\CortexM0\ARM_GCC_493\Debug\Design01.a(ISR.o)
                              .\CortexM0\ARM_GCC_493\Debug\distance.o (ISR_StartEx)
.\CortexM0\ARM_GCC_493\Debug\Design01.a(UART_print.o)
                              .\CortexM0\ARM_GCC_493\Debug\test.o (UART_print_Start)
.\CortexM0\ARM_GCC_493\Debug\Design01.a(UART_print_UART.o)
                              .\CortexM0\ARM_GCC_493\Debug\Design01.a(UART_print.o) (UART_print_UartInit)
.\CortexM0\ARM_GCC_493\Debug\Design01.a(I2C_1.o)
                              .\CortexM0\ARM_GCC_493\Debug\test.o (I2C_1_Start)
.\CortexM0\ARM_GCC_493\Debug\Design01.a(I2C_1_I2C.o)
                              .\CortexM0\ARM_GCC_493\Debug\Design01.a(I2C_1.o) (I2C_1_I2CInit)
.\CortexM0\ARM_GCC_493\Debug\Design01.a(I2C_1_I2C_SLAVE.o)
                              .\CortexM0\ARM_GCC_493\Debug\I2Cslave.o (I2C_1_I2CSlaveStatus)
.\CortexM0\ARM_GCC_493\Debug\Design01.a(CyBootAsmGnu.o)
                              .\CortexM0\ARM_GCC_493\Debug\Design01.a(CyLib.o) (CyDelayCycles)
.\CortexM0\ARM_GCC_493\Debug\Design01.a(UART_print_SPI_UART.o)
                              .\CortexM0\ARM_GCC_493\Debug\Design01.a(UART_print_UART.o) (UART_print_SpiUartReadRxData)
.\CortexM0\ARM_GCC_493\Debug\Design01.a(I2C_1_I2C_INT.o)
                              .\CortexM0\ARM_GCC_493\Debug\Design01.a(I2C_1_I2C.o) (I2C_1_I2C_ISR)
c:/program files (x86)/cypress/psoc creator/3.3/psoc creator/import/gnu/arm/4.9.3/bin/../lib/gcc/arm-none-eabi/4.9.3/armv6-m\libgcc.a(_udivsi3.o)
                              .\CortexM0\ARM_GCC_493\Debug\distance.o (__aeabi_uidiv)
c:/program files (x86)/cypress/psoc creator/3.3/psoc creator/import/gnu/arm/4.9.3/bin/../lib/gcc/arm-none-eabi/4.9.3/armv6-m\libgcc.a(_divsi3.o)
                              .\CortexM0\ARM_GCC_493\Debug\Design01.a(ADC.o) (__aeabi_idiv)
c:/program files (x86)/cypress/psoc creator/3.3/psoc creator/import/gnu/arm/4.9.3/bin/../lib/gcc/arm-none-eabi/4.9.3/armv6-m\libgcc.a(_dvmd_tls.o)
                              c:/program files (x86)/cypress/psoc creator/3.3/psoc creator/import/gnu/arm/4.9.3/bin/../lib/gcc/arm-none-eabi/4.9.3/armv6-m\libgcc.a(_udivsi3.o) (__aeabi_idiv0)
c:/program files (x86)/cypress/psoc creator/3.3/psoc creator/import/gnu/arm/4.9.3/bin/../lib/gcc/arm-none-eabi/4.9.3/armv6-m\libgcc.a(_arm_cmpdf2.o)
                              .\CortexM0\ARM_GCC_493\Debug\regulering.o (__aeabi_dcmpeq)
c:/program files (x86)/cypress/psoc creator/3.3/psoc creator/import/gnu/arm/4.9.3/bin/../lib/gcc/arm-none-eabi/4.9.3/armv6-m\libgcc.a(_aeabi_ldivmod.o)
                              .\CortexM0\ARM_GCC_493\Debug\Design01.a(ADC.o) (__aeabi_ldivmod)
c:/program files (x86)/cypress/psoc creator/3.3/psoc creator/import/gnu/arm/4.9.3/bin/../lib/gcc/arm-none-eabi/4.9.3/armv6-m\libgcc.a(_muldi3.o)
                              .\CortexM0\ARM_GCC_493\Debug\Design01.a(ADC.o) (__aeabi_lmul)
c:/program files (x86)/cypress/psoc creator/3.3/psoc creator/import/gnu/arm/4.9.3/bin/../lib/gcc/arm-none-eabi/4.9.3/armv6-m\libgcc.a(bpabi.o)
                              c:/program files (x86)/cypress/psoc creator/3.3/psoc creator/import/gnu/arm/4.9.3/bin/../lib/gcc/arm-none-eabi/4.9.3/armv6-m\libgcc.a(_aeabi_ldivmod.o) (__gnu_ldivmod_helper)
c:/program files (x86)/cypress/psoc creator/3.3/psoc creator/import/gnu/arm/4.9.3/bin/../lib/gcc/arm-none-eabi/4.9.3/armv6-m\libgcc.a(divsf3.o)
                              .\CortexM0\ARM_GCC_493\Debug\Design01.a(ADC.o) (__aeabi_fdiv)
c:/program files (x86)/cypress/psoc creator/3.3/psoc creator/import/gnu/arm/4.9.3/bin/../lib/gcc/arm-none-eabi/4.9.3/armv6-m\libgcc.a(mulsf3.o)
[...]
Memory Configuration

Name             Origin             Length             Attributes
rom              0x00000000         0x00008000         xr
ram              0x20000000         0x00001000         xrw
*default*        0x00000000         0xffffffff

Linker script and memory map

LOAD c:/program files (x86)/cypress/psoc creator/3.3/psoc creator/import/gnu/arm/4.9.3/bin/../lib/gcc/arm-none-eabi/4.9.3/armv6-m/crti.o
LOAD c:/program files (x86)/cypress/psoc creator/3.3/psoc creator/import/gnu/arm/4.9.3/bin/../lib/gcc/arm-none-eabi/4.9.3/armv6-m/crtbegin.o
LOAD c:/program files (x86)/cypress/psoc creator/3.3/psoc creator/import/gnu/arm/4.9.3/bin/../lib/gcc/arm-none-eabi/4.9.3/../../../../arm-none-eabi/lib/armv6-m/crt0.o
START GROUP
LOAD .\CortexM0\ARM_GCC_493\Debug\main.o
LOAD .\CortexM0\ARM_GCC_493\Debug\regulering.o
LOAD .\CortexM0\ARM_GCC_493\Debug\distance.o
LOAD .\CortexM0\ARM_GCC_493\Debug\I2Cslave.o
LOAD .\CortexM0\ARM_GCC_493\Debug\test.o
LOAD .\CortexM0\ARM_GCC_493\Debug\cymetadata.o
LOAD .\CortexM0\ARM_GCC_493\Debug\Cm0Start.o
LOAD .\CortexM0\ARM_GCC_493\Debug\Design01.a
LOAD C:\Program Files (x86)\Cypress\PSoC Creator\3.3\PSoC Creator\psoc\content\cycomponentlibrary\CyComponentLibrary.cylib\CortexM0\ARM_GCC_493\Debug\CyComponentLibrary.a
END GROUP
START GROUP
LOAD c:/program files (x86)/cypress/psoc creator/3.3/psoc creator/import/gnu/arm/4.9.3/bin/../lib/gcc/arm-none-eabi/4.9.3/armv6-m\libgcc.a
LOAD c:/program files (x86)/cypress/psoc creator/3.3/psoc creator/import/gnu/arm/4.9.3/bin/../lib/gcc/arm-none-eabi/4.9.3/../../../../arm-none-eabi/lib/armv6-m\libg_nano.a
LOAD c:/program files (x86)/cypress/psoc creator/3.3/psoc creator/import/gnu/arm/4.9.3/bin/../lib/gcc/arm-none-eabi/4.9.3/../../../../arm-none-eabi/lib/armv6-m\libc_nano.a
END GROUP
START GROUP
LOAD c:/program files (x86)/cypress/psoc creator/3.3/psoc creator/import/gnu/arm/4.9.3/bin/../lib/gcc/arm-none-eabi/4.9.3/armv6-m\libgcc.a
LOAD c:/program files (x86)/cypress/psoc creator/3.3/psoc creator/import/gnu/arm/4.9.3/bin/../lib/gcc/arm-none-eabi/4.9.3/../../../../arm-none-eabi/lib/armv6-m\libc_nano.a
END GROUP
LOAD c:/program files (x86)/cypress/psoc creator/3.3/psoc creator/import/gnu/arm/4.9.3/bin/../lib/gcc/arm-none-eabi/4.9.3/armv6-m/crtend.o
LOAD c:/program files (x86)/cypress/psoc creator/3.3/psoc creator/import/gnu/arm/4.9.3/bin/../lib/gcc/arm-none-eabi/4.9.3/armv6-m/crtn.o
START GROUP
LOAD c:/program files (x86)/cypress/psoc creator/3.3/psoc creator/import/gnu/arm/4.9.3/bin/../lib/gcc/arm-none-eabi/4.9.3/armv6-m\libgcc.a
LOAD c:/program files (x86)/cypress/psoc creator/3.3/psoc creator/import/gnu/arm/4.9.3/bin/../lib/gcc/arm-none-eabi/4.9.3/../../../../arm-none-eabi/lib/armv6-m\libc.a
LOAD c:/program files (x86)/cypress/psoc creator/3.3/psoc creator/import/gnu/arm/4.9.3/bin/../lib/gcc/arm-none-eabi/4.9.3/../../../../arm-none-eabi/lib/armv6-m\libnosys.a
END GROUP
                0x00000000                CY_APPL_ORIGIN = 0x0
                0x00000080                CY_FLASH_ROW_SIZE = 0x80
                0x00000001                CY_APPL_NUM = 0x1
                0x00000001                CY_APPL_MAX = 0x1
                0x00000040                CY_METADATA_SIZE = 0x40
                0x00000000                CY_APPL_LOADABLE = 0x0
                0x00000000                CY_CHECKSUM_EXCLUDE_SIZE = ALIGN (0x0, CY_FLASH_ROW_SIZE)
                0x00000000                CY_APP_FOR_STACK_AND_COPIER = 0x0
                0x20000308                PROVIDE (__cy_heap_start, _end)
                0x00000001                PROVIDE (__cy_region_num, ((__cy_regions_end - __cy_regions) / 0x10))
                0x20001000                PROVIDE (__cy_stack, (ORIGIN (ram) + 0x1000))
                0x20000c00                PROVIDE (__cy_heap_end, (__cy_stack - 0x400))

.cybootloader   0x00000000        0x0
 *(.cybootloader)
                0x00000000                appl1_start = CY_APPL_ORIGIN?CY_APPL_ORIGIN:ALIGN (CY_FLASH_ROW_SIZE)
                0x00003f80                appl2_start = (appl1_start + ALIGN ((((0x8000 - appl1_start) - (0x2 * CY_FLASH_ROW_SIZE)) / 0x2), CY_FLASH_ROW_SIZE))
                0x00000000                appl_start = (CY_APPL_NUM == 0x1)?appl1_start:appl2_start
                0x00000001                cy_project_type_bootloader = (appl_start == 0x0)?0x1:0x0
                0x00000000                cy_project_type_app_for_stack_and_copier = (CY_APP_FOR_STACK_AND_COPIER == 0x1)?0x1:0x0

.text           0x00000000     0x330a
 CREATE_OBJECT_SYMBOLS
                0x00000000                PROVIDE (__cy_interrupt_vector, RomVectors)
 *(.romvectors)
 .romvectors    0x00000000       0x10 .\CortexM0\ARM_GCC_493\Debug\Cm0Start.o
                0x00000000                RomVectors
                0x00000001                ASSERT ((. != __cy_interrupt_vector), No interrupt vector)
                0x00000001                ASSERT (CY_APPL_ORIGIN?(SIZEOF (.cybootloader) <= CY_APPL_ORIGIN):0x1, Wrong image location)
                0x00000010                PROVIDE (__cy_reset, Reset)
 *(.text.Reset)
 .text.Reset    0x00000010        0x8 .\CortexM0\ARM_GCC_493\Debug\Cm0Start.o
                0x00000010                Reset
                0x00000001                ASSERT ((. != __cy_reset), No reset code)
 *(.psocinit)
 .psocinit      0x00000018      0x23c .\CortexM0\ARM_GCC_493\Debug\Design01.a(cyfitter_cfg.o)
                0x000000f0                cyfitter_cfg
                0x00000254                . = MAX (., 0x100)
 *(.text .text.* .gnu.linkonce.t.*)
 .text          0x00000254       0x60 c:/program files (x86)/cypress/psoc creator/3.3/psoc creator/import/gnu/arm/4.9.3/bin/../lib/gcc/arm-none-eabi/4.9.3/armv6-m/crtbegin.o
 .text.start_right
                0x000002b4       0x18 .\CortexM0\ARM_GCC_493\Debug\regulering.o
                0x000002b4                start_right
 .text.start_left
                0x000002cc       0x20 .\CortexM0\ARM_GCC_493\Debug\regulering.o
                0x000002cc                start_left
 .text.stop     0x000002ec       0x14 .\CortexM0\ARM_GCC_493\Debug\regulering.o
                0x000002ec                stop
 .text.regulateDistance
                0x00000300      0x104 .\CortexM0\ARM_GCC_493\Debug\regulering.o
                0x00000300                regulateDistance
 .text.Timer_ISR_handler
                0x00000404       0x8c .\CortexM0\ARM_GCC_493\Debug\distance.o
                0x00000404                Timer_ISR_handler
 .text.distanceToObject
                0x00000490       0x48 .\CortexM0\ARM_GCC_493\Debug\distance.o
                0x00000490                distanceToObject
 .text.initReceiveData
                0x000004d8       0x10 .\CortexM0\ARM_GCC_493\Debug\I2Cslave.o
                0x000004d8                initReceiveData
 .text.receiveData
                0x000004e8       0x2c .\CortexM0\ARM_GCC_493\Debug\I2Cslave.o
                0x000004e8                receiveData
 .text.main     0x00000514      0x118 .\CortexM0\ARM_GCC_493\Debug\test.o
                0x00000514                main
 .text.IntDefaultHandler
                0x0000062c        0x4 .\CortexM0\ARM_GCC_493\Debug\Cm0Start.o
                0x0000062c                IntDefaultHandler
 .text._sbrk    0x00000630       0x30 .\CortexM0\ARM_GCC_493\Debug\Cm0Start.o
                0x00000630                _sbrk
 .text.Start_c  0x00000660       0x48 .\CortexM0\ARM_GCC_493\Debug\Cm0Start.o
                0x00000660                Start_c
 .text.initialize_psoc
                0x000006a8       0x48 .\CortexM0\ARM_GCC_493\Debug\Cm0Start.o
                0x000006a8                initialize_psoc
 .text.cfg_write_bytes32
                0x000006f0       0x34 .\CortexM0\ARM_GCC_493\Debug\Design01.a(cyfitter_cfg.o)
 .text.CYMEMZERO
                0x00000724        0xc .\CortexM0\ARM_GCC_493\Debug\Design01.a(cyfitter_cfg.o)
 .text.SetAnalogRoutingPumps
                0x00000730       0x20 .\CortexM0\ARM_GCC_493\Debug\Design01.a(cyfitter_cfg.o)
                0x00000730                SetAnalogRoutingPumps
 .text.AnalogSetDefault
                0x00000750       0x1c .\CortexM0\ARM_GCC_493\Debug\Design01.a(cyfitter_cfg.o)
 .text.CyIntEnable
                0x0000076c       0x14 .\CortexM0\ARM_GCC_493\Debug\Design01.a(CyLib.o)
                0x0000076c                CyIntEnable
 .text.CyIntDisable
                0x00000780       0x14 .\CortexM0\ARM_GCC_493\Debug\Design01.a(CyLib.o)
                0x00000780                CyIntDisable
 .text.CyHalt   0x00000794        0x4 .\CortexM0\ARM_GCC_493\Debug\Design01.a(CyLib.o)
                0x00000794                CyHalt
 .text.CyIntSetVector
                0x00000798       0x24 .\CortexM0\ARM_GCC_493\Debug\Design01.a(CyLib.o)
                0x00000798                CyIntSetVector
 .text.CyIntSetPriority
                0x000007bc       0x4c .\CortexM0\ARM_GCC_493\Debug\Design01.a(CyLib.o)
                0x000007bc                CyIntSetPriority
 .text.CyDelay  0x00000808       0x30 .\CortexM0\ARM_GCC_493\Debug\Design01.a(CyLib.o)
                0x00000808                CyDelay
 .text.CyDelayUs
                0x00000838       0x14 .\CortexM0\ARM_GCC_493\Debug\Design01.a(CyLib.o)
                0x00000838                CyDelayUs
 .text.CySysClkWriteImoFreq
                0x0000084c      0x164 .\CortexM0\ARM_GCC_493\Debug\Design01.a(CyLib.o)
                0x0000084c                CySysClkWriteImoFreq
 .text.CySysWdtLocked
                0x000009b0       0x14 .\CortexM0\ARM_GCC_493\Debug\Design01.a(CyLFClk.o)
 .text.CySysWdtLock
                0x000009c4       0x1c .\CortexM0\ARM_GCC_493\Debug\Design01.a(CyLFClk.o)
                0x000009c4                CySysWdtLock
 .text.CySysWdtUnlock
                0x000009e0       0x30 .\CortexM0\ARM_GCC_493\Debug\Design01.a(CyLFClk.o)
                0x000009e0                CySysWdtUnlock
 .text.CySysWdtClearInterrupt
                0x00000a10       0x4c .\CortexM0\ARM_GCC_493\Debug\Design01.a(CyLFClk.o)
                0x00000a10                CySysWdtClearInterrupt
 .text.CySysWdtIsr
                0x00000a5c       0xa4 .\CortexM0\ARM_GCC_493\Debug\Design01.a(CyLFClk.o)
                0x00000a5c                CySysWdtIsr
 .text.PWM_hojre_WriteCompare
                0x00000b00        0xc .\CortexM0\ARM_GCC_493\Debug\Design01.a(PWM_hojre.o)
                0x00000b00                PWM_hojre_WriteCompare
 .text.PWM_hojre_ReadCompare
                0x00000b0c        0xc .\CortexM0\ARM_GCC_493\Debug\Design01.a(PWM_hojre.o)
                0x00000b0c                PWM_hojre_ReadCompare
 .text.ADC_Init
                0x00000b18      0x18c .\CortexM0\ARM_GCC_493\Debug\Design01.a(ADC.o)
                0x00000b18                ADC_Init
 .text.ADC_Enable
                0x00000ca4       0x24 .\CortexM0\ARM_GCC_493\Debug\Design01.a(ADC.o)
                0x00000ca4                ADC_Enable
 .text.ADC_Start
                0x00000cc8       0x20 .\CortexM0\ARM_GCC_493\Debug\Design01.a(ADC.o)
                0x00000cc8                ADC_Start
 .text.ADC_StartConvert
                0x00000ce8       0x14 .\CortexM0\ARM_GCC_493\Debug\Design01.a(ADC.o)
                0x00000ce8                ADC_StartConvert
 .text.ADC_ISR  0x00000cfc        0xc .\CortexM0\ARM_GCC_493\Debug\Design01.a(ADC_INT.o)
                0x00000cfc                ADC_ISR
 .text.PWM_venstre_Enable
                0x00000d08       0x10 .\CortexM0\ARM_GCC_493\Debug\Design01.a(PWM_venstre.o)
                0x00000d08                PWM_venstre_Enable
 .text.PWM_venstre_WriteCounter
                0x00000d18        0xc .\CortexM0\ARM_GCC_493\Debug\Design01.a(PWM_venstre.o)
                0x00000d18                PWM_venstre_WriteCounter
 .text.PWM_venstre_WritePeriod
                0x00000d24        0xc .\CortexM0\ARM_GCC_493\Debug\Design01.a(PWM_venstre.o)
                0x00000d24                PWM_venstre_WritePeriod
 .text.PWM_venstre_WriteCompare
                0x00000d30        0xc .\CortexM0\ARM_GCC_493\Debug\Design01.a(PWM_venstre.o)
                0x00000d30                PWM_venstre_WriteCompare
 .text.PWM_venstre_SetInterruptMode
                0x00000d3c        0xc .\CortexM0\ARM_GCC_493\Debug\Design01.a(PWM_venstre.o)
                0x00000d3c                PWM_venstre_SetInterruptMode
 .text.PWM_venstre_ReadStatusRegister
                0x00000d48        0xc .\CortexM0\ARM_GCC_493\Debug\Design01.a(PWM_venstre.o)
                0x00000d48                PWM_venstre_ReadStatusRegister
 .text.PWM_venstre_ReadCapture
                0x00000d54        0xc .\CortexM0\ARM_GCC_493\Debug\Design01.a(PWM_venstre.o)
                0x00000d54                PWM_venstre_ReadCapture
 .text.PWM_venstre_ClearFIFO
                0x00000d60       0x14 .\CortexM0\ARM_GCC_493\Debug\Design01.a(PWM_venstre.o)
                0x00000d60                PWM_venstre_ClearFIFO
 .text.PWM_venstre_Init
                0x00000d74       0x50 .\CortexM0\ARM_GCC_493\Debug\Design01.a(PWM_venstre.o)
                0x00000d74                PWM_venstre_Init
 .text.PWM_venstre_Start
                0x00000dc4       0x20 .\CortexM0\ARM_GCC_493\Debug\Design01.a(PWM_venstre.o)
                0x00000dc4                PWM_venstre_Start
 .text.PWM_venstre_ReadCompare
                0x00000de4        0xc .\CortexM0\ARM_GCC_493\Debug\Design01.a(PWM_venstre.o)
                0x00000de4                PWM_venstre_ReadCompare
 .text.Trig_Write
                0x00000df0       0x18 .\CortexM0\ARM_GCC_493\Debug\Design01.a(Trig.o)
                0x00000df0                Trig_Write
 .text.Timer_Enable
                0x00000e08       0x1c .\CortexM0\ARM_GCC_493\Debug\Design01.a(Timer.o)
                0x00000e08                Timer_Enable
 .text.Timer_WriteCounter
                0x00000e24       0x10 .\CortexM0\ARM_GCC_493\Debug\Design01.a(Timer.o)
                0x00000e24                Timer_WriteCounter
 .text.Timer_ReadCounter
                0x00000e34       0x10 .\CortexM0\ARM_GCC_493\Debug\Design01.a(Timer.o)
                0x00000e34                Timer_ReadCounter
 .text.Timer_WritePeriod
                0x00000e44       0x10 .\CortexM0\ARM_GCC_493\Debug\Design01.a(Timer.o)
                0x00000e44                Timer_WritePeriod
 .text.Timer_SetInterruptMode
                0x00000e54        0xc .\CortexM0\ARM_GCC_493\Debug\Design01.a(Timer.o)
                0x00000e54                Timer_SetInterruptMode
 .text.Timer_Init
                0x00000e60       0x30 .\CortexM0\ARM_GCC_493\Debug\Design01.a(Timer.o)
                0x00000e60                Timer_Init
 .text.Timer_Start
                0x00000e90       0x20 .\CortexM0\ARM_GCC_493\Debug\Design01.a(Timer.o)
                0x00000e90                Timer_Start
 .text.Timer_ClearInterrupt
                0x00000eb0        0xc .\CortexM0\ARM_GCC_493\Debug\Design01.a(Timer.o)
                0x00000eb0                Timer_ClearInterrupt
 .text.ISR_SetVector
                0x00000ebc        0xc .\CortexM0\ARM_GCC_493\Debug\Design01.a(ISR.o)
                0x00000ebc                ISR_SetVector
 .text.ISR_SetPriority
                0x00000ec8       0x20 .\CortexM0\ARM_GCC_493\Debug\Design01.a(ISR.o)
                0x00000ec8                ISR_SetPriority
 .text.ISR_Enable
                0x00000ee8       0x10 .\CortexM0\ARM_GCC_493\Debug\Design01.a(ISR.o)
                0x00000ee8                ISR_Enable
 .text.ISR_Disable
                0x00000ef8       0x10 .\CortexM0\ARM_GCC_493\Debug\Design01.a(ISR.o)
                0x00000ef8                ISR_Disable
 .text.ISR_StartEx
                0x00000f08       0x1c .\CortexM0\ARM_GCC_493\Debug\Design01.a(ISR.o)
                0x00000f08                ISR_StartEx
 .text.UART_print_ScbModePostEnable
                0x00000f24        0x8 .\CortexM0\ARM_GCC_493\Debug\Design01.a(UART_print.o)
 .text.UART_print_Init
                0x00000f2c        0x8 .\CortexM0\ARM_GCC_493\Debug\Design01.a(UART_print.o)
                0x00000f2c                UART_print_Init
 .text.UART_print_Enable
                0x00000f34       0x18 .\CortexM0\ARM_GCC_493\Debug\Design01.a(UART_print.o)
                0x00000f34                UART_print_Enable
 .text.UART_print_Start
                0x00000f4c       0x20 .\CortexM0\ARM_GCC_493\Debug\Design01.a(UART_print.o)
                0x00000f4c                UART_print_Start
 .text.UART_print_UartInit
                0x00000f6c       0x90 .\CortexM0\ARM_GCC_493\Debug\Design01.a(UART_print_UART.o)
                0x00000f6c                UART_print_UartInit
 .text.UART_print_UartPostEnable
                0x00000ffc       0x1c .\CortexM0\ARM_GCC_493\Debug\Design01.a(UART_print_UART.o)
                0x00000ffc                UART_print_UartPostEnable
 .text.UART_print_UartPutString
                0x00001018       0x18 .\CortexM0\ARM_GCC_493\Debug\Design01.a(UART_print_UART.o)
                0x00001018                UART_print_UartPutString
 .text.I2C_1_ScbEnableIntr
                0x00001030        0xc .\CortexM0\ARM_GCC_493\Debug\Design01.a(I2C_1.o)
 .text.I2C_1_Init
                0x0000103c        0x8 .\CortexM0\ARM_GCC_493\Debug\Design01.a(I2C_1.o)
                0x0000103c                I2C_1_Init
 .text.I2C_1_Enable
                0x00001044       0x18 .\CortexM0\ARM_GCC_493\Debug\Design01.a(I2C_1.o)
                0x00001044                I2C_1_Enable
 .text.I2C_1_Start
                0x0000105c       0x20 .\CortexM0\ARM_GCC_493\Debug\Design01.a(I2C_1.o)
                0x0000105c                I2C_1_Start
 .text.I2C_1_I2CSlaveNackGeneration
                0x0000107c       0x3c .\CortexM0\ARM_GCC_493\Debug\Design01.a(I2C_1.o)
                0x0000107c                I2C_1_I2CSlaveNackGeneration
 .text.I2C_1_I2CInit
                0x000010b8       0xd8 .\CortexM0\ARM_GCC_493\Debug\Design01.a(I2C_1_I2C.o)
                0x000010b8                I2C_1_I2CInit
 .text.I2C_1_I2CSlaveStatus
                0x00001190        0xc .\CortexM0\ARM_GCC_493\Debug\Design01.a(I2C_1_I2C_SLAVE.o)
                0x00001190                I2C_1_I2CSlaveStatus
 .text.I2C_1_I2CSlaveClearReadStatus
                0x0000119c       0x28 .\CortexM0\ARM_GCC_493\Debug\Design01.a(I2C_1_I2C_SLAVE.o)
                0x0000119c                I2C_1_I2CSlaveClearReadStatus
 .text.I2C_1_I2CSlaveInitWriteBuf
                0x000011c4       0x34 .\CortexM0\ARM_GCC_493\Debug\Design01.a(I2C_1_I2C_SLAVE.o)
                0x000011c4                I2C_1_I2CSlaveInitWriteBuf
 .text.I2C_1_I2CSlaveGetWriteBufSize
                0x000011f8        0xc .\CortexM0\ARM_GCC_493\Debug\Design01.a(I2C_1_I2C_SLAVE.o)
                0x000011f8                I2C_1_I2CSlaveGetWriteBufSize
 .text.I2C_1_I2CSlaveClearReadBuf
                0x00001204        0xc .\CortexM0\ARM_GCC_493\Debug\Design01.a(I2C_1_I2C_SLAVE.o)
                0x00001204                I2C_1_I2CSlaveClearReadBuf
 .text.I2C_1_I2CSlaveClearWriteBuf
                0x00001210        0xc .\CortexM0\ARM_GCC_493\Debug\Design01.a(I2C_1_I2C_SLAVE.o)
                0x00001210                I2C_1_I2CSlaveClearWriteBuf
 *fill*         0x0000121c        0x4 
 .text          0x00001220       0x28 .\CortexM0\ARM_GCC_493\Debug\Design01.a(CyBootAsmGnu.o)
                0x00001220                CyDelayCycles
                0x00001234                CyEnterCriticalSection
                0x0000123c                CyExitCriticalSection
 .text.UART_print_SpiUartWriteTxData
                0x00001248       0x1c .\CortexM0\ARM_GCC_493\Debug\Design01.a(UART_print_SPI_UART.o)
                0x00001248                UART_print_SpiUartWriteTxData
 .text.I2C_1_I2C_ISR
                0x00001264      0x418 .\CortexM0\ARM_GCC_493\Debug\Design01.a(I2C_1_I2C_INT.o)
                0x00001264                I2C_1_I2C_ISR
 .text          0x0000167c      0x120 c:/program files (x86)/cypress/psoc creator/3.3/psoc creator/import/gnu/arm/4.9.3/bin/../lib/gcc/arm-none-eabi/4.9.3/armv6-m\libgcc.a(_udivsi3.o)
                0x0000167c                __aeabi_uidiv
                0x0000167c                __udivsi3
                0x00001788                __aeabi_uidivmod
 .text          0x0000179c      0x1e0 c:/program files (x86)/cypress/psoc creator/3.3/psoc creator/import/gnu/arm/4.9.3/bin/../lib/gcc/arm-none-eabi/4.9.3/armv6-m\libgcc.a(_divsi3.o)
                0x0000179c                __divsi3
                0x0000179c                __aeabi_idiv
                0x00001968                __aeabi_idivmod
 .text          0x0000197c        0x4 c:/program files (x86)/cypress/psoc creator/3.3/psoc creator/import/gnu/arm/4.9.3/bin/../lib/gcc/arm-none-eabi/4.9.3/armv6-m\libgcc.a(_dvmd_tls.o)
                0x0000197c                __aeabi_idiv0
                0x0000197c                __aeabi_ldiv0
 .text          0x00001980       0x7c c:/program files (x86)/cypress/psoc creator/3.3/psoc creator/import/gnu/arm/4.9.3/bin/../lib/gcc/arm-none-eabi/4.9.3/armv6-m\libgcc.a(_arm_cmpdf2.o)
                0x00001980                __aeabi_cdrcmple
                0x00001990                __aeabi_cdcmple
                0x00001990                __aeabi_cdcmpeq
                0x000019a0                __aeabi_dcmpeq
                0x000019ac                __aeabi_dcmplt
                0x000019c0                __aeabi_dcmple
                0x000019d4                __aeabi_dcmpgt
                0x000019e8                __aeabi_dcmpge
 .text          0x000019fc      0x650 c:/program files (x86)/cypress/psoc creator/3.3/psoc creator/import/gnu/arm/4.9.3/bin/../lib/gcc/arm-none-eabi/4.9.3/armv6-m\libgcc.a(adddf3.o)
                0x000019fc                __aeabi_dadd
 .text          0x0000204c       0x88 c:/program files (x86)/cypress/psoc creator/3.3/psoc creator/import/gnu/arm/4.9.3/bin/../lib/gcc/arm-none-eabi/4.9.3/armv6-m\libgcc.a(eqdf2.o)
                0x0000204c                __nedf2
                0x0000204c                __eqdf2
 .text          0x000020d4       0xe0 c:/program files (x86)/cypress/psoc creator/3.3/psoc creator/import/gnu/arm/4.9.3/bin/../lib/gcc/arm-none-eabi/4.9.3/armv6-m\libgcc.a(gedf2.o)
                0x000020d4                __gedf2
                0x000020d4                __gtdf2
 .text          0x000021b4       0xcc c:/program files (x86)/cypress/psoc creator/3.3/psoc creator/import/gnu/arm/4.9.3/bin/../lib/gcc/arm-none-eabi/4.9.3/armv6-m\libgcc.a(ledf2.o)
                0x000021b4                __ledf2
                0x000021b4                __ltdf2
 .text          0x00002280      0x6f4 c:/program files (x86)/cypress/psoc creator/3.3/psoc creator/import/gnu/arm/4.9.3/bin/../lib/gcc/arm-none-eabi/4.9.3/armv6-m\libgcc.a(subdf3.o)
                0x00002280                __aeabi_dsub
 .text          0x00002974       0x6c c:/program files (x86)/cypress/psoc creator/3.3/psoc creator/import/gnu/arm/4.9.3/bin/../lib/gcc/arm-none-eabi/4.9.3/armv6-m\libgcc.a(fixdfsi.o)
                0x00002974                __aeabi_d2iz
 .text          0x000029e0       0x78 c:/program files (x86)/cypress/psoc creator/3.3/psoc creator/import/gnu/arm/4.9.3/bin/../lib/gcc/arm-none-eabi/4.9.3/armv6-m\libgcc.a(floatsidf.o)
                0x000029e0                __aeabi_i2d
 .text          0x00002a58       0x3c c:/program files (x86)/cypress/psoc creator/3.3/psoc creator/import/gnu/arm/4.9.3/bin/../lib/gcc/arm-none-eabi/4.9.3/armv6-m\libgcc.a(_clzsi2.o)
                0x00002a58                __clzsi2
 .text.__errno  0x00002a94        0xc c:/program files (x86)/cypress/psoc creator/3.3/psoc creator/import/gnu/arm/4.9.3/bin/../lib/gcc/arm-none-eabi/4.9.3/../../../../arm-none-eabi/lib/armv6-m\libg_nano.a(lib_a-errno.o)
                0x00002a94                __errno
 .text.__libc_init_array
                0x00002aa0       0x4c c:/program files (x86)/cypress/psoc creator/3.3/psoc creator/import/gnu/arm/4.9.3/bin/../lib/gcc/arm-none-eabi/4.9.3/../../../../arm-none-eabi/lib/armv6-m\libg_nano.a(lib_a-init.o)
                0x00002aa0                __libc_init_array
 .text.memset   0x00002aec       0x10 c:/program files (x86)/cypress/psoc creator/3.3/psoc creator/import/gnu/arm/4.9.3/bin/../lib/gcc/arm-none-eabi/4.9.3/../../../../arm-none-eabi/lib/armv6-m\libg_nano.a(lib_a-memset.o)
                0x00002aec                memset
 .text.sprintf  0x00002afc       0x44 c:/program files (x86)/cypress/psoc creator/3.3/psoc creator/import/gnu/arm/4.9.3/bin/../lib/gcc/arm-none-eabi/4.9.3/../../../../arm-none-eabi/lib/armv6-m\libg_nano.a(lib_a-sprintf.o)
                0x00002afc                siprintf
                0x00002afc                sprintf
 .text.__ssputs_r
                0x00002b40       0xc0 c:/program files (x86)/cypress/psoc creator/3.3/psoc creator/import/gnu/arm/4.9.3/bin/../lib/gcc/arm-none-eabi/4.9.3/../../../../arm-none-eabi/lib/armv6-m\libg_nano.a(lib_a-nano-svfprintf.o)
                0x00002b40                __ssputs_r
 .text._svfprintf_r
                0x00002c00      0x1ec c:/program files (x86)/cypress/psoc creator/3.3/psoc creator/import/gnu/arm/4.9.3/bin/../lib/gcc/arm-none-eabi/4.9.3/../../../../arm-none-eabi/lib/armv6-m\libg_nano.a(lib_a-nano-svfprintf.o)
                0x00002c00                _svfiprintf_r
                0x00002c00                _svfprintf_r
 .text._printf_common
                0x00002dec       0xdc c:/program files (x86)/cypress/psoc creator/3.3/psoc creator/import/gnu/arm/4.9.3/bin/../lib/gcc/arm-none-eabi/4.9.3/../../../../arm-none-eabi/lib/armv6-m\libg_nano.a(lib_a-nano-vfprintf_i.o)
                0x00002dec                _printf_common
 .text._printf_i
                0x00002ec8      0x230 c:/program files (x86)/cypress/psoc creator/3.3/psoc creator/import/gnu/arm/4.9.3/bin/../lib/gcc/arm-none-eabi/4.9.3/../../../../arm-none-eabi/lib/armv6-m\libg_nano.a(lib_a-nano-vfprintf_i.o)
                0x00002ec8                _printf_i
 .text.memchr   0x000030f8       0x16 c:/program files (x86)/cypress/psoc creator/3.3/psoc creator/import/gnu/arm/4.9.3/bin/../lib/gcc/arm-none-eabi/4.9.3/../../../../arm-none-eabi/lib/armv6-m\libg_nano.a(lib_a-memchr.o)
                0x000030f8                memchr
 .text.memcpy   0x0000310e       0x12 c:/program files (x86)/cypress/psoc creator/3.3/psoc creator/import/gnu/arm/4.9.3/bin/../lib/gcc/arm-none-eabi/4.9.3/../../../../arm-none-eabi/lib/armv6-m\libg_nano.a(lib_a-memcpy.o)
                0x0000310e                memcpy
 .text.memmove  0x00003120       0x28 c:/program files (x86)/cypress/psoc creator/3.3/psoc creator/import/gnu/arm/4.9.3/bin/../lib/gcc/arm-none-eabi/4.9.3/../../../../arm-none-eabi/lib/armv6-m\libg_nano.a(lib_a-memmove.o)
                0x00003120                memmove
 .text._free_r  0x00003148       0x8c c:/program files (x86)/cypress/psoc creator/3.3/psoc creator/import/gnu/arm/4.9.3/bin/../lib/gcc/arm-none-eabi/4.9.3/../../../../arm-none-eabi/lib/armv6-m\libg_nano.a(lib_a-nano-freer.o)
                0x00003148                _free_r
 .text._malloc_r
                0x000031d4       0xb0 c:/program files (x86)/cypress/psoc creator/3.3/psoc creator/import/gnu/arm/4.9.3/bin/../lib/gcc/arm-none-eabi/4.9.3/../../../../arm-none-eabi/lib/armv6-m\libg_nano.a(lib_a-nano-mallocr.o)
                0x000031d4                _malloc_r
 .text._realloc_r
                0x00003284       0x4c c:/program files (x86)/cypress/psoc creator/3.3/psoc creator/import/gnu/arm/4.9.3/bin/../lib/gcc/arm-none-eabi/4.9.3/../../../../arm-none-eabi/lib/armv6-m\libg_nano.a(lib_a-nano-reallocr.o)
                0x00003284                _realloc_r
 .text._sbrk_r  0x000032d0       0x24 c:/program files (x86)/cypress/psoc creator/3.3/psoc creator/import/gnu/arm/4.9.3/bin/../lib/gcc/arm-none-eabi/4.9.3/../../../../arm-none-eabi/lib/armv6-m\libg_nano.a(lib_a-sbrkr.o)
                0x000032d0                _sbrk_r
 .text._malloc_usable_size_r
                0x000032f4       0x16 c:/program files (x86)/cypress/psoc creator/3.3/psoc creator/import/gnu/arm/4.9.3/bin/../lib/gcc/arm-none-eabi/4.9.3/../../../../arm-none-eabi/lib/armv6-m\libg_nano.a(lib_a-nano-msizer.o)
                0x000032f4                _malloc_usable_size_r
 *(.plt)
 *(.gnu.warning)
 *(.glue_7t)
 .glue_7t       0x00000000        0x0 linker stubs
 *(.glue_7)
 .glue_7        0x00000000        0x0 linker stubs
 *(.vfp11_veneer)
 .vfp11_veneer  0x00000000        0x0 linker stubs
 *(.bootloader)
 *(.ARM.extab* .gnu.linkonce.armextab.*)
 *(.gcc_except_table)

.v4_bx          0x0000330c        0x0
 .v4_bx         0x00000000        0x0 linker stubs

.iplt           0x0000330c        0x0
 .iplt          0x00000000        0x0 c:/program files (x86)/cypress/psoc creator/3.3/psoc creator/import/gnu/arm/4.9.3/bin/../lib/gcc/arm-none-eabi/4.9.3/armv6-m/crtbegin.o

.eh_frame_hdr
 *(.eh_frame_hdr)

.eh_frame       0x0000330c        0x4
 *(.eh_frame)
 .eh_frame      0x0000330c        0x0 c:/program files (x86)/cypress/psoc creator/3.3/psoc creator/import/gnu/arm/4.9.3/bin/../lib/gcc/arm-none-eabi/4.9.3/armv6-m/crtbegin.o
 .eh_frame      0x0000330c        0x4 c:/program files (x86)/cypress/psoc creator/3.3/psoc creator/import/gnu/arm/4.9.3/bin/../lib/gcc/arm-none-eabi/4.9.3/armv6-m/crtend.o
                0x00003310                PROVIDE (__exidx_start, .)

.ARM.exidx
 *(.ARM.exidx* .gnu.linkonce.armexidx.*)
                0x00003310                __exidx_end = .

.rodata         0x00003310      0x2e8
 *(.rodata .rodata.* .gnu.linkonce.r.*)
 .rodata.str1.4
                0x00003310        0xc .\CortexM0\ARM_GCC_493\Debug\distance.o
 .rodata        0x0000331c       0xec .\CortexM0\ARM_GCC_493\Debug\test.o
                0x00003404                setDistance
 .rodata        0x00003408      0x144 .\CortexM0\ARM_GCC_493\Debug\Design01.a(cyfitter_cfg.o)
 .rodata        0x0000354c       0x30 .\CortexM0\ARM_GCC_493\Debug\Design01.a(CyLib.o)
                0x0000354c                cyImoFreqMhz2Reg
 .rodata        0x0000357c        0xc .\CortexM0\ARM_GCC_493\Debug\Design01.a(ADC.o)
 .rodata.str1.1
                0x00003588        0x2 c:/program files (x86)/cypress/psoc creator/3.3/psoc creator/import/gnu/arm/4.9.3/bin/../lib/gcc/arm-none-eabi/4.9.3/../../../../arm-none-eabi/lib/armv6-m\libg_nano.a(lib_a-impure.o)
 .rodata.str1.1
                0x0000358a       0x11 c:/program files (x86)/cypress/psoc creator/3.3/psoc creator/import/gnu/arm/4.9.3/bin/../lib/gcc/arm-none-eabi/4.9.3/../../../../arm-none-eabi/lib/armv6-m\libg_nano.a(lib_a-nano-svfprintf.o)
 .rodata.str1.1
                0x0000359b       0x22 c:/program files (x86)/cypress/psoc creator/3.3/psoc creator/import/gnu/arm/4.9.3/bin/../lib/gcc/arm-none-eabi/4.9.3/../../../../arm-none-eabi/lib/armv6-m\libg_nano.a(lib_a-nano-vfprintf_i.o)
                0x000035c0                . = ALIGN (0x4)
 *fill*         0x000035bd        0x3 
 *(.init)
 .init          0x000035c0        0x4 c:/program files (x86)/cypress/psoc creator/3.3/psoc creator/import/gnu/arm/4.9.3/bin/../lib/gcc/arm-none-eabi/4.9.3/armv6-m/crti.o
                0x000035c0                _init
 .init          0x000035c4        0x8 c:/program files (x86)/cypress/psoc creator/3.3/psoc creator/import/gnu/arm/4.9.3/bin/../lib/gcc/arm-none-eabi/4.9.3/armv6-m/crtn.o
                0x000035cc                . = ALIGN (0x4)
                0x000035cc                __preinit_array_start = .
 *(.preinit_array)
                0x000035cc                __preinit_array_end = .
                0x000035cc                . = ALIGN (0x4)
                0x000035cc                __init_array_start = .
 *(SORT(.init_array.*))
 *(.init_array)
 .init_array    0x000035cc        0x4 c:/program files (x86)/cypress/psoc creator/3.3/psoc creator/import/gnu/arm/4.9.3/bin/../lib/gcc/arm-none-eabi/4.9.3/armv6-m/crtbegin.o
 .init_array    0x000035d0        0x4 .\CortexM0\ARM_GCC_493\Debug\Cm0Start.o
                0x000035d4                __init_array_end = .
                0x000035d4                . = ALIGN (0x4)
 *(.fini)
 .fini          0x000035d4        0x4 c:/program files (x86)/cypress/psoc creator/3.3/psoc creator/import/gnu/arm/4.9.3/bin/../lib/gcc/arm-none-eabi/4.9.3/armv6-m/crti.o
                0x000035d4                _fini
 .fini          0x000035d8        0x8 c:/program files (x86)/cypress/psoc creator/3.3/psoc creator/import/gnu/arm/4.9.3/bin/../lib/gcc/arm-none-eabi/4.9.3/armv6-m/crtn.o
                0x000035e0                . = ALIGN (0x4)
                0x000035e0                __fini_array_start = .
 *(.fini_array)
 .fini_array    0x000035e0        0x4 c:/program files (x86)/cypress/psoc creator/3.3/psoc creator/import/gnu/arm/4.9.3/bin/../lib/gcc/arm-none-eabi/4.9.3/armv6-m/crtbegin.o
 *(SORT(.fini_array.*))
                0x000035e4                __fini_array_end = .
                0x000035e4                . = ALIGN (0x4)
 *crtbegin.o(.ctors)
 *(EXCLUDE_FILE(*crtend.o) .ctors)
 *(SORT(.ctors.*))
 *crtend.o(.ctors)
                0x000035e4                . = ALIGN (0x4)
 *crtbegin.o(.dtors)
 *(EXCLUDE_FILE(*crtend.o) .dtors)
 *(SORT(.dtors.*))
 *crtend.o(.dtors)
                0x000035e4                . = ALIGN (0x4)
                0x000035e4                __cy_regions = .
                0x000035e4        0x4 LONG 0x35f8 __cy_region_init_ram
                0x000035e8        0x4 LONG 0x200000c8 __cy_region_start_data
                0x000035ec        0x4 LONG 0x188 __cy_region_init_size_ram
                0x000035f0        0x4 LONG 0xb8 __cy_region_zero_size_ram
                0x000035f4                __cy_regions_end = .
                0x000035f8                . = ALIGN (0x8)
 *fill*         0x000035f4        0x4 
                0x000035f8                _etext = .

.cy_checksum_exclude
                0x000035f8        0x0
 *(.cy_checksum_exclude)

.ramvectors     0x20000000       0xc0
                0x20000000                __cy_region_start_ram = .
 *(.ramvectors)
 .ramvectors    0x20000000       0xc0 .\CortexM0\ARM_GCC_493\Debug\Cm0Start.o
                0x20000000                CyRamVectors

.noinit         0x200000c0        0x4
 *(.noinit)
 .noinit        0x200000c0        0x4 .\CortexM0\ARM_GCC_493\Debug\Cm0Start.o

.data           0x200000c8      0x188 load address 0x000035f8
                0x200000c8                __cy_region_start_data = .
 *(.jcr)
 .jcr           0x200000c8        0x0 c:/program files (x86)/cypress/psoc creator/3.3/psoc creator/import/gnu/arm/4.9.3/bin/../lib/gcc/arm-none-eabi/4.9.3/armv6-m/crtbegin.o
 .jcr           0x200000c8        0x4 c:/program files (x86)/cypress/psoc creator/3.3/psoc creator/import/gnu/arm/4.9.3/bin/../lib/gcc/arm-none-eabi/4.9.3/armv6-m/crtend.o
 *(.got.plt)
 *(.got)
 *(.shdata)
 *(.data .data.* .gnu.linkonce.d.*)
 .data          0x200000cc       0x20 .\CortexM0\ARM_GCC_493\Debug\distance.o
                0x200000cc                test_string1
                0x200000dc                test_string2
 .data          0x200000ec       0xe4 .\CortexM0\ARM_GCC_493\Debug\test.o
                0x200000ec                test2
                0x20000108                test1
                0x20000120                test3
                0x2000013c                test4
                0x2000015c                test5
                0x20000178                test6
                0x2000019c                test7
                0x200001b0                test8
                0x200001cc                distanceFlag
 .data          0x200001d0        0x4 .\CortexM0\ARM_GCC_493\Debug\Cm0Start.o
 .data          0x200001d4       0x10 .\CortexM0\ARM_GCC_493\Debug\Design01.a(CyLib.o)
                0x200001d4                cydelay32kMs
                0x200001d8                cydelayFreqKhz
                0x200001dc                cydelayFreqMhz
                0x200001e0                cydelayFreqHz
 .data          0x200001e4        0x4 .\CortexM0\ARM_GCC_493\Debug\Design01.a(CyLFClk.o)
 .data.impure_data
                0x200001e8       0x60 c:/program files (x86)/cypress/psoc creator/3.3/psoc creator/import/gnu/arm/4.9.3/bin/../lib/gcc/arm-none-eabi/4.9.3/../../../../arm-none-eabi/lib/armv6-m\libg_nano.a(lib_a-impure.o)
 .data._impure_ptr
                0x20000248        0x4 c:/program files (x86)/cypress/psoc creator/3.3/psoc creator/import/gnu/arm/4.9.3/bin/../lib/gcc/arm-none-eabi/4.9.3/../../../../arm-none-eabi/lib/armv6-m\libg_nano.a(lib_a-impure.o)
                0x20000248                _impure_ptr
                0x20000250                . = ALIGN (0x8)
 *fill*         0x2000024c        0x4 
 *(.ram)
                0x20000250                _edata = .

.igot.plt       0x20000250        0x0 load address 0x00003780
 .igot.plt      0x00000000        0x0 c:/program files (x86)/cypress/psoc creator/3.3/psoc creator/import/gnu/arm/4.9.3/bin/../lib/gcc/arm-none-eabi/4.9.3/armv6-m/crtbegin.o

.bss            0x20000250       0xb8 load address 0x00003780
                0x20000250                PROVIDE (__bss_start__, .)
 *(.shbss)
 *(.bss .bss.* .gnu.linkonce.b.*)
 .bss           0x20000250       0x1c c:/program files (x86)/cypress/psoc creator/3.3/psoc creator/import/gnu/arm/4.9.3/bin/../lib/gcc/arm-none-eabi/4.9.3/armv6-m/crtbegin.o
 .bss           0x2000026c        0x8 .\CortexM0\ARM_GCC_493\Debug\distance.o
 .bss           0x20000274       0x10 .\CortexM0\ARM_GCC_493\Debug\test.o
                0x20000274                buffer
                0x20000278                mode
                0x2000027c                start
                0x2000027d                readObjData
                0x20000280                i
 .bss           0x20000284       0x1c .\CortexM0\ARM_GCC_493\Debug\Design01.a(CyLFClk.o)
 .bss           0x200002a0        0x1 .\CortexM0\ARM_GCC_493\Debug\Design01.a(ADC.o)
                0x200002a0                ADC_initVar
 .bss           0x200002a1        0x1 .\CortexM0\ARM_GCC_493\Debug\Design01.a(PWM_venstre.o)
                0x200002a1                PWM_venstre_initVar
 .bss           0x200002a2        0x1 .\CortexM0\ARM_GCC_493\Debug\Design01.a(Timer.o)
                0x200002a2                Timer_initVar
 .bss           0x200002a3        0x1 .\CortexM0\ARM_GCC_493\Debug\Design01.a(UART_print.o)
                0x200002a3                UART_print_initVar
 .bss           0x200002a4        0x8 .\CortexM0\ARM_GCC_493\Debug\Design01.a(I2C_1.o)
                0x200002a4                I2C_1_initVar
                0x200002a8                I2C_1_customIntrHandler
 .bss.__malloc_sbrk_start
                0x200002ac        0x4 c:/program files (x86)/cypress/psoc creator/3.3/psoc creator/import/gnu/arm/4.9.3/bin/../lib/gcc/arm-none-eabi/4.9.3/../../../../arm-none-eabi/lib/armv6-m\libg_nano.a(lib_a-nano-mallocr.o)
                0x200002ac                __malloc_sbrk_start
 .bss.__malloc_free_list
                0x200002b0        0x4 c:/program files (x86)/cypress/psoc creator/3.3/psoc creator/import/gnu/arm/4.9.3/bin/../lib/gcc/arm-none-eabi/4.9.3/../../../../arm-none-eabi/lib/armv6-m\libg_nano.a(lib_a-nano-mallocr.o)
                0x200002b0                __malloc_free_list
 *(COMMON)
 COMMON         0x200002b4       0x18 .\CortexM0\ARM_GCC_493\Debug\distance.o
                0x200002b4                p2
                0x200002b8                value
 COMMON         0x200002cc        0x4 .\CortexM0\ARM_GCC_493\Debug\I2Cslave.o
                0x200002cc                wrbuf
 COMMON         0x200002d0        0xc .\CortexM0\ARM_GCC_493\Debug\Design01.a(ADC.o)
                0x200002d0                ADC_countsPer10Volt
                0x200002d8                ADC_offset
 COMMON         0x200002dc        0x1 .\CortexM0\ARM_GCC_493\Debug\Design01.a(I2C_1_I2C.o)
                0x200002dc                I2C_1_state
 *fill*         0x200002dd        0x3 
 COMMON         0x200002e0       0x20 .\CortexM0\ARM_GCC_493\Debug\Design01.a(I2C_1_I2C_SLAVE.o)
                0x200002e0                I2C_1_slRdBufIndex
                0x200002e4                I2C_1_slOverFlowCount
                0x200002e5                I2C_1_slStatus
                0x200002e8                I2C_1_slWrBufSize
                0x200002ec                I2C_1_slRdBufPtr
                0x200002f0                I2C_1_slRdBufIndexTmp
                0x200002f4                I2C_1_slWrBufIndex
                0x200002f8                I2C_1_slWrBufPtr
                0x200002fc                I2C_1_slRdBufSize
 COMMON         0x20000300        0x4 c:/program files (x86)/cypress/psoc creator/3.3/psoc creator/import/gnu/arm/4.9.3/bin/../lib/gcc/arm-none-eabi/4.9.3/../../../../arm-none-eabi/lib/armv6-m\libg_nano.a(lib_a-reent.o)
                0x20000300                errno
                0x20000308                . = ALIGN (0x8)
 *fill*         0x20000304        0x4 
 *(.ram.b)
                0x20000308                _end = .
                0x20000308                __end = .
                0x20000308                PROVIDE (end, .)
                0x20000308                PROVIDE (__bss_end__, .)
                0x000035f8                __cy_region_init_ram = LOADADDR (.data)
                0x00000188                __cy_region_init_size_ram = (_edata - ADDR (.data))
                0x000000b8                __cy_region_zero_size_ram = (_end - _edata)

.heap           0x20000308       0x80 load address 0x00003780
                0x20000308                . = _end
                0x20000388                . = (. + 0x80)
 *fill*         0x20000308       0x80 
                0x20000388                __cy_heap_limit = .

.stack          0x20000c00      0x400
                0x20000c00                __cy_stack_limit = .
                0x20001000                . = (. + 0x400)
 *fill*         0x20000c00      0x400 
                0x00000001                ASSERT ((__cy_stack_limit >= __cy_heap_limit), region RAM overflowed with stack)
                0x00000000                cy_checksum_exclude_size = (CY_APPL_LOADABLE == 0x1)?SIZEOF (.cy_checksum_exclude):0x0
                0x00000001                ASSERT ((cy_checksum_exclude_size <= CY_CHECKSUM_EXCLUDE_SIZE), CY_BOOT: Section .cy_checksum_exclude size exceedes specified limit.)
                0x00007fc0                cyloadermeta_start = (cy_project_type_bootloader || cy_project_type_app_for_stack_and_copier)?(0x8000 - CY_METADATA_SIZE):0xf0000000

.cyloadermeta
 *(.cyloadermeta)
                0x00007fc0                cyloadablemeta_start = cy_project_type_app_for_stack_and_copier?((0x8000 - CY_FLASH_ROW_SIZE) - CY_METADATA_SIZE):((0x8000 - (CY_FLASH_ROW_SIZE * (CY_APPL_NUM - 0x1))) - CY_METADATA_SIZE)

.cyloadablemeta
 *(.cyloadablemeta)

.cyflashprotect
                0x90400000       0x20
 *(.cyflashprotect)
 .cyflashprotect
                0x90400000       0x20 .\CortexM0\ARM_GCC_493\Debug\cymetadata.o
                0x90400000                cy_meta_flashprotect

.cymeta         0x90500000        0xc
 *(.cymeta)
 .cymeta        0x90500000        0xc .\CortexM0\ARM_GCC_493\Debug\cymetadata.o
                0x90500000                cy_metadata

.cychipprotect  0x90600000        0x4
 *(.cychipprotect)
 .cychipprotect
                0x90600000        0x4 .\CortexM0\ARM_GCC_493\Debug\cymetadata.o
                0x90600000                cy_meta_chipprotect

.rel.dyn        0x00003780        0x0 load address 0x90600004
 .rel.iplt      0x00000000        0x0 c:/program files (x86)/cypress/psoc creator/3.3/psoc creator/import/gnu/arm/4.9.3/bin/../lib/gcc/arm-none-eabi/4.9.3/armv6-m/crtbegin.o

.stab
 *(.stab)

.stabstr
 *(.stabstr)

.debug
 *(.debug)

.line
 *(.line)

.debug_srcinfo
 *(.debug_srcinfo)

.debug_sfnames
 *(.debug_sfnames)

.debug_aranges  0x00000000      0xa70
 *(.debug_aranges)
 .debug_aranges
                0x00000000       0x48 .\CortexM0\ARM_GCC_493\Debug\regulering.o
 .debug_aranges
                0x00000048       0x28 .\CortexM0\ARM_GCC_493\Debug\distance.o
 .debug_aranges
                0x00000070       0x28 .\CortexM0\ARM_GCC_493\Debug\I2Cslave.o
 .debug_aranges
                0x00000098       0x20 .\CortexM0\ARM_GCC_493\Debug\test.o
 .debug_aranges
                0x000000b8       0x18 .\CortexM0\ARM_GCC_493\Debug\cymetadata.o
 .debug_aranges
                0x000000d0       0x48 .\CortexM0\ARM_GCC_493\Debug\Cm0Start.o
 .debug_aranges
                0x00000118       0x48 .\CortexM0\ARM_GCC_493\Debug\Design01.a(cyfitter_cfg.o)
 .debug_aranges
                0x00000160      0x178 .\CortexM0\ARM_GCC_493\Debug\Design01.a(CyLib.o)
 .debug_aranges
                0x000002d8      0x120 .\CortexM0\ARM_GCC_493\Debug\Design01.a(CyLFClk.o)
 .debug_aranges
                0x000003f8       0x98 .\CortexM0\ARM_GCC_493\Debug\Design01.a(PWM_hojre.o)
 .debug_aranges
                0x00000490       0xa8 .\CortexM0\ARM_GCC_493\Debug\Design01.a(ADC.o)
 .debug_aranges
                0x00000538       0x20 .\CortexM0\ARM_GCC_493\Debug\Design01.a(ADC_INT.o)
 .debug_aranges
                0x00000558       0x98 .\CortexM0\ARM_GCC_493\Debug\Design01.a(PWM_venstre.o)
 .debug_aranges
                0x000005f0       0x48 .\CortexM0\ARM_GCC_493\Debug\Design01.a(Trig.o)
 .debug_aranges
                0x00000638      0x158 .\CortexM0\ARM_GCC_493\Debug\Design01.a(Timer.o)
 .debug_aranges
                0x00000790       0x80 .\CortexM0\ARM_GCC_493\Debug\Design01.a(ISR.o)
 .debug_aranges
                0x00000810       0x60 .\CortexM0\ARM_GCC_493\Debug\Design01.a(UART_print.o)
 .debug_aranges
                0x00000870       0x60 .\CortexM0\ARM_GCC_493\Debug\Design01.a(UART_print_UART.o)
 .debug_aranges
                0x000008d0       0x68 .\CortexM0\ARM_GCC_493\Debug\Design01.a(I2C_1.o)
 .debug_aranges
                0x00000938       0x28 .\CortexM0\ARM_GCC_493\Debug\Design01.a(I2C_1_I2C.o)
 .debug_aranges
                0x00000960       0x70 .\CortexM0\ARM_GCC_493\Debug\Design01.a(I2C_1_I2C_SLAVE.o)
 .debug_aranges
                0x000009d0       0x20 .\CortexM0\ARM_GCC_493\Debug\Design01.a(CyBootAsmGnu.o)
 .debug_aranges
                0x000009f0       0x60 .\CortexM0\ARM_GCC_493\Debug\Design01.a(UART_print_SPI_UART.o)
 .debug_aranges
                0x00000a50       0x20 .\CortexM0\ARM_GCC_493\Debug\Design01.a(I2C_1_I2C_INT.o)

.debug_pubnames
 *(.debug_pubnames)

.debug_info     0x00000000     0x5a6e
 *(.debug_info .gnu.linkonce.wi.*)
 .debug_info    0x00000000      0x515 .\CortexM0\ARM_GCC_493\Debug\regulering.o
 .debug_info    0x00000515      0x33b .\CortexM0\ARM_GCC_493\Debug\distance.o
 .debug_info    0x00000850      0x1b0 .\CortexM0\ARM_GCC_493\Debug\I2Cslave.o
 .debug_info    0x00000a00      0x57e .\CortexM0\ARM_GCC_493\Debug\test.o
 .debug_info    0x00000f7e       0xfe .\CortexM0\ARM_GCC_493\Debug\cymetadata.o
 .debug_info    0x0000107c      0x38e .\CortexM0\ARM_GCC_493\Debug\Cm0Start.o
 .debug_info    0x0000140a      0x420 .\CortexM0\ARM_GCC_493\Debug\Design01.a(cyfitter_cfg.o)
 .debug_info    0x0000182a      0xad1 .\CortexM0\ARM_GCC_493\Debug\Design01.a(CyLib.o)
 .debug_info    0x000022fb      0xc23 .\CortexM0\ARM_GCC_493\Debug\Design01.a(CyLFClk.o)
 .debug_info    0x00002f1e      0x32f .\CortexM0\ARM_GCC_493\Debug\Design01.a(PWM_hojre.o)
 .debug_info    0x0000324d      0x5bf .\CortexM0\ARM_GCC_493\Debug\Design01.a(ADC.o)
 .debug_info    0x0000380c       0xc4 .\CortexM0\ARM_GCC_493\Debug\Design01.a(ADC_INT.o)
 .debug_info    0x000038d0      0x32f .\CortexM0\ARM_GCC_493\Debug\Design01.a(PWM_venstre.o)
 .debug_info    0x00003bff      0x19d .\CortexM0\ARM_GCC_493\Debug\Design01.a(Trig.o)
 .debug_info    0x00003d9c      0x8dd .\CortexM0\ARM_GCC_493\Debug\Design01.a(Timer.o)
 .debug_info    0x00004679      0x300 .\CortexM0\ARM_GCC_493\Debug\Design01.a(ISR.o)
 .debug_info    0x00004979      0x21c .\CortexM0\ARM_GCC_493\Debug\Design01.a(UART_print.o)
 .debug_info    0x00004b95      0x2ad .\CortexM0\ARM_GCC_493\Debug\Design01.a(UART_print_UART.o)
 .debug_info    0x00004e42      0x2a9 .\CortexM0\ARM_GCC_493\Debug\Design01.a(I2C_1.o)
 .debug_info    0x000050eb      0x1a5 .\CortexM0\ARM_GCC_493\Debug\Design01.a(I2C_1_I2C.o)
 .debug_info    0x00005290      0x38b .\CortexM0\ARM_GCC_493\Debug\Design01.a(I2C_1_I2C_SLAVE.o)
 .debug_info    0x0000561b       0xaf .\CortexM0\ARM_GCC_493\Debug\Design01.a(CyBootAsmGnu.o)
 .debug_info    0x000056ca      0x217 .\CortexM0\ARM_GCC_493\Debug\Design01.a(UART_print_SPI_UART.o)
 .debug_info    0x000058e1      0x18d .\CortexM0\ARM_GCC_493\Debug\Design01.a(I2C_1_I2C_INT.o)

.debug_abbrev   0x00000000     0x1e96
 *(.debug_abbrev)
 .debug_abbrev  0x00000000      0x1bb .\CortexM0\ARM_GCC_493\Debug\regulering.o
 .debug_abbrev  0x000001bb      0x181 .\CortexM0\ARM_GCC_493\Debug\distance.o
 .debug_abbrev  0x0000033c      0x12b .\CortexM0\ARM_GCC_493\Debug\I2Cslave.o
 .debug_abbrev  0x00000467      0x154 .\CortexM0\ARM_GCC_493\Debug\test.o
 .debug_abbrev  0x000005bb       0x5d .\CortexM0\ARM_GCC_493\Debug\cymetadata.o
 .debug_abbrev  0x00000618      0x1d5 .\CortexM0\ARM_GCC_493\Debug\Cm0Start.o
 .debug_abbrev  0x000007ed      0x1f3 .\CortexM0\ARM_GCC_493\Debug\Design01.a(cyfitter_cfg.o)
 .debug_abbrev  0x000009e0      0x20d .\CortexM0\ARM_GCC_493\Debug\Design01.a(CyLib.o)
 .debug_abbrev  0x00000bed      0x226 .\CortexM0\ARM_GCC_493\Debug\Design01.a(CyLFClk.o)
 .debug_abbrev  0x00000e13      0x14d .\CortexM0\ARM_GCC_493\Debug\Design01.a(PWM_hojre.o)
 .debug_abbrev  0x00000f60      0x1dd .\CortexM0\ARM_GCC_493\Debug\Design01.a(ADC.o)
 .debug_abbrev  0x0000113d       0x65 .\CortexM0\ARM_GCC_493\Debug\Design01.a(ADC_INT.o)
 .debug_abbrev  0x000011a2      0x14d .\CortexM0\ARM_GCC_493\Debug\Design01.a(PWM_venstre.o)
 .debug_abbrev  0x000012ef       0xc8 .\CortexM0\ARM_GCC_493\Debug\Design01.a(Trig.o)
 .debug_abbrev  0x000013b7      0x133 .\CortexM0\ARM_GCC_493\Debug\Design01.a(Timer.o)
 .debug_abbrev  0x000014ea      0x1b4 .\CortexM0\ARM_GCC_493\Debug\Design01.a(ISR.o)
 .debug_abbrev  0x0000169e       0xed .\CortexM0\ARM_GCC_493\Debug\Design01.a(UART_print.o)
 .debug_abbrev  0x0000178b      0x12c .\CortexM0\ARM_GCC_493\Debug\Design01.a(UART_print_UART.o)
 .debug_abbrev  0x000018b7      0x15b .\CortexM0\ARM_GCC_493\Debug\Design01.a(I2C_1.o)
 .debug_abbrev  0x00001a12       0xf3 .\CortexM0\ARM_GCC_493\Debug\Design01.a(I2C_1_I2C.o)
 .debug_abbrev  0x00001b05      0x170 .\CortexM0\ARM_GCC_493\Debug\Design01.a(I2C_1_I2C_SLAVE.o)
 .debug_abbrev  0x00001c75       0x14 .\CortexM0\ARM_GCC_493\Debug\Design01.a(CyBootAsmGnu.o)
 .debug_abbrev  0x00001c89      0x169 .\CortexM0\ARM_GCC_493\Debug\Design01.a(UART_print_SPI_UART.o)
 .debug_abbrev  0x00001df2       0xa4 .\CortexM0\ARM_GCC_493\Debug\Design01.a(I2C_1_I2C_INT.o)

.debug_line     0x00000000     0x25e4
 *(.debug_line)
 .debug_line    0x00000000        0x0 .\CortexM0\ARM_GCC_493\Debug\main.o
 .debug_line    0x00000000      0x186 .\CortexM0\ARM_GCC_493\Debug\regulering.o
 .debug_line    0x00000186      0x15d .\CortexM0\ARM_GCC_493\Debug\distance.o
 .debug_line    0x000002e3       0x95 .\CortexM0\ARM_GCC_493\Debug\I2Cslave.o
 .debug_line    0x00000378      0x102 .\CortexM0\ARM_GCC_493\Debug\test.o
 .debug_line    0x0000047a       0x53 .\CortexM0\ARM_GCC_493\Debug\cymetadata.o
 .debug_line    0x000004cd      0x248 .\CortexM0\ARM_GCC_493\Debug\Cm0Start.o
 .debug_line    0x00000715      0x1a3 .\CortexM0\ARM_GCC_493\Debug\Design01.a(cyfitter_cfg.o)
 .debug_line    0x000008b8      0x44b .\CortexM0\ARM_GCC_493\Debug\Design01.a(CyLib.o)
 .debug_line    0x00000d03      0x3fe .\CortexM0\ARM_GCC_493\Debug\Design01.a(CyLFClk.o)
 .debug_line    0x00001101      0x196 .\CortexM0\ARM_GCC_493\Debug\Design01.a(PWM_hojre.o)
 .debug_line    0x00001297      0x29b .\CortexM0\ARM_GCC_493\Debug\Design01.a(ADC.o)
 .debug_line    0x00001532       0x64 .\CortexM0\ARM_GCC_493\Debug\Design01.a(ADC_INT.o)
 .debug_line    0x00001596      0x198 .\CortexM0\ARM_GCC_493\Debug\Design01.a(PWM_venstre.o)
 .debug_line    0x0000172e       0xbe .\CortexM0\ARM_GCC_493\Debug\Design01.a(Trig.o)
 .debug_line    0x000017ec      0x378 .\CortexM0\ARM_GCC_493\Debug\Design01.a(Timer.o)
 .debug_line    0x00001b64      0x168 .\CortexM0\ARM_GCC_493\Debug\Design01.a(ISR.o)
 .debug_line    0x00001ccc      0x14c .\CortexM0\ARM_GCC_493\Debug\Design01.a(UART_print.o)
 .debug_line    0x00001e18      0x160 .\CortexM0\ARM_GCC_493\Debug\Design01.a(UART_print_UART.o)
 .debug_line    0x00001f78      0x160 .\CortexM0\ARM_GCC_493\Debug\Design01.a(I2C_1.o)
 .debug_line    0x000020d8       0xc2 .\CortexM0\ARM_GCC_493\Debug\Design01.a(I2C_1_I2C.o)
 .debug_line    0x0000219a      0x157 .\CortexM0\ARM_GCC_493\Debug\Design01.a(I2C_1_I2C_SLAVE.o)
 .debug_line    0x000022f1       0x69 .\CortexM0\ARM_GCC_493\Debug\Design01.a(CyBootAsmGnu.o)
 .debug_line    0x0000235a      0x139 .\CortexM0\ARM_GCC_493\Debug\Design01.a(UART_print_SPI_UART.o)
 .debug_line    0x00002493      0x151 .\CortexM0\ARM_GCC_493\Debug\Design01.a(I2C_1_I2C_INT.o)

.debug_frame    0x00000000     0x1f30
 *(.debug_frame)
 .debug_frame   0x00000000       0xc8 .\CortexM0\ARM_GCC_493\Debug\regulering.o
 .debug_frame   0x000000c8       0x48 .\CortexM0\ARM_GCC_493\Debug\distance.o
 .debug_frame   0x00000110       0x48 .\CortexM0\ARM_GCC_493\Debug\I2Cslave.o
 .debug_frame   0x00000158       0x2c .\CortexM0\ARM_GCC_493\Debug\test.o
 .debug_frame   0x00000184       0xb0 .\CortexM0\ARM_GCC_493\Debug\Cm0Start.o
 .debug_frame   0x00000234       0xb8 .\CortexM0\ARM_GCC_493\Debug\Design01.a(cyfitter_cfg.o)
 .debug_frame   0x000002ec      0x3d0 .\CortexM0\ARM_GCC_493\Debug\Design01.a(CyLib.o)
 .debug_frame   0x000006bc      0x368 .\CortexM0\ARM_GCC_493\Debug\Design01.a(CyLFClk.o)
 .debug_frame   0x00000a24      0x134 .\CortexM0\ARM_GCC_493\Debug\Design01.a(PWM_hojre.o)
 .debug_frame   0x00000b58      0x1b0 .\CortexM0\ARM_GCC_493\Debug\Design01.a(ADC.o)
 .debug_frame   0x00000d08       0x20 .\CortexM0\ARM_GCC_493\Debug\Design01.a(ADC_INT.o)
 .debug_frame   0x00000d28      0x134 .\CortexM0\ARM_GCC_493\Debug\Design01.a(PWM_venstre.o)
 .debug_frame   0x00000e5c       0x70 .\CortexM0\ARM_GCC_493\Debug\Design01.a(Trig.o)
 .debug_frame   0x00000ecc      0x390 .\CortexM0\ARM_GCC_493\Debug\Design01.a(Timer.o)
 .debug_frame   0x0000125c      0x110 .\CortexM0\ARM_GCC_493\Debug\Design01.a(ISR.o)
 .debug_frame   0x0000136c       0xe8 .\CortexM0\ARM_GCC_493\Debug\Design01.a(UART_print.o)
 .debug_frame   0x00001454       0xe0 .\CortexM0\ARM_GCC_493\Debug\Design01.a(UART_print_UART.o)
 .debug_frame   0x00001534       0xf8 .\CortexM0\ARM_GCC_493\Debug\Design01.a(I2C_1.o)
 .debug_frame   0x0000162c       0x3c .\CortexM0\ARM_GCC_493\Debug\Design01.a(I2C_1_I2C.o)
 .debug_frame   0x00001668       0xf8 .\CortexM0\ARM_GCC_493\Debug\Design01.a(I2C_1_I2C_SLAVE.o)
 .debug_frame   0x00001760       0xb0 .\CortexM0\ARM_GCC_493\Debug\Design01.a(UART_print_SPI_UART.o)
 .debug_frame   0x00001810       0x2c .\CortexM0\ARM_GCC_493\Debug\Design01.a(I2C_1_I2C_INT.o)
 .debug_frame   0x0000183c       0x20 c:/program files (x86)/cypress/psoc creator/3.3/psoc creator/import/gnu/arm/4.9.3/bin/../lib/gcc/arm-none-eabi/4.9.3/armv6-m\libgcc.a(_udivsi3.o)
 .debug_frame   0x0000185c       0x20 c:/program files (x86)/cypress/psoc creator/3.3/psoc creator/import/gnu/arm/4.9.3/bin/../lib/gcc/arm-none-eabi/4.9.3/armv6-m\libgcc.a(_divsi3.o)
 .debug_frame   0x0000187c       0x34 c:/program files (x86)/cypress/psoc creator/3.3/psoc creator/import/gnu/arm/4.9.3/bin/../lib/gcc/arm-none-eabi/4.9.3/armv6-m\libgcc.a(_muldi3.o)
 .debug_frame   0x000018b0       0x50 c:/program files (x86)/cypress/psoc creator/3.3/psoc creator/import/gnu/arm/4.9.3/bin/../lib/gcc/arm-none-eabi/4.9.3/armv6-m\libgcc.a(bpabi.o)
 .debug_frame   0x00001900       0x3c c:/program files (x86)/cypress/psoc creator/3.3/psoc creator/import/gnu/arm/4.9.3/bin/../lib/gcc/arm-none-eabi/4.9.3/armv6-m\libgcc.a(divsf3.o)
 .debug_frame   0x0000193c       0x3c c:/program files (x86)/cypress/psoc creator/3.3/psoc creator/import/gnu/arm/4.9.3/bin/../lib/gcc/arm-none-eabi/4.9.3/armv6-m\libgcc.a(mulsf3.o)
 .debug_frame   0x00001978       0x2c c:/program files (x86)/cypress/psoc creator/3.3/psoc creator/import/gnu/arm/4.9.3/bin/../lib/gcc/arm-none-eabi/4.9.3/armv6-m\libgcc.a(floatsisf.o)
 .debug_frame   0x000019a4       0x38 c:/program files (x86)/cypress/psoc creator/3.3/psoc creator/import/gnu/arm/4.9.3/bin/../lib/gcc/arm-none-eabi/4.9.3/armv6-m\libgcc.a(adddf3.o)
 .debug_frame   0x000019dc       0x38 c:/program files (x86)/cypress/psoc creator/3.3/psoc creator/import/gnu/arm/4.9.3/bin/../lib/gcc/arm-none-eabi/4.9.3/armv6-m\libgcc.a(eqdf2.o)
 .debug_frame   0x00001a14       0x38 c:/program files (x86)/cypress/psoc creator/3.3/psoc creator/import/gnu/arm/4.9.3/bin/../lib/gcc/arm-none-eabi/4.9.3/armv6-m\libgcc.a(gedf2.o)
 .debug_frame   0x00001a4c       0x38 c:/program files (x86)/cypress/psoc creator/3.3/psoc creator/import/gnu/arm/4.9.3/bin/../lib/gcc/arm-none-eabi/4.9.3/armv6-m\libgcc.a(ledf2.o)
 .debug_frame   0x00001a84       0x3c c:/program files (x86)/cypress/psoc creator/3.3/psoc creator/import/gnu/arm/4.9.3/bin/../lib/gcc/arm-none-eabi/4.9.3/armv6-m\libgcc.a(muldf3.o)
 .debug_frame   0x00001ac0       0x3c c:/program files (x86)/cypress/psoc creator/3.3/psoc creator/import/gnu/arm/4.9.3/bin/../lib/gcc/arm-none-eabi/4.9.3/armv6-m\libgcc.a(subdf3.o)
 .debug_frame   0x00001afc       0x2c c:/program files (x86)/cypress/psoc creator/3.3/psoc creator/import/gnu/arm/4.9.3/bin/../lib/gcc/arm-none-eabi/4.9.3/armv6-m\libgcc.a(fixdfsi.o)
 .debug_frame   0x00001b28       0x2c c:/program files (x86)/cypress/psoc creator/3.3/psoc creator/import/gnu/arm/4.9.3/bin/../lib/gcc/arm-none-eabi/4.9.3/armv6-m\libgcc.a(floatsidf.o)
 .debug_frame   0x00001b54       0x2c c:/program files (x86)/cypress/psoc creator/3.3/psoc creator/import/gnu/arm/4.9.3/bin/../lib/gcc/arm-none-eabi/4.9.3/armv6-m\libgcc.a(truncdfsf2.o)
 .debug_frame   0x00001b80       0x3c c:/program files (x86)/cypress/psoc creator/3.3/psoc creator/import/gnu/arm/4.9.3/bin/../lib/gcc/arm-none-eabi/4.9.3/armv6-m\libgcc.a(_divdi3.o)
 .debug_frame   0x00001bbc       0x3c c:/program files (x86)/cypress/psoc creator/3.3/psoc creator/import/gnu/arm/4.9.3/bin/../lib/gcc/arm-none-eabi/4.9.3/armv6-m\libgcc.a(_udivdi3.o)
 .debug_frame   0x00001bf8       0x20 c:/program files (x86)/cypress/psoc creator/3.3/psoc creator/import/gnu/arm/4.9.3/bin/../lib/gcc/arm-none-eabi/4.9.3/../../../../arm-none-eabi/lib/armv6-m\libg_nano.a(lib_a-errno.o)
 .debug_frame   0x00001c18       0x28 c:/program files (x86)/cypress/psoc creator/3.3/psoc creator/import/gnu/arm/4.9.3/bin/../lib/gcc/arm-none-eabi/4.9.3/../../../../arm-none-eabi/lib/armv6-m\libg_nano.a(lib_a-exit.o)
 .debug_frame   0x00001c40       0x2c c:/program files (x86)/cypress/psoc creator/3.3/psoc creator/import/gnu/arm/4.9.3/bin/../lib/gcc/arm-none-eabi/4.9.3/../../../../arm-none-eabi/lib/armv6-m\libg_nano.a(lib_a-init.o)
 .debug_frame   0x00001c6c       0x20 c:/program files (x86)/cypress/psoc creator/3.3/psoc creator/import/gnu/arm/4.9.3/bin/../lib/gcc/arm-none-eabi/4.9.3/../../../../arm-none-eabi/lib/armv6-m\libg_nano.a(lib_a-memset.o)
 .debug_frame   0x00001c8c       0x50 c:/program files (x86)/cypress/psoc creator/3.3/psoc creator/import/gnu/arm/4.9.3/bin/../lib/gcc/arm-none-eabi/4.9.3/../../../../arm-none-eabi/lib/armv6-m\libg_nano.a(lib_a-sprintf.o)
 .debug_frame   0x00001cdc       0x74 c:/program files (x86)/cypress/psoc creator/3.3/psoc creator/import/gnu/arm/4.9.3/bin/../lib/gcc/arm-none-eabi/4.9.3/../../../../arm-none-eabi/lib/armv6-m\libg_nano.a(lib_a-nano-svfprintf.o)
 .debug_frame   0x00001d50       0x54 c:/program files (x86)/cypress/psoc creator/3.3/psoc creator/import/gnu/arm/4.9.3/bin/../lib/gcc/arm-none-eabi/4.9.3/../../../../arm-none-eabi/lib/armv6-m\libg_nano.a(lib_a-nano-vfprintf_i.o)
 .debug_frame   0x00001da4       0x20 c:/program files (x86)/cypress/psoc creator/3.3/psoc creator/import/gnu/arm/4.9.3/bin/../lib/gcc/arm-none-eabi/4.9.3/../../../../arm-none-eabi/lib/armv6-m\libg_nano.a(lib_a-memchr.o)
 .debug_frame   0x00001dc4       0x28 c:/program files (x86)/cypress/psoc creator/3.3/psoc creator/import/gnu/arm/4.9.3/bin/../lib/gcc/arm-none-eabi/4.9.3/../../../../arm-none-eabi/lib/armv6-m\libg_nano.a(lib_a-memcpy.o)
 .debug_frame   0x00001dec       0x28 c:/program files (x86)/cypress/psoc creator/3.3/psoc creator/import/gnu/arm/4.9.3/bin/../lib/gcc/arm-none-eabi/4.9.3/../../../../arm-none-eabi/lib/armv6-m\libg_nano.a(lib_a-memmove.o)
 .debug_frame   0x00001e14       0x2c c:/program files (x86)/cypress/psoc creator/3.3/psoc creator/import/gnu/arm/4.9.3/bin/../lib/gcc/arm-none-eabi/4.9.3/../../../../arm-none-eabi/lib/armv6-m\libg_nano.a(lib_a-nano-freer.o)
 .debug_frame   0x00001e40       0x2c c:/program files (x86)/cypress/psoc creator/3.3/psoc creator/import/gnu/arm/4.9.3/bin/../lib/gcc/arm-none-eabi/4.9.3/../../../../arm-none-eabi/lib/armv6-m\libg_nano.a(lib_a-nano-mallocr.o)
 .debug_frame   0x00001e6c       0x30 c:/program files (x86)/cypress/psoc creator/3.3/psoc creator/import/gnu/arm/4.9.3/bin/../lib/gcc/arm-none-eabi/4.9.3/../../../../arm-none-eabi/lib/armv6-m\libg_nano.a(lib_a-nano-reallocr.o)
 .debug_frame   0x00001e9c       0x2c c:/program files (x86)/cypress/psoc creator/3.3/psoc creator/import/gnu/arm/4.9.3/bin/../lib/gcc/arm-none-eabi/4.9.3/../../../../arm-none-eabi/lib/armv6-m\libg_nano.a(lib_a-sbrkr.o)
 .debug_frame   0x00001ec8       0x20 c:/program files (x86)/cypress/psoc creator/3.3/psoc creator/import/gnu/arm/4.9.3/bin/../lib/gcc/arm-none-eabi/4.9.3/../../../../arm-none-eabi/lib/armv6-m\libg_nano.a(lib_a-nano-msizer.o)
 .debug_frame   0x00001ee8       0x48 c:/program files (x86)/cypress/psoc creator/3.3/psoc creator/import/gnu/arm/4.9.3/bin/../lib/gcc/arm-none-eabi/4.9.3/../../../../arm-none-eabi/lib/armv6-m\libg_nano.a(lib_a-reent.o)

.debug_str      0x00000000     0x21e0
 *(.debug_str)
 .debug_str     0x00000000       0xf6 .\CortexM0\ARM_GCC_493\Debug\main.o
 .debug_str     0x000000f6      0x1de .\CortexM0\ARM_GCC_493\Debug\regulering.o
                                0x30a (size before relaxing)
 .debug_str     0x000002d4       0xdf .\CortexM0\ARM_GCC_493\Debug\distance.o
                                0x28d (size before relaxing)
 .debug_str     0x000003b3       0xe4 .\CortexM0\ARM_GCC_493\Debug\I2Cslave.o
                                0x27d (size before relaxing)
 .debug_str     0x00000497       0xb1 .\CortexM0\ARM_GCC_493\Debug\test.o
                                0x2e7 (size before relaxing)
 .debug_str     0x00000548       0x5b .\CortexM0\ARM_GCC_493\Debug\cymetadata.o
                                0x1ed (size before relaxing)
 .debug_str     0x000005a3      0x14f .\CortexM0\ARM_GCC_493\Debug\Cm0Start.o
                                0x314 (size before relaxing)
 .debug_str     0x000006f2      0x120 .\CortexM0\ARM_GCC_493\Debug\Design01.a(cyfitter_cfg.o)
                                0x31d (size before relaxing)
 .debug_str     0x00000812      0x48a .\CortexM0\ARM_GCC_493\Debug\Design01.a(CyLib.o)
                                0x6a8 (size before relaxing)
 .debug_str     0x00000c9c      0x468 .\CortexM0\ARM_GCC_493\Debug\Design01.a(CyLFClk.o)
                                0x672 (size before relaxing)
 .debug_str     0x00001104      0x1b8 .\CortexM0\ARM_GCC_493\Debug\Design01.a(PWM_hojre.o)
                                0x3b0 (size before relaxing)
 .debug_str     0x000012bc      0x199 .\CortexM0\ARM_GCC_493\Debug\Design01.a(ADC.o)
                                0x3f8 (size before relaxing)
 .debug_str     0x00001455       0x37 .\CortexM0\ARM_GCC_493\Debug\Design01.a(ADC_INT.o)
                                0x1d0 (size before relaxing)
 .debug_str     0x0000148c      0x196 .\CortexM0\ARM_GCC_493\Debug\Design01.a(PWM_venstre.o)
                                0x3d6 (size before relaxing)
 .debug_str     0x00001622       0x9b .\CortexM0\ARM_GCC_493\Debug\Design01.a(Trig.o)
                                0x24e (size before relaxing)
 .debug_str     0x000016bd      0x3a6 .\CortexM0\ARM_GCC_493\Debug\Design01.a(Timer.o)
                                0x5c4 (size before relaxing)
 .debug_str     0x00001a63       0xcf .\CortexM0\ARM_GCC_493\Debug\Design01.a(ISR.o)
                                0x2e1 (size before relaxing)
 .debug_str     0x00001b32      0x153 .\CortexM0\ARM_GCC_493\Debug\Design01.a(UART_print.o)
                                0x303 (size before relaxing)
 .debug_str     0x00001c85      0x14a .\CortexM0\ARM_GCC_493\Debug\Design01.a(UART_print_UART.o)
                                0x34c (size before relaxing)
 .debug_str     0x00001dcf      0x118 .\CortexM0\ARM_GCC_493\Debug\Design01.a(I2C_1.o)
                                0x30a (size before relaxing)
 .debug_str     0x00001ee7       0x7c .\CortexM0\ARM_GCC_493\Debug\Design01.a(I2C_1_I2C.o)
                                0x271 (size before relaxing)
 .debug_str     0x00001f63      0x127 .\CortexM0\ARM_GCC_493\Debug\Design01.a(I2C_1_I2C_SLAVE.o)
                                0x3f1 (size before relaxing)
 .debug_str     0x0000208a      0x109 .\CortexM0\ARM_GCC_493\Debug\Design01.a(UART_print_SPI_UART.o)
                                0x31d (size before relaxing)
 .debug_str     0x00002193       0x4d .\CortexM0\ARM_GCC_493\Debug\Design01.a(I2C_1_I2C_INT.o)
                                0x2e1 (size before relaxing)

.debug_loc      0x00000000     0x22f6
 *(.debug_loc)
 .debug_loc     0x00000000      0x25c .\CortexM0\ARM_GCC_493\Debug\regulering.o
 .debug_loc     0x0000025c       0x2c .\CortexM0\ARM_GCC_493\Debug\I2Cslave.o
 .debug_loc     0x00000288      0x14f .\CortexM0\ARM_GCC_493\Debug\Cm0Start.o
 .debug_loc     0x000003d7      0x136 .\CortexM0\ARM_GCC_493\Debug\Design01.a(cyfitter_cfg.o)
 .debug_loc     0x0000050d      0x5b5 .\CortexM0\ARM_GCC_493\Debug\Design01.a(CyLib.o)
 .debug_loc     0x00000ac2      0x7df .\CortexM0\ARM_GCC_493\Debug\Design01.a(CyLFClk.o)
 .debug_loc     0x000012a1       0x26 .\CortexM0\ARM_GCC_493\Debug\Design01.a(PWM_hojre.o)
 .debug_loc     0x000012c7      0x482 .\CortexM0\ARM_GCC_493\Debug\Design01.a(ADC.o)
 .debug_loc     0x00001749       0x26 .\CortexM0\ARM_GCC_493\Debug\Design01.a(PWM_venstre.o)
 .debug_loc     0x0000176f       0xa2 .\CortexM0\ARM_GCC_493\Debug\Design01.a(Trig.o)
 .debug_loc     0x00001811      0x547 .\CortexM0\ARM_GCC_493\Debug\Design01.a(Timer.o)
 .debug_loc     0x00001d58       0x82 .\CortexM0\ARM_GCC_493\Debug\Design01.a(ISR.o)
 .debug_loc     0x00001dda       0x7e .\CortexM0\ARM_GCC_493\Debug\Design01.a(UART_print.o)
 .debug_loc     0x00001e58      0x173 .\CortexM0\ARM_GCC_493\Debug\Design01.a(UART_print_UART.o)
 .debug_loc     0x00001fcb       0x7e .\CortexM0\ARM_GCC_493\Debug\Design01.a(I2C_1.o)
 .debug_loc     0x00002049      0x175 .\CortexM0\ARM_GCC_493\Debug\Design01.a(I2C_1_I2C_SLAVE.o)
 .debug_loc     0x000021be       0x96 .\CortexM0\ARM_GCC_493\Debug\Design01.a(UART_print_SPI_UART.o)
 .debug_loc     0x00002254       0xa2 .\CortexM0\ARM_GCC_493\Debug\Design01.a(I2C_1_I2C_INT.o)

.debug_macinfo
 *(.debug_macinfo)

.debug_ranges   0x00000000      0x8d8
 *(.debug_ranges)
 .debug_ranges  0x00000000       0x38 .\CortexM0\ARM_GCC_493\Debug\regulering.o
 .debug_ranges  0x00000038       0x18 .\CortexM0\ARM_GCC_493\Debug\distance.o
 .debug_ranges  0x00000050       0x18 .\CortexM0\ARM_GCC_493\Debug\I2Cslave.o
 .debug_ranges  0x00000068       0x10 .\CortexM0\ARM_GCC_493\Debug\test.o
 .debug_ranges  0x00000078       0x38 .\CortexM0\ARM_GCC_493\Debug\Cm0Start.o
 .debug_ranges  0x000000b0       0x38 .\CortexM0\ARM_GCC_493\Debug\Design01.a(cyfitter_cfg.o)
 .debug_ranges  0x000000e8      0x168 .\CortexM0\ARM_GCC_493\Debug\Design01.a(CyLib.o)
 .debug_ranges  0x00000250      0x110 .\CortexM0\ARM_GCC_493\Debug\Design01.a(CyLFClk.o)
 .debug_ranges  0x00000360       0x88 .\CortexM0\ARM_GCC_493\Debug\Design01.a(PWM_hojre.o)
 .debug_ranges  0x000003e8       0x98 .\CortexM0\ARM_GCC_493\Debug\Design01.a(ADC.o)
 .debug_ranges  0x00000480       0x10 .\CortexM0\ARM_GCC_493\Debug\Design01.a(ADC_INT.o)
 .debug_ranges  0x00000490       0x88 .\CortexM0\ARM_GCC_493\Debug\Design01.a(PWM_venstre.o)
 .debug_ranges  0x00000518       0x38 .\CortexM0\ARM_GCC_493\Debug\Design01.a(Trig.o)
 .debug_ranges  0x00000550      0x148 .\CortexM0\ARM_GCC_493\Debug\Design01.a(Timer.o)
 .debug_ranges  0x00000698       0x70 .\CortexM0\ARM_GCC_493\Debug\Design01.a(ISR.o)
 .debug_ranges  0x00000708       0x50 .\CortexM0\ARM_GCC_493\Debug\Design01.a(UART_print.o)
 .debug_ranges  0x00000758       0x50 .\CortexM0\ARM_GCC_493\Debug\Design01.a(UART_print_UART.o)
 .debug_ranges  0x000007a8       0x58 .\CortexM0\ARM_GCC_493\Debug\Design01.a(I2C_1.o)
 .debug_ranges  0x00000800       0x18 .\CortexM0\ARM_GCC_493\Debug\Design01.a(I2C_1_I2C.o)
 .debug_ranges  0x00000818       0x60 .\CortexM0\ARM_GCC_493\Debug\Design01.a(I2C_1_I2C_SLAVE.o)
 .debug_ranges  0x00000878       0x50 .\CortexM0\ARM_GCC_493\Debug\Design01.a(UART_print_SPI_UART.o)
 .debug_ranges  0x000008c8       0x10 .\CortexM0\ARM_GCC_493\Debug\Design01.a(I2C_1_I2C_INT.o)

.comment        0x00000000       0x70
 .comment       0x00000000       0x70 .\CortexM0\ARM_GCC_493\Debug\main.o
                                 0x71 (size before relaxing)
 .comment       0x00000000       0x71 .\CortexM0\ARM_GCC_493\Debug\regulering.o
 .comment       0x00000000       0x71 .\CortexM0\ARM_GCC_493\Debug\distance.o
 .comment       0x00000000       0x71 .\CortexM0\ARM_GCC_493\Debug\I2Cslave.o
 .comment       0x00000000       0x71 .\CortexM0\ARM_GCC_493\Debug\test.o
 .comment       0x00000000       0x71 .\CortexM0\ARM_GCC_493\Debug\cymetadata.o
 .comment       0x00000000       0x71 .\CortexM0\ARM_GCC_493\Debug\Cm0Start.o
 .comment       0x00000000       0x71 .\CortexM0\ARM_GCC_493\Debug\Design01.a(cyfitter_cfg.o)
 .comment       0x00000000       0x71 .\CortexM0\ARM_GCC_493\Debug\Design01.a(CyLib.o)
 .comment       0x00000000       0x71 .\CortexM0\ARM_GCC_493\Debug\Design01.a(CyLFClk.o)
 .comment       0x00000000       0x71 .\CortexM0\ARM_GCC_493\Debug\Design01.a(PWM_hojre.o)
 .comment       0x00000000       0x71 .\CortexM0\ARM_GCC_493\Debug\Design01.a(ADC.o)
 .comment       0x00000000       0x71 .\CortexM0\ARM_GCC_493\Debug\Design01.a(ADC_INT.o)
 .comment       0x00000000       0x71 .\CortexM0\ARM_GCC_493\Debug\Design01.a(PWM_venstre.o)
 .comment       0x00000000       0x71 .\CortexM0\ARM_GCC_493\Debug\Design01.a(Trig.o)
 .comment       0x00000000       0x71 .\CortexM0\ARM_GCC_493\Debug\Design01.a(Timer.o)
 .comment       0x00000000       0x71 .\CortexM0\ARM_GCC_493\Debug\Design01.a(ISR.o)
 .comment       0x00000000       0x71 .\CortexM0\ARM_GCC_493\Debug\Design01.a(UART_print.o)
 .comment       0x00000000       0x71 .\CortexM0\ARM_GCC_493\Debug\Design01.a(UART_print_UART.o)
 .comment       0x00000000       0x71 .\CortexM0\ARM_GCC_493\Debug\Design01.a(I2C_1.o)
 .comment       0x00000000       0x71 .\CortexM0\ARM_GCC_493\Debug\Design01.a(I2C_1_I2C.o)
 .comment       0x00000000       0x71 .\CortexM0\ARM_GCC_493\Debug\Design01.a(I2C_1_I2C_SLAVE.o)
 .comment       0x00000000       0x71 .\CortexM0\ARM_GCC_493\Debug\Design01.a(UART_print_SPI_UART.o)
 .comment       0x00000000       0x71 .\CortexM0\ARM_GCC_493\Debug\Design01.a(I2C_1_I2C_INT.o)

.debug_weaknames
 *(.debug_weaknames)

.debug_funcnames
 *(.debug_funcnames)

.debug_typenames
 *(.debug_typenames)

.debug_varnames
 *(.debug_varnames)

.note.gnu.arm.ident
 *(.note.gnu.arm.ident)

.ARM.attributes
                0x00000000       0x28
 *(.ARM.attributes)
 .ARM.attributes
                0x00000000       0x1e c:/program files (x86)/cypress/psoc creator/3.3/psoc creator/import/gnu/arm/4.9.3/bin/../lib/gcc/arm-none-eabi/4.9.3/armv6-m/crti.o
 .ARM.attributes
                0x0000001e       0x2c c:/program files (x86)/cypress/psoc creator/3.3/psoc creator/import/gnu/arm/4.9.3/bin/../lib/gcc/arm-none-eabi/4.9.3/armv6-m/crtbegin.o
 .ARM.attributes
                0x0000004a       0x1b c:/program files (x86)/cypress/psoc creator/3.3/psoc creator/import/gnu/arm/4.9.3/bin/../lib/gcc/arm-none-eabi/4.9.3/../../../../arm-none-eabi/lib/armv6-m/crt0.o
 .ARM.attributes
                0x00000065       0x31 .\CortexM0\ARM_GCC_493\Debug\main.o
 .ARM.attributes
                0x00000096       0x31 .\CortexM0\ARM_GCC_493\Debug\regulering.o
 .ARM.attributes
                0x000000c7       0x31 .\CortexM0\ARM_GCC_493\Debug\distance.o
 .ARM.attributes
                0x000000f8       0x31 .\CortexM0\ARM_GCC_493\Debug\I2Cslave.o
 .ARM.attributes
                0x00000129       0x31 .\CortexM0\ARM_GCC_493\Debug\test.o
 .ARM.attributes
                0x0000015a       0x31 .\CortexM0\ARM_GCC_493\Debug\cymetadata.o
 .ARM.attributes
                0x0000018b       0x31 .\CortexM0\ARM_GCC_493\Debug\Cm0Start.o
 .ARM.attributes
                0x000001bc       0x31 .\CortexM0\ARM_GCC_493\Debug\Design01.a(cyfitter_cfg.o)
 .ARM.attributes
                0x000001ed       0x31 .\CortexM0\ARM_GCC_493\Debug\Design01.a(CyLib.o)
 .ARM.attributes
                0x0000021e       0x31 .\CortexM0\ARM_GCC_493\Debug\Design01.a(CyLFClk.o)
 .ARM.attributes
                0x0000024f       0x31 .\CortexM0\ARM_GCC_493\Debug\Design01.a(PWM_hojre.o)
 .ARM.attributes
                0x00000280       0x31 .\CortexM0\ARM_GCC_493\Debug\Design01.a(ADC.o)
 .ARM.attributes
                0x000002b1       0x31 .\CortexM0\ARM_GCC_493\Debug\Design01.a(ADC_INT.o)
 .ARM.attributes
                0x000002e2       0x31 .\CortexM0\ARM_GCC_493\Debug\Design01.a(PWM_venstre.o)
 .ARM.attributes
                0x00000313       0x31 .\CortexM0\ARM_GCC_493\Debug\Design01.a(Trig.o)
 .ARM.attributes
                0x00000344       0x31 .\CortexM0\ARM_GCC_493\Debug\Design01.a(Timer.o)
 .ARM.attributes
                0x00000375       0x31 .\CortexM0\ARM_GCC_493\Debug\Design01.a(ISR.o)
 .ARM.attributes
                0x000003a6       0x31 .\CortexM0\ARM_GCC_493\Debug\Design01.a(UART_print.o)
 .ARM.attributes
                0x000003d7       0x31 .\CortexM0\ARM_GCC_493\Debug\Design01.a(UART_print_UART.o)
 .ARM.attributes
                0x00000408       0x31 .\CortexM0\ARM_GCC_493\Debug\Design01.a(I2C_1.o)
 .ARM.attributes
                0x00000439       0x31 .\CortexM0\ARM_GCC_493\Debug\Design01.a(I2C_1_I2C.o)
 .ARM.attributes
                0x0000046a       0x31 .\CortexM0\ARM_GCC_493\Debug\Design01.a(I2C_1_I2C_SLAVE.o)
 .ARM.attributes
                0x0000049b       0x21 .\CortexM0\ARM_GCC_493\Debug\Design01.a(CyBootAsmGnu.o)
 .ARM.attributes
                0x000004bc       0x31 .\CortexM0\ARM_GCC_493\Debug\Design01.a(UART_print_SPI_UART.o)
 .ARM.attributes
                0x000004ed       0x31 .\CortexM0\ARM_GCC_493\Debug\Design01.a(I2C_1_I2C_INT.o)
 .ARM.attributes
                0x0000051e       0x1e c:/program files (x86)/cypress/psoc creator/3.3/psoc creator/import/gnu/arm/4.9.3/bin/../lib/gcc/arm-none-eabi/4.9.3/armv6-m\libgcc.a(_udivsi3.o)
 .ARM.attributes
                0x0000053c       0x1e c:/program files (x86)/cypress/psoc creator/3.3/psoc creator/import/gnu/arm/4.9.3/bin/../lib/gcc/arm-none-eabi/4.9.3/armv6-m\libgcc.a(_divsi3.o)
 .ARM.attributes
                0x0000055a       0x1e c:/program files (x86)/cypress/psoc creator/3.3/psoc creator/import/gnu/arm/4.9.3/bin/../lib/gcc/arm-none-eabi/4.9.3/armv6-m\libgcc.a(_dvmd_tls.o)
 .ARM.attributes
                0x00000578       0x1e c:/program files (x86)/cypress/psoc creator/3.3/psoc creator/import/gnu/arm/4.9.3/bin/../lib/gcc/arm-none-eabi/4.9.3/armv6-m\libgcc.a(_arm_cmpdf2.o)
 .ARM.attributes
                0x00000596       0x1e c:/program files (x86)/cypress/psoc creator/3.3/psoc creator/import/gnu/arm/4.9.3/bin/../lib/gcc/arm-none-eabi/4.9.3/armv6-m\libgcc.a(_aeabi_ldivmod.o)
 .ARM.attributes
                0x000005b4       0x2c c:/program files (x86)/cypress/psoc creator/3.3/psoc creator/import/gnu/arm/4.9.3/bin/../lib/gcc/arm-none-eabi/4.9.3/armv6-m\libgcc.a(_muldi3.o)
 .ARM.attributes
                0x000005e0       0x2c c:/program files (x86)/cypress/psoc creator/3.3/psoc creator/import/gnu/arm/4.9.3/bin/../lib/gcc/arm-none-eabi/4.9.3/armv6-m\libgcc.a(bpabi.o)
 .ARM.attributes
                0x0000060c       0x2c c:/program files (x86)/cypress/psoc creator/3.3/psoc creator/import/gnu/arm/4.9.3/bin/../lib/gcc/arm-none-eabi/4.9.3/armv6-m\libgcc.a(divsf3.o)
 .ARM.attributes
                0x00000638       0x2c c:/program files (x86)/cypress/psoc creator/3.3/psoc creator/import/gnu/arm/4.9.3/bin/../lib/gcc/arm-none-eabi/4.9.3/armv6-m\libgcc.a(mulsf3.o)
 .ARM.attributes
                0x00000664       0x2c c:/program files (x86)/cypress/psoc creator/3.3/psoc creator/import/gnu/arm/4.9.3/bin/../lib/gcc/arm-none-eabi/4.9.3/armv6-m\libgcc.a(floatsisf.o)
 .ARM.attributes
                0x00000690       0x2c c:/program files (x86)/cypress/psoc creator/3.3/psoc creator/import/gnu/arm/4.9.3/bin/../lib/gcc/arm-none-eabi/4.9.3/armv6-m\libgcc.a(adddf3.o)
 .ARM.attributes
                0x000006bc       0x2c c:/program files (x86)/cypress/psoc creator/3.3/psoc creator/import/gnu/arm/4.9.3/bin/../lib/gcc/arm-none-eabi/4.9.3/armv6-m\libgcc.a(eqdf2.o)
 .ARM.attributes
                0x000006e8       0x2c c:/program files (x86)/cypress/psoc creator/3.3/psoc creator/import/gnu/arm/4.9.3/bin/../lib/gcc/arm-none-eabi/4.9.3/armv6-m\libgcc.a(gedf2.o)
 .ARM.attributes
                0x00000714       0x2c c:/program files (x86)/cypress/psoc creator/3.3/psoc creator/import/gnu/arm/4.9.3/bin/../lib/gcc/arm-none-eabi/4.9.3/armv6-m\libgcc.a(ledf2.o)
 .ARM.attributes
                0x00000740       0x2c c:/program files (x86)/cypress/psoc creator/3.3/psoc creator/import/gnu/arm/4.9.3/bin/../lib/gcc/arm-none-eabi/4.9.3/armv6-m\libgcc.a(muldf3.o)
 .ARM.attributes
                0x0000076c       0x2c c:/program files (x86)/cypress/psoc creator/3.3/psoc creator/import/gnu/arm/4.9.3/bin/../lib/gcc/arm-none-eabi/4.9.3/armv6-m\libgcc.a(subdf3.o)
 .ARM.attributes
                0x00000798       0x2c c:/program files (x86)/cypress/psoc creator/3.3/psoc creator/import/gnu/arm/4.9.3/bin/../lib/gcc/arm-none-eabi/4.9.3/armv6-m\libgcc.a(fixdfsi.o)
 .ARM.attributes
                0x000007c4       0x2c c:/program files (x86)/cypress/psoc creator/3.3/psoc creator/import/gnu/arm/4.9.3/bin/../lib/gcc/arm-none-eabi/4.9.3/armv6-m\libgcc.a(floatsidf.o)
 .ARM.attributes
                0x000007f0       0x2c c:/program files (x86)/cypress/psoc creator/3.3/psoc creator/import/gnu/arm/4.9.3/bin/../lib/gcc/arm-none-eabi/4.9.3/armv6-m\libgcc.a(truncdfsf2.o)
 .ARM.attributes
                0x0000081c       0x1e c:/program files (x86)/cypress/psoc creator/3.3/psoc creator/import/gnu/arm/4.9.3/bin/../lib/gcc/arm-none-eabi/4.9.3/armv6-m\libgcc.a(_clzsi2.o)
 .ARM.attributes
                0x0000083a       0x2c c:/program files (x86)/cypress/psoc creator/3.3/psoc creator/import/gnu/arm/4.9.3/bin/../lib/gcc/arm-none-eabi/4.9.3/armv6-m\libgcc.a(_divdi3.o)
 .ARM.attributes
                0x00000866       0x2c c:/program files (x86)/cypress/psoc creator/3.3/psoc creator/import/gnu/arm/4.9.3/bin/../lib/gcc/arm-none-eabi/4.9.3/armv6-m\libgcc.a(_udivdi3.o)
 .ARM.attributes
                0x00000892       0x1e c:/program files (x86)/cypress/psoc creator/3.3/psoc creator/import/gnu/arm/4.9.3/bin/../lib/gcc/arm-none-eabi/4.9.3/armv6-m\libgcc.a(_clzdi2.o)
 .ARM.attributes
                0x000008b0       0x2c c:/program files (x86)/cypress/psoc creator/3.3/psoc creator/import/gnu/arm/4.9.3/bin/../lib/gcc/arm-none-eabi/4.9.3/../../../../arm-none-eabi/lib/armv6-m\libg_nano.a(lib_a-errno.o)
 .ARM.attributes
                0x000008dc       0x2c c:/program files (x86)/cypress/psoc creator/3.3/psoc creator/import/gnu/arm/4.9.3/bin/../lib/gcc/arm-none-eabi/4.9.3/../../../../arm-none-eabi/lib/armv6-m\libg_nano.a(lib_a-exit.o)
 .ARM.attributes
                0x00000908       0x2c c:/program files (x86)/cypress/psoc creator/3.3/psoc creator/import/gnu/arm/4.9.3/bin/../lib/gcc/arm-none-eabi/4.9.3/../../../../arm-none-eabi/lib/armv6-m\libg_nano.a(lib_a-impure.o)
 .ARM.attributes
                0x00000934       0x2c c:/program files (x86)/cypress/psoc creator/3.3/psoc creator/import/gnu/arm/4.9.3/bin/../lib/gcc/arm-none-eabi/4.9.3/../../../../arm-none-eabi/lib/armv6-m\libg_nano.a(lib_a-init.o)
 .ARM.attributes
                0x00000960       0x2c c:/program files (x86)/cypress/psoc creator/3.3/psoc creator/import/gnu/arm/4.9.3/bin/../lib/gcc/arm-none-eabi/4.9.3/../../../../arm-none-eabi/lib/armv6-m\libg_nano.a(lib_a-memset.o)
 .ARM.attributes
                0x0000098c       0x2c c:/program files (x86)/cypress/psoc creator/3.3/psoc creator/import/gnu/arm/4.9.3/bin/../lib/gcc/arm-none-eabi/4.9.3/../../../../arm-none-eabi/lib/armv6-m\libg_nano.a(lib_a-sprintf.o)
 .ARM.attributes
                0x000009b8       0x2c c:/program files (x86)/cypress/psoc creator/3.3/psoc creator/import/gnu/arm/4.9.3/bin/../lib/gcc/arm-none-eabi/4.9.3/../../../../arm-none-eabi/lib/armv6-m\libg_nano.a(lib_a-nano-svfprintf.o)
 .ARM.attributes
                0x000009e4       0x2c c:/program files (x86)/cypress/psoc creator/3.3/psoc creator/import/gnu/arm/4.9.3/bin/../lib/gcc/arm-none-eabi/4.9.3/../../../../arm-none-eabi/lib/armv6-m\libg_nano.a(lib_a-nano-vfprintf_i.o)
 .ARM.attributes
                0x00000a10       0x2c c:/program files (x86)/cypress/psoc creator/3.3/psoc creator/import/gnu/arm/4.9.3/bin/../lib/gcc/arm-none-eabi/4.9.3/../../../../arm-none-eabi/lib/armv6-m\libg_nano.a(lib_a-memchr.o)
 .ARM.attributes
                0x00000a3c       0x2c c:/program files (x86)/cypress/psoc creator/3.3/psoc creator/import/gnu/arm/4.9.3/bin/../lib/gcc/arm-none-eabi/4.9.3/../../../../arm-none-eabi/lib/armv6-m\libg_nano.a(lib_a-memcpy.o)
 .ARM.attributes
                0x00000a68       0x2c c:/program files (x86)/cypress/psoc creator/3.3/psoc creator/import/gnu/arm/4.9.3/bin/../lib/gcc/arm-none-eabi/4.9.3/../../../../arm-none-eabi/lib/armv6-m\libg_nano.a(lib_a-memmove.o)
 .ARM.attributes
                0x00000a94       0x2c c:/program files (x86)/cypress/psoc creator/3.3/psoc creator/import/gnu/arm/4.9.3/bin/../lib/gcc/arm-none-eabi/4.9.3/../../../../arm-none-eabi/lib/armv6-m\libg_nano.a(lib_a-nano-freer.o)
 .ARM.attributes
                0x00000ac0       0x2c c:/program files (x86)/cypress/psoc creator/3.3/psoc creator/import/gnu/arm/4.9.3/bin/../lib/gcc/arm-none-eabi/4.9.3/../../../../arm-none-eabi/lib/armv6-m\libg_nano.a(lib_a-nano-mallocr.o)
 .ARM.attributes
                0x00000aec       0x2c c:/program files (x86)/cypress/psoc creator/3.3/psoc creator/import/gnu/arm/4.9.3/bin/../lib/gcc/arm-none-eabi/4.9.3/../../../../arm-none-eabi/lib/armv6-m\libg_nano.a(lib_a-nano-reallocr.o)
 .ARM.attributes
                0x00000b18       0x2c c:/program files (x86)/cypress/psoc creator/3.3/psoc creator/import/gnu/arm/4.9.3/bin/../lib/gcc/arm-none-eabi/4.9.3/../../../../arm-none-eabi/lib/armv6-m\libg_nano.a(lib_a-sbrkr.o)
 .ARM.attributes
                0x00000b44       0x2c c:/program files (x86)/cypress/psoc creator/3.3/psoc creator/import/gnu/arm/4.9.3/bin/../lib/gcc/arm-none-eabi/4.9.3/../../../../arm-none-eabi/lib/armv6-m\libg_nano.a(lib_a-nano-msizer.o)
 .ARM.attributes
                0x00000b70       0x2c c:/program files (x86)/cypress/psoc creator/3.3/psoc creator/import/gnu/arm/4.9.3/bin/../lib/gcc/arm-none-eabi/4.9.3/../../../../arm-none-eabi/lib/armv6-m\libg_nano.a(lib_a-reent.o)
 .ARM.attributes
                0x00000b9c       0x2c c:/program files (x86)/cypress/psoc creator/3.3/psoc creator/import/gnu/arm/4.9.3/bin/../lib/gcc/arm-none-eabi/4.9.3/armv6-m/crtend.o
 .ARM.attributes
                0x00000bc8       0x1e c:/program files (x86)/cypress/psoc creator/3.3/psoc creator/import/gnu/arm/4.9.3/bin/../lib/gcc/arm-none-eabi/4.9.3/armv6-m/crtn.o

/DISCARD/
 *(.note.GNU-stack)
OUTPUT(.\CortexM0\ARM_GCC_493\Debug\Design01.elf elf32-littlearm)
