Archive member included because of file (symbol)

.\CortexM0\ARM_GCC_493\Debug\Design01.a(cyfitter_cfg.o)
                              .\CortexM0\ARM_GCC_493\Debug\Cm0Start.o (cyfitter_cfg)
.\CortexM0\ARM_GCC_493\Debug\Design01.a(CyLib.o)
                              .\CortexM0\ARM_GCC_493\Debug\Design01.a(cyfitter_cfg.o) (CyIntEnable)
.\CortexM0\ARM_GCC_493\Debug\Design01.a(CyLFClk.o)
                              .\CortexM0\ARM_GCC_493\Debug\Design01.a(cyfitter_cfg.o) (CySysWdtIsr)
.\CortexM0\ARM_GCC_493\Debug\Design01.a(PWM_hojre.o)
                              .\CortexM0\ARM_GCC_493\Debug\regulering.o (PWM_hojre_WriteCompare)
.\CortexM0\ARM_GCC_493\Debug\Design01.a(ADC.o)
                              .\CortexM0\ARM_GCC_493\Debug\test.o (ADC_Start)
.\CortexM0\ARM_GCC_493\Debug\Design01.a(ADC_INT.o)
                              .\CortexM0\ARM_GCC_493\Debug\Design01.a(ADC.o) (ADC_ISR)
.\CortexM0\ARM_GCC_493\Debug\Design01.a(PWM_venstre.o)
                              .\CortexM0\ARM_GCC_493\Debug\regulering.o (PWM_venstre_WriteCompare)
.\CortexM0\ARM_GCC_493\Debug\Design01.a(Trig.o)
                              .\CortexM0\ARM_GCC_493\Debug\distance.o (Trig_Write)
.\CortexM0\ARM_GCC_493\Debug\Design01.a(Timer.o)
                              .\CortexM0\ARM_GCC_493\Debug\distance.o (Timer_ReadCounter)
.\CortexM0\ARM_GCC_493\Debug\Design01.a(ISR.o)
                              .\CortexM0\ARM_GCC_493\Debug\distance.o (ISR_StartEx)
.\CortexM0\ARM_GCC_493\Debug\Design01.a(UART_print.o)
                              .\CortexM0\ARM_GCC_493\Debug\test.o (UART_print_Start)
.\CortexM0\ARM_GCC_493\Debug\Design01.a(UART_print_UART.o)
                              .\CortexM0\ARM_GCC_493\Debug\Design01.a(UART_print.o) (UART_print_UartInit)
.\CortexM0\ARM_GCC_493\Debug\Design01.a(I2C_1.o)
                              .\CortexM0\ARM_GCC_493\Debug\test.o (I2C_1_Start)
.\CortexM0\ARM_GCC_493\Debug\Design01.a(I2C_1_I2C.o)
                              .\CortexM0\ARM_GCC_493\Debug\Design01.a(I2C_1.o) (I2C_1_I2CInit)
.\CortexM0\ARM_GCC_493\Debug\Design01.a(I2C_1_I2C_SLAVE.o)
                              .\CortexM0\ARM_GCC_493\Debug\I2Cslave.o (I2C_1_I2CSlaveStatus)
.\CortexM0\ARM_GCC_493\Debug\Design01.a(CyBootAsmGnu.o)
                              .\CortexM0\ARM_GCC_493\Debug\Design01.a(CyLib.o) (CyDelayCycles)
.\CortexM0\ARM_GCC_493\Debug\Design01.a(UART_print_SPI_UART.o)
                              .\CortexM0\ARM_GCC_493\Debug\Design01.a(UART_print_UART.o) (UART_print_SpiUartReadRxData)
.\CortexM0\ARM_GCC_493\Debug\Design01.a(I2C_1_I2C_INT.o)
                              .\CortexM0\ARM_GCC_493\Debug\Design01.a(I2C_1_I2C.o) (I2C_1_I2C_ISR)
c:/program files (x86)/cypress/psoc creator/3.3/psoc creator/import/gnu/arm/4.9.3/bin/../lib/gcc/arm-none-eabi/4.9.3/armv6-m\libgcc.a(_udivsi3.o)
                              .\CortexM0\ARM_GCC_493\Debug\distance.o (__aeabi_uidiv)
c:/program files (x86)/cypress/psoc creator/3.3/psoc creator/import/gnu/arm/4.9.3/bin/../lib/gcc/arm-none-eabi/4.9.3/armv6-m\libgcc.a(_divsi3.o)
                              .\CortexM0\ARM_GCC_493\Debug\Design01.a(ADC.o) (__aeabi_idiv)
c:/program files (x86)/cypress/psoc creator/3.3/psoc creator/import/gnu/arm/4.9.3/bin/../lib/gcc/arm-none-eabi/4.9.3/armv6-m\libgcc.a(_dvmd_tls.o)
                              c:/program files (x86)/cypress/psoc creator/3.3/psoc creator/import/gnu/arm/4.9.3/bin/../lib/gcc/arm-none-eabi/4.9.3/armv6-m\libgcc.a(_udivsi3.o) (__aeabi_idiv0)
c:/program files (x86)/cypress/psoc creator/3.3/psoc creator/import/gnu/arm/4.9.3/bin/../lib/gcc/arm-none-eabi/4.9.3/armv6-m\libgcc.a(_arm_cmpdf2.o)
                              .\CortexM0\ARM_GCC_493\Debug\regulering.o (__aeabi_dcmpeq)
c:/program files (x86)/cypress/psoc creator/3.3/psoc creator/import/gnu/arm/4.9.3/bin/../lib/gcc/arm-none-eabi/4.9.3/armv6-m\libgcc.a(_aeabi_ldivmod.o)
                              .\CortexM0\ARM_GCC_493\Debug\Design01.a(ADC.o) (__aeabi_ldivmod)
c:/program files (x86)/cypress/psoc creator/3.3/psoc creator/import/gnu/arm/4.9.3/bin/../lib/gcc/arm-none-eabi/4.9.3/armv6-m\libgcc.a(_muldi3.o)
                              .\CortexM0\ARM_GCC_493\Debug\Design01.a(ADC.o) (__aeabi_lmul)
c:/program files (x86)/cypress/psoc creator/3.3/psoc creator/import/gnu/arm/4.9.3/bin/../lib/gcc/arm-none-eabi/4.9.3/armv6-m\libgcc.a(bpabi.o)
                              c:/program files (x86)/cypress/psoc creator/3.3/psoc creator/import/gnu/arm/4.9.3/bin/../lib/gcc/arm-none-eabi/4.9.3/armv6-m\libgcc.a(_aeabi_ldivmod.o) (__gnu_ldivmod_helper)
c:/program files (x86)/cypress/psoc creator/3.3/psoc creator/import/gnu/arm/4.9.3/bin/../lib/gcc/arm-none-eabi/4.9.3/armv6-m\libgcc.a(divsf3.o)
                              .\CortexM0\ARM_GCC_493\Debug\Design01.a(ADC.o) (__aeabi_fdiv)
c:/program files (x86)/cypress/psoc creator/3.3/psoc creator/import/gnu/arm/4.9.3/bin/../lib/gcc/arm-none-eabi/4.9.3/armv6-m\libgcc.a(mulsf3.o)
[...]
Memory Configuration

Name             Origin             Length             Attributes
rom              0x00000000         0x00008000         xr
ram              0x20000000         0x00001000         xrw
*default*        0x00000000         0xffffffff

Linker script and memory map

LOAD c:/program files (x86)/cypress/psoc creator/3.3/psoc creator/import/gnu/arm/4.9.3/bin/../lib/gcc/arm-none-eabi/4.9.3/armv6-m/crti.o
LOAD c:/program files (x86)/cypress/psoc creator/3.3/psoc creator/import/gnu/arm/4.9.3/bin/../lib/gcc/arm-none-eabi/4.9.3/armv6-m/crtbegin.o
LOAD c:/program files (x86)/cypress/psoc creator/3.3/psoc creator/import/gnu/arm/4.9.3/bin/../lib/gcc/arm-none-eabi/4.9.3/../../../../arm-none-eabi/lib/armv6-m/crt0.o
START GROUP
LOAD .\CortexM0\ARM_GCC_493\Debug\main.o
LOAD .\CortexM0\ARM_GCC_493\Debug\regulering.o
LOAD .\CortexM0\ARM_GCC_493\Debug\distance.o
LOAD .\CortexM0\ARM_GCC_493\Debug\I2Cslave.o
LOAD .\CortexM0\ARM_GCC_493\Debug\test.o
LOAD .\CortexM0\ARM_GCC_493\Debug\cymetadata.o
LOAD .\CortexM0\ARM_GCC_493\Debug\Cm0Start.o
LOAD .\CortexM0\ARM_GCC_493\Debug\Design01.a
LOAD C:\Program Files (x86)\Cypress\PSoC Creator\3.3\PSoC Creator\psoc\content\cycomponentlibrary\CyComponentLibrary.cylib\CortexM0\ARM_GCC_493\Debug\CyComponentLibrary.a
END GROUP
START GROUP
LOAD c:/program files (x86)/cypress/psoc creator/3.3/psoc creator/import/gnu/arm/4.9.3/bin/../lib/gcc/arm-none-eabi/4.9.3/armv6-m\libgcc.a
LOAD c:/program files (x86)/cypress/psoc creator/3.3/psoc creator/import/gnu/arm/4.9.3/bin/../lib/gcc/arm-none-eabi/4.9.3/../../../../arm-none-eabi/lib/armv6-m\libg_nano.a
LOAD c:/program files (x86)/cypress/psoc creator/3.3/psoc creator/import/gnu/arm/4.9.3/bin/../lib/gcc/arm-none-eabi/4.9.3/../../../../arm-none-eabi/lib/armv6-m\libc_nano.a
END GROUP
START GROUP
LOAD c:/program files (x86)/cypress/psoc creator/3.3/psoc creator/import/gnu/arm/4.9.3/bin/../lib/gcc/arm-none-eabi/4.9.3/armv6-m\libgcc.a
LOAD c:/program files (x86)/cypress/psoc creator/3.3/psoc creator/import/gnu/arm/4.9.3/bin/../lib/gcc/arm-none-eabi/4.9.3/../../../../arm-none-eabi/lib/armv6-m\libc_nano.a
END GROUP
LOAD c:/program files (x86)/cypress/psoc creator/3.3/psoc creator/import/gnu/arm/4.9.3/bin/../lib/gcc/arm-none-eabi/4.9.3/armv6-m/crtend.o
LOAD c:/program files (x86)/cypress/psoc creator/3.3/psoc creator/import/gnu/arm/4.9.3/bin/../lib/gcc/arm-none-eabi/4.9.3/armv6-m/crtn.o
START GROUP
LOAD c:/program files (x86)/cypress/psoc creator/3.3/psoc creator/import/gnu/arm/4.9.3/bin/../lib/gcc/arm-none-eabi/4.9.3/armv6-m\libgcc.a
LOAD c:/program files (x86)/cypress/psoc creator/3.3/psoc creator/import/gnu/arm/4.9.3/bin/../lib/gcc/arm-none-eabi/4.9.3/../../../../arm-none-eabi/lib/armv6-m\libc.a
LOAD c:/program files (x86)/cypress/psoc creator/3.3/psoc creator/import/gnu/arm/4.9.3/bin/../lib/gcc/arm-none-eabi/4.9.3/../../../../arm-none-eabi/lib/armv6-m\libnosys.a
END GROUP
                0x00000000                CY_APPL_ORIGIN = 0x0
                0x00000080                CY_FLASH_ROW_SIZE = 0x80
                0x00000001                CY_APPL_NUM = 0x1
                0x00000001                CY_APPL_MAX = 0x1
                0x00000040                CY_METADATA_SIZE = 0x40
                0x00000000                CY_APPL_LOADABLE = 0x0
                0x00000000                CY_CHECKSUM_EXCLUDE_SIZE = ALIGN (0x0, CY_FLASH_ROW_SIZE)
                0x00000000                CY_APP_FOR_STACK_AND_COPIER = 0x0
                0x20000330                PROVIDE (__cy_heap_start, _end)
                0x00000001                PROVIDE (__cy_region_num, ((__cy_regions_end - __cy_regions) / 0x10))
                0x20001000                PROVIDE (__cy_stack, (ORIGIN (ram) + 0x1000))
                0x20000c00                PROVIDE (__cy_heap_end, (__cy_stack - 0x400))

.cybootloader   0x00000000        0x0
 *(.cybootloader)
                0x00000000                appl1_start = CY_APPL_ORIGIN?CY_APPL_ORIGIN:ALIGN (CY_FLASH_ROW_SIZE)
                0x00003f80                appl2_start = (appl1_start + ALIGN ((((0x8000 - appl1_start) - (0x2 * CY_FLASH_ROW_SIZE)) / 0x2), CY_FLASH_ROW_SIZE))
                0x00000000                appl_start = (CY_APPL_NUM == 0x1)?appl1_start:appl2_start
                0x00000001                cy_project_type_bootloader = (appl_start == 0x0)?0x1:0x0
                0x00000000                cy_project_type_app_for_stack_and_copier = (CY_APP_FOR_STACK_AND_COPIER == 0x1)?0x1:0x0

.text           0x00000000     0x330a
 CREATE_OBJECT_SYMBOLS
                0x00000000                PROVIDE (__cy_interrupt_vector, RomVectors)
 *(.romvectors)
 .romvectors    0x00000000       0x10 .\CortexM0\ARM_GCC_493\Debug\Cm0Start.o
                0x00000000                RomVectors
                0x00000001                ASSERT ((. != __cy_interrupt_vector), No interrupt vector)
                0x00000001                ASSERT (CY_APPL_ORIGIN?(SIZEOF (.cybootloader) <= CY_APPL_ORIGIN):0x1, Wrong image location)
                0x00000010                PROVIDE (__cy_reset, Reset)
 *(.text.Reset)
 .text.Reset    0x00000010        0x8 .\CortexM0\ARM_GCC_493\Debug\Cm0Start.o
                0x00000010                Reset
                0x00000001                ASSERT ((. != __cy_reset), No reset code)
 *(.psocinit)
 .psocinit      0x00000018      0x23c .\CortexM0\ARM_GCC_493\Debug\Design01.a(cyfitter_cfg.o)
                0x000000f0                cyfitter_cfg
                0x00000254                . = MAX (., 0x100)
 *(.text .text.* .gnu.linkonce.t.*)
 .text          0x00000254       0x60 c:/program files (x86)/cypress/psoc creator/3.3/psoc creator/import/gnu/arm/4.9.3/bin/../lib/gcc/arm-none-eabi/4.9.3/armv6-m/crtbegin.o
 .text.start_right
                0x000002b4       0x18 .\CortexM0\ARM_GCC_493\Debug\regulering.o
                0x000002b4                start_right
 .text.start_left
                0x000002cc       0x20 .\CortexM0\ARM_GCC_493\Debug\regulering.o
                0x000002cc                start_left
 .text.stop     0x000002ec       0x14 .\CortexM0\ARM_GCC_493\Debug\regulering.o
                0x000002ec                stop
 .text.regulateDistance
                0x00000300      0x104 .\CortexM0\ARM_GCC_493\Debug\regulering.o
                0x00000300                regulateDistance
 .text.Timer_ISR_handler
                0x00000404       0x8c .\CortexM0\ARM_GCC_493\Debug\distance.o
                0x00000404                Timer_ISR_handler
 .text.distanceToObject
                0x00000490       0x48 .\CortexM0\ARM_GCC_493\Debug\distance.o
                0x00000490                distanceToObject
 .text.initReceiveData
                0x000004d8       0x10 .\CortexM0\ARM_GCC_493\Debug\I2Cslave.o
                0x000004d8                initReceiveData
 .text.receiveData
                0x000004e8       0x34 .\CortexM0\ARM_GCC_493\Debug\I2Cslave.o
                0x000004e8                receiveData
 .text.main     0x0000051c      0x114 .\CortexM0\ARM_GCC_493\Debug\test.o
                0x0000051c                main
 .text.IntDefaultHandler
                0x00000630        0x4 .\CortexM0\ARM_GCC_493\Debug\Cm0Start.o
                0x00000630                IntDefaultHandler
 .text._sbrk    0x00000634       0x30 .\CortexM0\ARM_GCC_493\Debug\Cm0Start.o
                0x00000634                _sbrk
 .text.Start_c  0x00000664       0x48 .\CortexM0\ARM_GCC_493\Debug\Cm0Start.o
                0x00000664                Start_c
 .text.initialize_psoc
                0x000006ac       0x48 .\CortexM0\ARM_GCC_493\Debug\Cm0Start.o
                0x000006ac                initialize_psoc
 .text.cfg_write_bytes32
                0x000006f4       0x34 .\CortexM0\ARM_GCC_493\Debug\Design01.a(cyfitter_cfg.o)
 .text.CYMEMZERO
                0x00000728        0xc .\CortexM0\ARM_GCC_493\Debug\Design01.a(cyfitter_cfg.o)
 .text.SetAnalogRoutingPumps
                0x00000734       0x20 .\CortexM0\ARM_GCC_493\Debug\Design01.a(cyfitter_cfg.o)
                0x00000734                SetAnalogRoutingPumps
 .text.AnalogSetDefault
                0x00000754       0x1c .\CortexM0\ARM_GCC_493\Debug\Design01.a(cyfitter_cfg.o)
 .text.CyIntEnable
                0x00000770       0x14 .\CortexM0\ARM_GCC_493\Debug\Design01.a(CyLib.o)
                0x00000770                CyIntEnable
 .text.CyIntDisable
                0x00000784       0x14 .\CortexM0\ARM_GCC_493\Debug\Design01.a(CyLib.o)
                0x00000784                CyIntDisable
 .text.CyHalt   0x00000798        0x4 .\CortexM0\ARM_GCC_493\Debug\Design01.a(CyLib.o)
                0x00000798                CyHalt
 .text.CyIntSetVector
                0x0000079c       0x24 .\CortexM0\ARM_GCC_493\Debug\Design01.a(CyLib.o)
                0x0000079c                CyIntSetVector
 .text.CyIntSetPriority
                0x000007c0       0x4c .\CortexM0\ARM_GCC_493\Debug\Design01.a(CyLib.o)
                0x000007c0                CyIntSetPriority
 .text.CyDelay  0x0000080c       0x30 .\CortexM0\ARM_GCC_493\Debug\Design01.a(CyLib.o)
                0x0000080c                CyDelay
 .text.CyDelayUs
                0x0000083c       0x14 .\CortexM0\ARM_GCC_493\Debug\Design01.a(CyLib.o)
                0x0000083c                CyDelayUs
 .text.CySysClkWriteImoFreq
                0x00000850      0x164 .\CortexM0\ARM_GCC_493\Debug\Design01.a(CyLib.o)
                0x00000850                CySysClkWriteImoFreq
 .text.CySysWdtLocked
                0x000009b4       0x14 .\CortexM0\ARM_GCC_493\Debug\Design01.a(CyLFClk.o)
 .text.CySysWdtLock
                0x000009c8       0x1c .\CortexM0\ARM_GCC_493\Debug\Design01.a(CyLFClk.o)
                0x000009c8                CySysWdtLock
 .text.CySysWdtUnlock
                0x000009e4       0x30 .\CortexM0\ARM_GCC_493\Debug\Design01.a(CyLFClk.o)
                0x000009e4                CySysWdtUnlock
 .text.CySysWdtClearInterrupt
                0x00000a14       0x4c .\CortexM0\ARM_GCC_493\Debug\Design01.a(CyLFClk.o)
                0x00000a14                CySysWdtClearInterrupt
 .text.CySysWdtIsr
                0x00000a60       0xa4 .\CortexM0\ARM_GCC_493\Debug\Design01.a(CyLFClk.o)
                0x00000a60                CySysWdtIsr
 .text.PWM_hojre_WriteCompare
                0x00000b04        0xc .\CortexM0\ARM_GCC_493\Debug\Design01.a(PWM_hojre.o)
                0x00000b04                PWM_hojre_WriteCompare
 .text.PWM_hojre_ReadCompare
                0x00000b10        0xc .\CortexM0\ARM_GCC_493\Debug\Design01.a(PWM_hojre.o)
                0x00000b10                PWM_hojre_ReadCompare
 .text.ADC_Init
                0x00000b1c      0x18c .\CortexM0\ARM_GCC_493\Debug\Design01.a(ADC.o)
                0x00000b1c                ADC_Init
 .text.ADC_Enable
                0x00000ca8       0x24 .\CortexM0\ARM_GCC_493\Debug\Design01.a(ADC.o)
                0x00000ca8                ADC_Enable
 .text.ADC_Start
                0x00000ccc       0x20 .\CortexM0\ARM_GCC_493\Debug\Design01.a(ADC.o)
                0x00000ccc                ADC_Start
 .text.ADC_StartConvert
                0x00000cec       0x14 .\CortexM0\ARM_GCC_493\Debug\Design01.a(ADC.o)
                0x00000cec                ADC_StartConvert
 .text.ADC_ISR  0x00000d00        0xc .\CortexM0\ARM_GCC_493\Debug\Design01.a(ADC_INT.o)
                0x00000d00                ADC_ISR
 .text.PWM_venstre_Enable
                0x00000d0c       0x10 .\CortexM0\ARM_GCC_493\Debug\Design01.a(PWM_venstre.o)
                0x00000d0c                PWM_venstre_Enable
 .text.PWM_venstre_WriteCounter
                0x00000d1c        0xc .\CortexM0\ARM_GCC_493\Debug\Design01.a(PWM_venstre.o)
                0x00000d1c                PWM_venstre_WriteCounter
 .text.PWM_venstre_WritePeriod
                0x00000d28        0xc .\CortexM0\ARM_GCC_493\Debug\Design01.a(PWM_venstre.o)
                0x00000d28                PWM_venstre_WritePeriod
 .text.PWM_venstre_WriteCompare
                0x00000d34        0xc .\CortexM0\ARM_GCC_493\Debug\Design01.a(PWM_venstre.o)
                0x00000d34                PWM_venstre_WriteCompare
 .text.PWM_venstre_SetInterruptMode
                0x00000d40        0xc .\CortexM0\ARM_GCC_493\Debug\Design01.a(PWM_venstre.o)
                0x00000d40                PWM_venstre_SetInterruptMode
 .text.PWM_venstre_ReadStatusRegister
                0x00000d4c        0xc .\CortexM0\ARM_GCC_493\Debug\Design01.a(PWM_venstre.o)
                0x00000d4c                PWM_venstre_ReadStatusRegister
 .text.PWM_venstre_ReadCapture
                0x00000d58        0xc .\CortexM0\ARM_GCC_493\Debug\Design01.a(PWM_venstre.o)
                0x00000d58                PWM_venstre_ReadCapture
 .text.PWM_venstre_ClearFIFO
                0x00000d64       0x14 .\CortexM0\ARM_GCC_493\Debug\Design01.a(PWM_venstre.o)
                0x00000d64                PWM_venstre_ClearFIFO
 .text.PWM_venstre_Init
                0x00000d78       0x50 .\CortexM0\ARM_GCC_493\Debug\Design01.a(PWM_venstre.o)
                0x00000d78                PWM_venstre_Init
 .text.PWM_venstre_Start
                0x00000dc8       0x20 .\CortexM0\ARM_GCC_493\Debug\Design01.a(PWM_venstre.o)
                0x00000dc8                PWM_venstre_Start
 .text.PWM_venstre_ReadCompare
                0x00000de8        0xc .\CortexM0\ARM_GCC_493\Debug\Design01.a(PWM_venstre.o)
                0x00000de8                PWM_venstre_ReadCompare
 .text.Trig_Write
                0x00000df4       0x18 .\CortexM0\ARM_GCC_493\Debug\Design01.a(Trig.o)
                0x00000df4                Trig_Write
 .text.Timer_Enable
                0x00000e0c       0x1c .\CortexM0\ARM_GCC_493\Debug\Design01.a(Timer.o)
                0x00000e0c                Timer_Enable
 .text.Timer_WriteCounter
                0x00000e28       0x10 .\CortexM0\ARM_GCC_493\Debug\Design01.a(Timer.o)
                0x00000e28                Timer_WriteCounter
 .text.Timer_ReadCounter
                0x00000e38       0x10 .\CortexM0\ARM_GCC_493\Debug\Design01.a(Timer.o)
                0x00000e38                Timer_ReadCounter
 .text.Timer_WritePeriod
                0x00000e48       0x10 .\CortexM0\ARM_GCC_493\Debug\Design01.a(Timer.o)
                0x00000e48                Timer_WritePeriod
 .text.Timer_SetInterruptMode
                0x00000e58        0xc .\CortexM0\ARM_GCC_493\Debug\Design01.a(Timer.o)
                0x00000e58                Timer_SetInterruptMode
 .text.Timer_Init
                0x00000e64       0x30 .\CortexM0\ARM_GCC_493\Debug\Design01.a(Timer.o)
                0x00000e64                Timer_Init
 .text.Timer_Start
                0x00000e94       0x20 .\CortexM0\ARM_GCC_493\Debug\Design01.a(Timer.o)
                0x00000e94                Timer_Start
 .text.Timer_ClearInterrupt
                0x00000eb4        0xc .\CortexM0\ARM_GCC_493\Debug\Design01.a(Timer.o)
                0x00000eb4                Timer_ClearInterrupt
 .text.ISR_SetVector
                0x00000ec0        0xc .\CortexM0\ARM_GCC_493\Debug\Design01.a(ISR.o)
                0x00000ec0                ISR_SetVector
 .text.ISR_SetPriority
                0x00000ecc       0x20 .\CortexM0\ARM_GCC_493\Debug\Design01.a(ISR.o)
                0x00000ecc                ISR_SetPriority
 .text.ISR_Enable
                0x00000eec       0x10 .\CortexM0\ARM_GCC_493\Debug\Design01.a(ISR.o)
                0x00000eec                ISR_Enable
 .text.ISR_Disable
                0x00000efc       0x10 .\CortexM0\ARM_GCC_493\Debug\Design01.a(ISR.o)
                0x00000efc                ISR_Disable
 .text.ISR_StartEx
                0x00000f0c       0x1c .\CortexM0\ARM_GCC_493\Debug\Design01.a(ISR.o)
                0x00000f0c                ISR_StartEx
 .text.UART_print_ScbModePostEnable
                0x00000f28        0x8 .\CortexM0\ARM_GCC_493\Debug\Design01.a(UART_print.o)
 .text.UART_print_Init
                0x00000f30        0x8 .\CortexM0\ARM_GCC_493\Debug\Design01.a(UART_print.o)
                0x00000f30                UART_print_Init
 .text.UART_print_Enable
                0x00000f38       0x18 .\CortexM0\ARM_GCC_493\Debug\Design01.a(UART_print.o)
                0x00000f38                UART_print_Enable
 .text.UART_print_Start
                0x00000f50       0x20 .\CortexM0\ARM_GCC_493\Debug\Design01.a(UART_print.o)
                0x00000f50                UART_print_Start
 .text.UART_print_UartInit
                0x00000f70       0x90 .\CortexM0\ARM_GCC_493\Debug\Design01.a(UART_print_UART.o)
                0x00000f70                UART_print_UartInit
 .text.UART_print_UartPostEnable
                0x00001000       0x1c .\CortexM0\ARM_GCC_493\Debug\Design01.a(UART_print_UART.o)
                0x00001000                UART_print_UartPostEnable
 .text.UART_print_UartPutString
                0x0000101c       0x18 .\CortexM0\ARM_GCC_493\Debug\Design01.a(UART_print_UART.o)
                0x0000101c                UART_print_UartPutString
 .text.I2C_1_ScbEnableIntr
                0x00001034        0xc .\CortexM0\ARM_GCC_493\Debug\Design01.a(I2C_1.o)
 .text.I2C_1_Init
                0x00001040        0x8 .\CortexM0\ARM_GCC_493\Debug\Design01.a(I2C_1.o)
                0x00001040                I2C_1_Init
 .text.I2C_1_Enable
                0x00001048       0x18 .\CortexM0\ARM_GCC_493\Debug\Design01.a(I2C_1.o)
                0x00001048                I2C_1_Enable
 .text.I2C_1_Start
                0x00001060       0x20 .\CortexM0\ARM_GCC_493\Debug\Design01.a(I2C_1.o)
                0x00001060                I2C_1_Start
 .text.I2C_1_I2CSlaveNackGeneration
                0x00001080       0x3c .\CortexM0\ARM_GCC_493\Debug\Design01.a(I2C_1.o)
                0x00001080                I2C_1_I2CSlaveNackGeneration
 .text.I2C_1_I2CInit
                0x000010bc       0xd8 .\CortexM0\ARM_GCC_493\Debug\Design01.a(I2C_1_I2C.o)
                0x000010bc                I2C_1_I2CInit
 .text.I2C_1_I2CSlaveStatus
                0x00001194        0xc .\CortexM0\ARM_GCC_493\Debug\Design01.a(I2C_1_I2C_SLAVE.o)
                0x00001194                I2C_1_I2CSlaveStatus
 .text.I2C_1_I2CSlaveClearReadStatus
                0x000011a0       0x28 .\CortexM0\ARM_GCC_493\Debug\Design01.a(I2C_1_I2C_SLAVE.o)
                0x000011a0                I2C_1_I2CSlaveClearReadStatus
 .text.I2C_1_I2CSlaveInitWriteBuf
                0x000011c8       0x34 .\CortexM0\ARM_GCC_493\Debug\Design01.a(I2C_1_I2C_SLAVE.o)
                0x000011c8                I2C_1_I2CSlaveInitWriteBuf
 .text.I2C_1_I2CSlaveGetWriteBufSize
                0x000011fc        0xc .\CortexM0\ARM_GCC_493\Debug\Design01.a(I2C_1_I2C_SLAVE.o)
                0x000011fc                I2C_1_I2CSlaveGetWriteBufSize
 .text.I2C_1_I2CSlaveClearReadBuf
                0x00001208        0xc .\CortexM0\ARM_GCC_493\Debug\Design01.a(I2C_1_I2C_SLAVE.o)
                0x00001208                I2C_1_I2CSlaveClearReadBuf
 .text.I2C_1_I2CSlaveClearWriteBuf
                0x00001214        0xc .\CortexM0\ARM_GCC_493\Debug\Design01.a(I2C_1_I2C_SLAVE.o)
                0x00001214                I2C_1_I2CSlaveClearWriteBuf
 .text          0x00001220       0x28 .\CortexM0\ARM_GCC_493\Debug\Design01.a(CyBootAsmGnu.o)
                0x00001220                CyDelayCycles
                0x00001234                CyEnterCriticalSection
                0x0000123c                CyExitCriticalSection
 .text.UART_print_SpiUartWriteTxData
                0x00001248       0x1c .\CortexM0\ARM_GCC_493\Debug\Design01.a(UART_print_SPI_UART.o)
                0x00001248                UART_print_SpiUartWriteTxData
 .text.I2C_1_I2C_ISR
                0x00001264      0x418 .\CortexM0\ARM_GCC_493\Debug\Design01.a(I2C_1_I2C_INT.o)
                0x00001264                I2C_1_I2C_ISR
 .text          0x0000167c      0x120 c:/program files (x86)/cypress/psoc creator/3.3/psoc creator/import/gnu/arm/4.9.3/bin/../lib/gcc/arm-none-eabi/4.9.3/armv6-m\libgcc.a(_udivsi3.o)
                0x0000167c                __aeabi_uidiv
                0x0000167c                __udivsi3
                0x00001788                __aeabi_uidivmod
 .text          0x0000179c      0x1e0 c:/program files (x86)/cypress/psoc creator/3.3/psoc creator/import/gnu/arm/4.9.3/bin/../lib/gcc/arm-none-eabi/4.9.3/armv6-m\libgcc.a(_divsi3.o)
                0x0000179c                __divsi3
                0x0000179c                __aeabi_idiv
                0x00001968                __aeabi_idivmod
 .text          0x0000197c        0x4 c:/program files (x86)/cypress/psoc creator/3.3/psoc creator/import/gnu/arm/4.9.3/bin/../lib/gcc/arm-none-eabi/4.9.3/armv6-m\libgcc.a(_dvmd_tls.o)
                0x0000197c                __aeabi_idiv0
                0x0000197c                __aeabi_ldiv0
 .text          0x00001980       0x7c c:/program files (x86)/cypress/psoc creator/3.3/psoc creator/import/gnu/arm/4.9.3/bin/../lib/gcc/arm-none-eabi/4.9.3/armv6-m\libgcc.a(_arm_cmpdf2.o)
                0x00001980                __aeabi_cdrcmple
                0x00001990                __aeabi_cdcmple
                0x00001990                __aeabi_cdcmpeq
                0x000019a0                __aeabi_dcmpeq
                0x000019ac                __aeabi_dcmplt
                0x000019c0                __aeabi_dcmple
                0x000019d4                __aeabi_dcmpgt
                0x000019e8                __aeabi_dcmpge
 .text          0x000019fc      0x650 c:/program files (x86)/cypress/psoc creator/3.3/psoc creator/import/gnu/arm/4.9.3/bin/../lib/gcc/arm-none-eabi/4.9.3/armv6-m\libgcc.a(adddf3.o)
                0x000019fc                __aeabi_dadd
 .text          0x0000204c       0x88 c:/program files (x86)/cypress/psoc creator/3.3/psoc creator/import/gnu/arm/4.9.3/bin/../lib/gcc/arm-none-eabi/4.9.3/armv6-m\libgcc.a(eqdf2.o)
                0x0000204c                __nedf2
                0x0000204c                __eqdf2
 .text          0x000020d4       0xe0 c:/program files (x86)/cypress/psoc creator/3.3/psoc creator/import/gnu/arm/4.9.3/bin/../lib/gcc/arm-none-eabi/4.9.3/armv6-m\libgcc.a(gedf2.o)
                0x000020d4                __gedf2
                0x000020d4                __gtdf2
 .text          0x000021b4       0xcc c:/program files (x86)/cypress/psoc creator/3.3/psoc creator/import/gnu/arm/4.9.3/bin/../lib/gcc/arm-none-eabi/4.9.3/armv6-m\libgcc.a(ledf2.o)
                0x000021b4                __ledf2
                0x000021b4                __ltdf2
 .text          0x00002280      0x6f4 c:/program files (x86)/cypress/psoc creator/3.3/psoc creator/import/gnu/arm/4.9.3/bin/../lib/gcc/arm-none-eabi/4.9.3/armv6-m\libgcc.a(subdf3.o)
                0x00002280                __aeabi_dsub
 .text          0x00002974       0x6c c:/program files (x86)/cypress/psoc creator/3.3/psoc creator/import/gnu/arm/4.9.3/bin/../lib/gcc/arm-none-eabi/4.9.3/armv6-m\libgcc.a(fixdfsi.o)
                0x00002974                __aeabi_d2iz
 .text          0x000029e0       0x78 c:/program files (x86)/cypress/psoc creator/3.3/psoc creator/import/gnu/arm/4.9.3/bin/../lib/gcc/arm-none-eabi/4.9.3/armv6-m\libgcc.a(floatsidf.o)
                0x000029e0                __aeabi_i2d
 .text          0x00002a58       0x3c c:/program files (x86)/cypress/psoc creator/3.3/psoc creator/import/gnu/arm/4.9.3/bin/../lib/gcc/arm-none-eabi/4.9.3/armv6-m\libgcc.a(_clzsi2.o)
                0x00002a58                __clzsi2
 .text.__errno  0x00002a94        0xc c:/program files (x86)/cypress/psoc creator/3.3/psoc creator/import/gnu/arm/4.9.3/bin/../lib/gcc/arm-none-eabi/4.9.3/../../../../arm-none-eabi/lib/armv6-m\libg_nano.a(lib_a-errno.o)
                0x00002a94                __errno
 .text.__libc_init_array
                0x00002aa0       0x4c c:/program files (x86)/cypress/psoc creator/3.3/psoc creator/import/gnu/arm/4.9.3/bin/../lib/gcc/arm-none-eabi/4.9.3/../../../../arm-none-eabi/lib/armv6-m\libg_nano.a(lib_a-init.o)
                0x00002aa0                __libc_init_array
 .text.memset   0x00002aec       0x10 c:/program files (x86)/cypress/psoc creator/3.3/psoc creator/import/gnu/arm/4.9.3/bin/../lib/gcc/arm-none-eabi/4.9.3/../../../../arm-none-eabi/lib/armv6-m\libg_nano.a(lib_a-memset.o)
                0x00002aec                memset
 .text.sprintf  0x00002afc       0x44 c:/program files (x86)/cypress/psoc creator/3.3/psoc creator/import/gnu/arm/4.9.3/bin/../lib/gcc/arm-none-eabi/4.9.3/../../../../arm-none-eabi/lib/armv6-m\libg_nano.a(lib_a-sprintf.o)
                0x00002afc                siprintf
                0x00002afc                sprintf
 .text.__ssputs_r
                0x00002b40       0xc0 c:/program files (x86)/cypress/psoc creator/3.3/psoc creator/import/gnu/arm/4.9.3/bin/../lib/gcc/arm-none-eabi/4.9.3/../../../../arm-none-eabi/lib/armv6-m\libg_nano.a(lib_a-nano-svfprintf.o)
                0x00002b40                __ssputs_r
 .text._svfprintf_r
                0x00002c00      0x1ec c:/program files (x86)/cypress/psoc creator/3.3/psoc creator/import/gnu/arm/4.9.3/bin/../lib/gcc/arm-none-eabi/4.9.3/../../../../arm-none-eabi/lib/armv6-m\libg_nano.a(lib_a-nano-svfprintf.o)
                0x00002c00                _svfiprintf_r
                0x00002c00                _svfprintf_r
 .text._printf_common
                0x00002dec       0xdc c:/program files (x86)/cypress/psoc creator/3.3/psoc creator/import/gnu/arm/4.9.3/bin/../lib/gcc/arm-none-eabi/4.9.3/../../../../arm-none-eabi/lib/armv6-m\libg_nano.a(lib_a-nano-vfprintf_i.o)
                0x00002dec                _printf_common
 .text._printf_i
                0x00002ec8      0x230 c:/program files (x86)/cypress/psoc creator/3.3/psoc creator/import/gnu/arm/4.9.3/bin/../lib/gcc/arm-none-eabi/4.9.3/../../../../arm-none-eabi/lib/armv6-m\libg_nano.a(lib_a-nano-vfprintf_i.o)
                0x00002ec8                _printf_i
 .text.memchr   0x000030f8       0x16 c:/program files (x86)/cypress/psoc creator/3.3/psoc creator/import/gnu/arm/4.9.3/bin/../lib/gcc/arm-none-eabi/4.9.3/../../../../arm-none-eabi/lib/armv6-m\libg_nano.a(lib_a-memchr.o)
                0x000030f8                memchr
 .text.memcpy   0x0000310e       0x12 c:/program files (x86)/cypress/psoc creator/3.3/psoc creator/import/gnu/arm/4.9.3/bin/../lib/gcc/arm-none-eabi/4.9.3/../../../../arm-none-eabi/lib/armv6-m\libg_nano.a(lib_a-memcpy.o)
                0x0000310e                memcpy
 .text.memmove  0x00003120       0x28 c:/program files (x86)/cypress/psoc creator/3.3/psoc creator/import/gnu/arm/4.9.3/bin/../lib/gcc/arm-none-eabi/4.9.3/../../../../arm-none-eabi/lib/armv6-m\libg_nano.a(lib_a-memmove.o)
                0x00003120                memmove
 .text._free_r  0x00003148       0x8c c:/program files (x86)/cypress/psoc creator/3.3/psoc creator/import/gnu/arm/4.9.3/bin/../lib/gcc/arm-none-eabi/4.9.3/../../../../arm-none-eabi/lib/armv6-m\libg_nano.a(lib_a-nano-freer.o)
                0x00003148                _free_r
 .text._malloc_r
                0x000031d4       0xb0 c:/program files (x86)/cypress/psoc creator/3.3/psoc creator/import/gnu/arm/4.9.3/bin/../lib/gcc/arm-none-eabi/4.9.3/../../../../arm-none-eabi/lib/armv6-m\libg_nano.a(lib_a-nano-mallocr.o)
                0x000031d4                _malloc_r
 .text._realloc_r
                0x00003284       0x4c c:/program files (x86)/cypress/psoc creator/3.3/psoc creator/import/gnu/arm/4.9.3/bin/../lib/gcc/arm-none-eabi/4.9.3/../../../../arm-none-eabi/lib/armv6-m\libg_nano.a(lib_a-nano-reallocr.o)
                0x00003284                _realloc_r
 .text._sbrk_r  0x000032d0       0x24 c:/program files (x86)/cypress/psoc creator/3.3/psoc creator/import/gnu/arm/4.9.3/bin/../lib/gcc/arm-none-eabi/4.9.3/../../../../arm-none-eabi/lib/armv6-m\libg_nano.a(lib_a-sbrkr.o)
                0x000032d0                _sbrk_r
 .text._malloc_usable_size_r
                0x000032f4       0x16 c:/program files (x86)/cypress/psoc creator/3.3/psoc creator/import/gnu/arm/4.9.3/bin/../lib/gcc/arm-none-eabi/4.9.3/../../../../arm-none-eabi/lib/armv6-m\libg_nano.a(lib_a-nano-msizer.o)
                0x000032f4                _malloc_usable_size_r
 *(.plt)
 *(.gnu.warning)
 *(.glue_7t)
 .glue_7t       0x00000000        0x0 linker stubs
 *(.glue_7)
 .glue_7        0x00000000        0x0 linker stubs
 *(.vfp11_veneer)
 .vfp11_veneer  0x00000000        0x0 linker stubs
 *(.bootloader)
 *(.ARM.extab* .gnu.linkonce.armextab.*)
 *(.gcc_except_table)

.v4_bx          0x0000330c        0x0
 .v4_bx         0x00000000        0x0 linker stubs

.iplt           0x0000330c        0x0
 .iplt          0x00000000        0x0 c:/program files (x86)/cypress/psoc creator/3.3/psoc creator/import/gnu/arm/4.9.3/bin/../lib/gcc/arm-none-eabi/4.9.3/armv6-m/crtbegin.o

.eh_frame_hdr
 *(.eh_frame_hdr)

.eh_frame       0x0000330c        0x4
 *(.eh_frame)
 .eh_frame      0x0000330c        0x0 c:/program files (x86)/cypress/psoc creator/3.3/psoc creator/import/gnu/arm/4.9.3/bin/../lib/gcc/arm-none-eabi/4.9.3/armv6-m/crtbegin.o
 .eh_frame      0x0000330c        0x4 c:/program files (x86)/cypress/psoc creator/3.3/psoc creator/import/gnu/arm/4.9.3/bin/../lib/gcc/arm-none-eabi/4.9.3/armv6-m/crtend.o
                0x00003310                PROVIDE (__exidx_start, .)

.ARM.exidx
 *(.ARM.exidx* .gnu.linkonce.armexidx.*)
                0x00003310                __exidx_end = .

.rodata         0x00003310      0x308
 *(.rodata .rodata.* .gnu.linkonce.r.*)
 .rodata.str1.4
                0x00003310        0xc .\CortexM0\ARM_GCC_493\Debug\distance.o
 .rodata        0x0000331c       0xec .\CortexM0\ARM_GCC_493\Debug\test.o
                0x00003404                setDistance
 .rodata.str1.4
                0x00003408       0x20 .\CortexM0\ARM_GCC_493\Debug\test.o
 .rodata        0x00003428      0x144 .\CortexM0\ARM_GCC_493\Debug\Design01.a(cyfitter_cfg.o)
 .rodata        0x0000356c       0x30 .\CortexM0\ARM_GCC_493\Debug\Design01.a(CyLib.o)
                0x0000356c                cyImoFreqMhz2Reg
 .rodata        0x0000359c        0xc .\CortexM0\ARM_GCC_493\Debug\Design01.a(ADC.o)
 .rodata.str1.1
                0x000035a8        0x2 c:/program files (x86)/cypress/psoc creator/3.3/psoc creator/import/gnu/arm/4.9.3/bin/../lib/gcc/arm-none-eabi/4.9.3/../../../../arm-none-eabi/lib/armv6-m\libg_nano.a(lib_a-impure.o)
 .rodata.str1.1
                0x000035aa       0x11 c:/program files (x86)/cypress/psoc creator/3.3/psoc creator/import/gnu/arm/4.9.3/bin/../lib/gcc/arm-none-eabi/4.9.3/../../../../arm-none-eabi/lib/armv6-m\libg_nano.a(lib_a-nano-svfprintf.o)
 .rodata.str1.1
                0x000035bb       0x22 c:/program files (x86)/cypress/psoc creator/3.3/psoc creator/import/gnu/arm/4.9.3/bin/../lib/gcc/arm-none-eabi/4.9.3/../../../../arm-none-eabi/lib/armv6-m\libg_nano.a(lib_a-nano-vfprintf_i.o)
                0x000035e0                . = ALIGN (0x4)
 *fill*         0x000035dd        0x3 
 *(.init)
 .init          0x000035e0        0x4 c:/program files (x86)/cypress/psoc creator/3.3/psoc creator/import/gnu/arm/4.9.3/bin/../lib/gcc/arm-none-eabi/4.9.3/armv6-m/crti.o
                0x000035e0                _init
 .init          0x000035e4        0x8 c:/program files (x86)/cypress/psoc creator/3.3/psoc creator/import/gnu/arm/4.9.3/bin/../lib/gcc/arm-none-eabi/4.9.3/armv6-m/crtn.o
                0x000035ec                . = ALIGN (0x4)
                0x000035ec                __preinit_array_start = .
 *(.preinit_array)
                0x000035ec                __preinit_array_end = .
                0x000035ec                . = ALIGN (0x4)
                0x000035ec                __init_array_start = .
 *(SORT(.init_array.*))
 *(.init_array)
 .init_array    0x000035ec        0x4 c:/program files (x86)/cypress/psoc creator/3.3/psoc creator/import/gnu/arm/4.9.3/bin/../lib/gcc/arm-none-eabi/4.9.3/armv6-m/crtbegin.o
 .init_array    0x000035f0        0x4 .\CortexM0\ARM_GCC_493\Debug\Cm0Start.o
                0x000035f4                __init_array_end = .
                0x000035f4                . = ALIGN (0x4)
 *(.fini)
 .fini          0x000035f4        0x4 c:/program files (x86)/cypress/psoc creator/3.3/psoc creator/import/gnu/arm/4.9.3/bin/../lib/gcc/arm-none-eabi/4.9.3/armv6-m/crti.o
                0x000035f4                _fini
 .fini          0x000035f8        0x8 c:/program files (x86)/cypress/psoc creator/3.3/psoc creator/import/gnu/arm/4.9.3/bin/../lib/gcc/arm-none-eabi/4.9.3/armv6-m/crtn.o
                0x00003600                . = ALIGN (0x4)
                0x00003600                __fini_array_start = .
 *(.fini_array)
 .fini_array    0x00003600        0x4 c:/program files (x86)/cypress/psoc creator/3.3/psoc creator/import/gnu/arm/4.9.3/bin/../lib/gcc/arm-none-eabi/4.9.3/armv6-m/crtbegin.o
 *(SORT(.fini_array.*))
                0x00003604                __fini_array_end = .
                0x00003604                . = ALIGN (0x4)
 *crtbegin.o(.ctors)
 *(EXCLUDE_FILE(*crtend.o) .ctors)
 *(SORT(.ctors.*))
 *crtend.o(.ctors)
                0x00003604                . = ALIGN (0x4)
 *crtbegin.o(.dtors)
 *(EXCLUDE_FILE(*crtend.o) .dtors)
 *(SORT(.dtors.*))
 *crtend.o(.dtors)
                0x00003604                . = ALIGN (0x4)
                0x00003604                __cy_regions = .
                0x00003604        0x4 LONG 0x3618 __cy_region_init_ram
                0x00003608        0x4 LONG 0x200000c8 __cy_region_start_data
                0x0000360c        0x4 LONG 0x188 __cy_region_init_size_ram
                0x00003610        0x4 LONG 0xe0 __cy_region_zero_size_ram
                0x00003614                __cy_regions_end = .
                0x00003618                . = ALIGN (0x8)
 *fill*         0x00003614        0x4 
                0x00003618                _etext = .

.cy_checksum_exclude
                0x00003618        0x0
 *(.cy_checksum_exclude)

.ramvectors     0x20000000       0xc0
                0x20000000                __cy_region_start_ram = .
 *(.ramvectors)
 .ramvectors    0x20000000       0xc0 .\CortexM0\ARM_GCC_493\Debug\Cm0Start.o
                0x20000000                CyRamVectors

.noinit         0x200000c0        0x4
 *(.noinit)
 .noinit        0x200000c0        0x4 .\CortexM0\ARM_GCC_493\Debug\Cm0Start.o

.data           0x200000c8      0x188 load address 0x00003618
                0x200000c8                __cy_region_start_data = .
 *(.jcr)
 .jcr           0x200000c8        0x0 c:/program files (x86)/cypress/psoc creator/3.3/psoc creator/import/gnu/arm/4.9.3/bin/../lib/gcc/arm-none-eabi/4.9.3/armv6-m/crtbegin.o
 .jcr           0x200000c8        0x4 c:/program files (x86)/cypress/psoc creator/3.3/psoc creator/import/gnu/arm/4.9.3/bin/../lib/gcc/arm-none-eabi/4.9.3/armv6-m/crtend.o
 *(.got.plt)
 *(.got)
 *(.shdata)
 *(.data .data.* .gnu.linkonce.d.*)
 .data          0x200000cc       0x20 .\CortexM0\ARM_GCC_493\Debug\distance.o
                0x200000cc                test_string1
                0x200000dc                test_string2
 .data          0x200000ec       0xe4 .\CortexM0\ARM_GCC_493\Debug\test.o
                0x200000ec                test2
                0x20000108                test1
                0x20000120                test3
                0x2000013c                test4
                0x2000015c                test5
                0x20000178                test6
                0x2000019c                test7
                0x200001b0                test8
                0x200001cc                distanceFlag
 .data          0x200001d0        0x4 .\CortexM0\ARM_GCC_493\Debug\Cm0Start.o
 .data          0x200001d4       0x10 .\CortexM0\ARM_GCC_493\Debug\Design01.a(CyLib.o)
                0x200001d4                cydelay32kMs
                0x200001d8                cydelayFreqKhz
                0x200001dc                cydelayFreqMhz
                0x200001e0                cydelayFreqHz
 .data          0x200001e4        0x4 .\CortexM0\ARM_GCC_493\Debug\Design01.a(CyLFClk.o)
 .data.impure_data
                0x200001e8       0x60 c:/program files (x86)/cypress/psoc creator/3.3/psoc creator/import/gnu/arm/4.9.3/bin/../lib/gcc/arm-none-eabi/4.9.3/../../../../arm-none-eabi/lib/armv6-m\libg_nano.a(lib_a-impure.o)
 .data._impure_ptr
                0x20000248        0x4 c:/program files (x86)/cypress/psoc creator/3.3/psoc creator/import/gnu/arm/4.9.3/bin/../lib/gcc/arm-none-eabi/4.9.3/../../../../arm-none-eabi/lib/armv6-m\libg_nano.a(lib_a-impure.o)
                0x20000248                _impure_ptr
                0x20000250                . = ALIGN (0x8)
 *fill*         0x2000024c        0x4 
 *(.ram)
                0x20000250                _edata = .

.igot.plt       0x20000250        0x0 load address 0x000037a0
 .igot.plt      0x00000000        0x0 c:/program files (x86)/cypress/psoc creator/3.3/psoc creator/import/gnu/arm/4.9.3/bin/../lib/gcc/arm-none-eabi/4.9.3/armv6-m/crtbegin.o

.bss            0x20000250       0xe0 load address 0x000037a0
                0x20000250                PROVIDE (__bss_start__, .)
 *(.shbss)
 *(.bss .bss.* .gnu.linkonce.b.*)
 .bss           0x20000250       0x1c c:/program files (x86)/cypress/psoc creator/3.3/psoc creator/import/gnu/arm/4.9.3/bin/../lib/gcc/arm-none-eabi/4.9.3/armv6-m/crtbegin.o
 .bss           0x2000026c        0x8 .\CortexM0\ARM_GCC_493\Debug\distance.o
 .bss           0x20000274       0x10 .\CortexM0\ARM_GCC_493\Debug\test.o
                0x20000274                buffer
                0x20000278                mode
                0x2000027c                start
                0x2000027d                readObjData
                0x20000280                i
 .bss           0x20000284       0x1c .\CortexM0\ARM_GCC_493\Debug\Design01.a(CyLFClk.o)
 .bss           0x200002a0        0x1 .\CortexM0\ARM_GCC_493\Debug\Design01.a(ADC.o)
                0x200002a0                ADC_initVar
 .bss           0x200002a1        0x1 .\CortexM0\ARM_GCC_493\Debug\Design01.a(PWM_venstre.o)
                0x200002a1                PWM_venstre_initVar
 .bss           0x200002a2        0x1 .\CortexM0\ARM_GCC_493\Debug\Design01.a(Timer.o)
                0x200002a2                Timer_initVar
 .bss           0x200002a3        0x1 .\CortexM0\ARM_GCC_493\Debug\Design01.a(UART_print.o)
                0x200002a3                UART_print_initVar
 .bss           0x200002a4        0x8 .\CortexM0\ARM_GCC_493\Debug\Design01.a(I2C_1.o)
                0x200002a4                I2C_1_initVar
                0x200002a8                I2C_1_customIntrHandler
 .bss.__malloc_sbrk_start
                0x200002ac        0x4 c:/program files (x86)/cypress/psoc creator/3.3/psoc creator/import/gnu/arm/4.9.3/bin/../lib/gcc/arm-none-eabi/4.9.3/../../../../arm-none-eabi/lib/armv6-m\libg_nano.a(lib_a-nano-mallocr.o)
                0x200002ac                __malloc_sbrk_start
 .bss.__malloc_free_list
                0x200002b0        0x4 c:/program files (x86)/cypress/psoc creator/3.3/psoc creator/import/gnu/arm/4.9.3/bin/../lib/gcc/arm-none-eabi/4.9.3/../../../../arm-none-eabi/lib/armv6-m\libg_nano.a(lib_a-nano-mallocr.o)
                0x200002b0                __malloc_free_list
 *(COMMON)
 COMMON         0x200002b4       0x18 .\CortexM0\ARM_GCC_493\Debug\distance.o
                0x200002b4                p2
                0x200002b8                value
 COMMON         0x200002cc        0x4 .\CortexM0\ARM_GCC_493\Debug\I2Cslave.o
                0x200002cc                wrbuf
 COMMON         0x200002d0       0x26 .\CortexM0\ARM_GCC_493\Debug\test.o
                0x200002d0                Volt
                0x200002d4                dataRdy
                0x200002d8                p1
                0x200002dc                V
                0x200002e0                val
                0x200002f4                result
 *fill*         0x200002f6        0x2 
 COMMON         0x200002f8        0xc .\CortexM0\ARM_GCC_493\Debug\Design01.a(ADC.o)
                0x200002f8                ADC_countsPer10Volt
                0x20000300                ADC_offset
 COMMON         0x20000304        0x1 .\CortexM0\ARM_GCC_493\Debug\Design01.a(I2C_1_I2C.o)
                0x20000304                I2C_1_state
 *fill*         0x20000305        0x3 
 COMMON         0x20000308       0x20 .\CortexM0\ARM_GCC_493\Debug\Design01.a(I2C_1_I2C_SLAVE.o)
                0x20000308                I2C_1_slRdBufIndex
                0x2000030c                I2C_1_slOverFlowCount
                0x2000030d                I2C_1_slStatus
                0x20000310                I2C_1_slWrBufSize
                0x20000314                I2C_1_slRdBufPtr
                0x20000318                I2C_1_slRdBufIndexTmp
                0x2000031c                I2C_1_slWrBufIndex
                0x20000320                I2C_1_slWrBufPtr
                0x20000324                I2C_1_slRdBufSize
 COMMON         0x20000328        0x4 c:/program files (x86)/cypress/psoc creator/3.3/psoc creator/import/gnu/arm/4.9.3/bin/../lib/gcc/arm-none-eabi/4.9.3/../../../../arm-none-eabi/lib/armv6-m\libg_nano.a(lib_a-reent.o)
                0x20000328                errno
                0x20000330                . = ALIGN (0x8)
 *fill*         0x2000032c        0x4 
 *(.ram.b)
                0x20000330                _end = .
                0x20000330                __end = .
                0x20000330                PROVIDE (end, .)
                0x20000330                PROVIDE (__bss_end__, .)
                0x00003618                __cy_region_init_ram = LOADADDR (.data)
                0x00000188                __cy_region_init_size_ram = (_edata - ADDR (.data))
                0x000000e0                __cy_region_zero_size_ram = (_end - _edata)

.heap           0x20000330       0x80 load address 0x000037a0
                0x20000330                . = _end
                0x200003b0                . = (. + 0x80)
 *fill*         0x20000330       0x80 
                0x200003b0                __cy_heap_limit = .

.stack          0x20000c00      0x400
                0x20000c00                __cy_stack_limit = .
                0x20001000                . = (. + 0x400)
 *fill*         0x20000c00      0x400 
                0x00000001                ASSERT ((__cy_stack_limit >= __cy_heap_limit), region RAM overflowed with stack)
                0x00000000                cy_checksum_exclude_size = (CY_APPL_LOADABLE == 0x1)?SIZEOF (.cy_checksum_exclude):0x0
                0x00000001                ASSERT ((cy_checksum_exclude_size <= CY_CHECKSUM_EXCLUDE_SIZE), CY_BOOT: Section .cy_checksum_exclude size exceedes specified limit.)
                0x00007fc0                cyloadermeta_start = (cy_project_type_bootloader || cy_project_type_app_for_stack_and_copier)?(0x8000 - CY_METADATA_SIZE):0xf0000000

.cyloadermeta
 *(.cyloadermeta)
                0x00007fc0                cyloadablemeta_start = cy_project_type_app_for_stack_and_copier?((0x8000 - CY_FLASH_ROW_SIZE) - CY_METADATA_SIZE):((0x8000 - (CY_FLASH_ROW_SIZE * (CY_APPL_NUM - 0x1))) - CY_METADATA_SIZE)

.cyloadablemeta
 *(.cyloadablemeta)

.cyflashprotect
                0x90400000       0x20
 *(.cyflashprotect)
 .cyflashprotect
                0x90400000       0x20 .\CortexM0\ARM_GCC_493\Debug\cymetadata.o
                0x90400000                cy_meta_flashprotect

.cymeta         0x90500000        0xc
 *(.cymeta)
 .cymeta        0x90500000        0xc .\CortexM0\ARM_GCC_493\Debug\cymetadata.o
                0x90500000                cy_metadata

.cychipprotect  0x90600000        0x4
 *(.cychipprotect)
 .cychipprotect
                0x90600000        0x4 .\CortexM0\ARM_GCC_493\Debug\cymetadata.o
                0x90600000                cy_meta_chipprotect

.rel.dyn        0x000037a0        0x0 load address 0x90600004
 .rel.iplt      0x00000000        0x0 c:/program files (x86)/cypress/psoc creator/3.3/psoc creator/import/gnu/arm/4.9.3/bin/../lib/gcc/arm-none-eabi/4.9.3/armv6-m/crtbegin.o

.stab
 *(.stab)

.stabstr
 *(.stabstr)

.debug
 *(.debug)

.line
 *(.line)

.debug_srcinfo
 *(.debug_srcinfo)

.debug_sfnames
 *(.debug_sfnames)

.debug_aranges  0x00000000      0xa70
 *(.debug_aranges)
 .debug_aranges
                0x00000000       0x48 .\CortexM0\ARM_GCC_493\Debug\regulering.o
 .debug_aranges
                0x00000048       0x28 .\CortexM0\ARM_GCC_493\Debug\distance.o
 .debug_aranges
                0x00000070       0x28 .\CortexM0\ARM_GCC_493\Debug\I2Cslave.o
 .debug_aranges
                0x00000098       0x20 .\CortexM0\ARM_GCC_493\Debug\test.o
 .debug_aranges
                0x000000b8       0x18 .\CortexM0\ARM_GCC_493\Debug\cymetadata.o
 .debug_aranges
                0x000000d0       0x48 .\CortexM0\ARM_GCC_493\Debug\Cm0Start.o
 .debug_aranges
                0x00000118       0x48 .\CortexM0\ARM_GCC_493\Debug\Design01.a(cyfitter_cfg.o)
 .debug_aranges
                0x00000160      0x178 .\CortexM0\ARM_GCC_493\Debug\Design01.a(CyLib.o)
 .debug_aranges
                0x000002d8      0x120 .\CortexM0\ARM_GCC_493\Debug\Design01.a(CyLFClk.o)
 .debug_aranges
                0x000003f8       0x98 .\CortexM0\ARM_GCC_493\Debug\Design01.a(PWM_hojre.o)
 .debug_aranges
                0x00000490       0xa8 .\CortexM0\ARM_GCC_493\Debug\Design01.a(ADC.o)
 .debug_aranges
                0x00000538       0x20 .\CortexM0\ARM_GCC_493\Debug\Design01.a(ADC_INT.o)
 .debug_aranges
                0x00000558       0x98 .\CortexM0\ARM_GCC_493\Debug\Design01.a(PWM_venstre.o)
 .debug_aranges
                0x000005f0       0x48 .\CortexM0\ARM_GCC_493\Debug\Design01.a(Trig.o)
 .debug_aranges
                0x00000638      0x158 .\CortexM0\ARM_GCC_493\Debug\Design01.a(Timer.o)
 .debug_aranges
                0x00000790       0x80 .\CortexM0\ARM_GCC_493\Debug\Design01.a(ISR.o)
 .debug_aranges
                0x00000810       0x60 .\CortexM0\ARM_GCC_493\Debug\Design01.a(UART_print.o)
 .debug_aranges
                0x00000870       0x60 .\CortexM0\ARM_GCC_493\Debug\Design01.a(UART_print_UART.o)
 .debug_aranges
                0x000008d0       0x68 .\CortexM0\ARM_GCC_493\Debug\Design01.a(I2C_1.o)
 .debug_aranges
                0x00000938       0x28 .\CortexM0\ARM_GCC_493\Debug\Design01.a(I2C_1_I2C.o)
 .debug_aranges
                0x00000960       0x70 .\CortexM0\ARM_GCC_493\Debug\Design01.a(I2C_1_I2C_SLAVE.o)
 .debug_aranges
                0x000009d0       0x20 .\CortexM0\ARM_GCC_493\Debug\Design01.a(CyBootAsmGnu.o)
 .debug_aranges
                0x000009f0       0x60 .\CortexM0\ARM_GCC_493\Debug\Design01.a(UART_print_SPI_UART.o)
 .debug_aranges
                0x00000a50       0x20 .\CortexM0\ARM_GCC_493\Debug\Design01.a(I2C_1_I2C_INT.o)

.debug_pubnames
 *(.debug_pubnames)

.debug_info     0x00000000     0x5a55
 *(.debug_info .gnu.linkonce.wi.*)
 .debug_info    0x00000000      0x515 .\CortexM0\ARM_GCC_493\Debug\regulering.o
 .debug_info    0x00000515      0x33b .\CortexM0\ARM_GCC_493\Debug\distance.o
 .debug_info    0x00000850      0x1b6 .\CortexM0\ARM_GCC_493\Debug\I2Cslave.o
 .debug_info    0x00000a06      0x557 .\CortexM0\ARM_GCC_493\Debug\test.o
 .debug_info    0x00000f5d       0xfe .\CortexM0\ARM_GCC_493\Debug\cymetadata.o
 .debug_info    0x0000105b      0x38e .\CortexM0\ARM_GCC_493\Debug\Cm0Start.o
 .debug_info    0x000013e9      0x420 .\CortexM0\ARM_GCC_493\Debug\Design01.a(cyfitter_cfg.o)
 .debug_info    0x00001809      0xad1 .\CortexM0\ARM_GCC_493\Debug\Design01.a(CyLib.o)
 .debug_info    0x000022da      0xc23 .\CortexM0\ARM_GCC_493\Debug\Design01.a(CyLFClk.o)
 .debug_info    0x00002efd      0x32f .\CortexM0\ARM_GCC_493\Debug\Design01.a(PWM_hojre.o)
 .debug_info    0x0000322c      0x5bf .\CortexM0\ARM_GCC_493\Debug\Design01.a(ADC.o)
 .debug_info    0x000037eb       0xc4 .\CortexM0\ARM_GCC_493\Debug\Design01.a(ADC_INT.o)
 .debug_info    0x000038af      0x32f .\CortexM0\ARM_GCC_493\Debug\Design01.a(PWM_venstre.o)
 .debug_info    0x00003bde      0x19d .\CortexM0\ARM_GCC_493\Debug\Design01.a(Trig.o)
 .debug_info    0x00003d7b      0x8dd .\CortexM0\ARM_GCC_493\Debug\Design01.a(Timer.o)
 .debug_info    0x00004658      0x300 .\CortexM0\ARM_GCC_493\Debug\Design01.a(ISR.o)
 .debug_info    0x00004958      0x21c .\CortexM0\ARM_GCC_493\Debug\Design01.a(UART_print.o)
 .debug_info    0x00004b74      0x2ad .\CortexM0\ARM_GCC_493\Debug\Design01.a(UART_print_UART.o)
 .debug_info    0x00004e21      0x2a9 .\CortexM0\ARM_GCC_493\Debug\Design01.a(I2C_1.o)
 .debug_info    0x000050ca      0x1a5 .\CortexM0\ARM_GCC_493\Debug\Design01.a(I2C_1_I2C.o)
 .debug_info    0x0000526f      0x38b .\CortexM0\ARM_GCC_493\Debug\Design01.a(I2C_1_I2C_SLAVE.o)
 .debug_info    0x000055fa       0xb7 .\CortexM0\ARM_GCC_493\Debug\Design01.a(CyBootAsmGnu.o)
 .debug_info    0x000056b1      0x217 .\CortexM0\ARM_GCC_493\Debug\Design01.a(UART_print_SPI_UART.o)
 .debug_info    0x000058c8      0x18d .\CortexM0\ARM_GCC_493\Debug\Design01.a(I2C_1_I2C_INT.o)

.debug_abbrev   0x00000000     0x1ea3
 *(.debug_abbrev)
 .debug_abbrev  0x00000000      0x1bb .\CortexM0\ARM_GCC_493\Debug\regulering.o
 .debug_abbrev  0x000001bb      0x181 .\CortexM0\ARM_GCC_493\Debug\distance.o
 .debug_abbrev  0x0000033c      0x12d .\CortexM0\ARM_GCC_493\Debug\I2Cslave.o
 .debug_abbrev  0x00000469      0x15f .\CortexM0\ARM_GCC_493\Debug\test.o
 .debug_abbrev  0x000005c8       0x5d .\CortexM0\ARM_GCC_493\Debug\cymetadata.o
 .debug_abbrev  0x00000625      0x1d5 .\CortexM0\ARM_GCC_493\Debug\Cm0Start.o
 .debug_abbrev  0x000007fa      0x1f3 .\CortexM0\ARM_GCC_493\Debug\Design01.a(cyfitter_cfg.o)
 .debug_abbrev  0x000009ed      0x20d .\CortexM0\ARM_GCC_493\Debug\Design01.a(CyLib.o)
 .debug_abbrev  0x00000bfa      0x226 .\CortexM0\ARM_GCC_493\Debug\Design01.a(CyLFClk.o)
 .debug_abbrev  0x00000e20      0x14d .\CortexM0\ARM_GCC_493\Debug\Design01.a(PWM_hojre.o)
 .debug_abbrev  0x00000f6d      0x1dd .\CortexM0\ARM_GCC_493\Debug\Design01.a(ADC.o)
 .debug_abbrev  0x0000114a       0x65 .\CortexM0\ARM_GCC_493\Debug\Design01.a(ADC_INT.o)
 .debug_abbrev  0x000011af      0x14d .\CortexM0\ARM_GCC_493\Debug\Design01.a(PWM_venstre.o)
 .debug_abbrev  0x000012fc       0xc8 .\CortexM0\ARM_GCC_493\Debug\Design01.a(Trig.o)
 .debug_abbrev  0x000013c4      0x133 .\CortexM0\ARM_GCC_493\Debug\Design01.a(Timer.o)
 .debug_abbrev  0x000014f7      0x1b4 .\CortexM0\ARM_GCC_493\Debug\Design01.a(ISR.o)
 .debug_abbrev  0x000016ab       0xed .\CortexM0\ARM_GCC_493\Debug\Design01.a(UART_print.o)
 .debug_abbrev  0x00001798      0x12c .\CortexM0\ARM_GCC_493\Debug\Design01.a(UART_print_UART.o)
 .debug_abbrev  0x000018c4      0x15b .\CortexM0\ARM_GCC_493\Debug\Design01.a(I2C_1.o)
 .debug_abbrev  0x00001a1f       0xf3 .\CortexM0\ARM_GCC_493\Debug\Design01.a(I2C_1_I2C.o)
 .debug_abbrev  0x00001b12      0x170 .\CortexM0\ARM_GCC_493\Debug\Design01.a(I2C_1_I2C_SLAVE.o)
 .debug_abbrev  0x00001c82       0x14 .\CortexM0\ARM_GCC_493\Debug\Design01.a(CyBootAsmGnu.o)
 .debug_abbrev  0x00001c96      0x169 .\CortexM0\ARM_GCC_493\Debug\Design01.a(UART_print_SPI_UART.o)
 .debug_abbrev  0x00001dff       0xa4 .\CortexM0\ARM_GCC_493\Debug\Design01.a(I2C_1_I2C_INT.o)

.debug_line     0x00000000     0x265b
 *(.debug_line)
 .debug_line    0x00000000        0x0 .\CortexM0\ARM_GCC_493\Debug\main.o
 .debug_line    0x00000000      0x186 .\CortexM0\ARM_GCC_493\Debug\regulering.o
 .debug_line    0x00000186      0x15d .\CortexM0\ARM_GCC_493\Debug\distance.o
 .debug_line    0x000002e3       0xa6 .\CortexM0\ARM_GCC_493\Debug\I2Cslave.o
 .debug_line    0x00000389      0x168 .\CortexM0\ARM_GCC_493\Debug\test.o
 .debug_line    0x000004f1       0x53 .\CortexM0\ARM_GCC_493\Debug\cymetadata.o
 .debug_line    0x00000544      0x248 .\CortexM0\ARM_GCC_493\Debug\Cm0Start.o
 .debug_line    0x0000078c      0x1a3 .\CortexM0\ARM_GCC_493\Debug\Design01.a(cyfitter_cfg.o)
 .debug_line    0x0000092f      0x44b .\CortexM0\ARM_GCC_493\Debug\Design01.a(CyLib.o)
 .debug_line    0x00000d7a      0x3fe .\CortexM0\ARM_GCC_493\Debug\Design01.a(CyLFClk.o)
 .debug_line    0x00001178      0x196 .\CortexM0\ARM_GCC_493\Debug\Design01.a(PWM_hojre.o)
 .debug_line    0x0000130e      0x29b .\CortexM0\ARM_GCC_493\Debug\Design01.a(ADC.o)
 .debug_line    0x000015a9       0x64 .\CortexM0\ARM_GCC_493\Debug\Design01.a(ADC_INT.o)
 .debug_line    0x0000160d      0x198 .\CortexM0\ARM_GCC_493\Debug\Design01.a(PWM_venstre.o)
 .debug_line    0x000017a5       0xbe .\CortexM0\ARM_GCC_493\Debug\Design01.a(Trig.o)
 .debug_line    0x00001863      0x378 .\CortexM0\ARM_GCC_493\Debug\Design01.a(Timer.o)
 .debug_line    0x00001bdb      0x168 .\CortexM0\ARM_GCC_493\Debug\Design01.a(ISR.o)
 .debug_line    0x00001d43      0x14c .\CortexM0\ARM_GCC_493\Debug\Design01.a(UART_print.o)
 .debug_line    0x00001e8f      0x160 .\CortexM0\ARM_GCC_493\Debug\Design01.a(UART_print_UART.o)
 .debug_line    0x00001fef      0x160 .\CortexM0\ARM_GCC_493\Debug\Design01.a(I2C_1.o)
 .debug_line    0x0000214f       0xc2 .\CortexM0\ARM_GCC_493\Debug\Design01.a(I2C_1_I2C.o)
 .debug_line    0x00002211      0x157 .\CortexM0\ARM_GCC_493\Debug\Design01.a(I2C_1_I2C_SLAVE.o)
 .debug_line    0x00002368       0x69 .\CortexM0\ARM_GCC_493\Debug\Design01.a(CyBootAsmGnu.o)
 .debug_line    0x000023d1      0x139 .\CortexM0\ARM_GCC_493\Debug\Design01.a(UART_print_SPI_UART.o)
 .debug_line    0x0000250a      0x151 .\CortexM0\ARM_GCC_493\Debug\Design01.a(I2C_1_I2C_INT.o)

.debug_frame    0x00000000     0x1f34
 *(.debug_frame)
 .debug_frame   0x00000000       0xc8 .\CortexM0\ARM_GCC_493\Debug\regulering.o
 .debug_frame   0x000000c8       0x48 .\CortexM0\ARM_GCC_493\Debug\distance.o
 .debug_frame   0x00000110       0x48 .\CortexM0\ARM_GCC_493\Debug\I2Cslave.o
 .debug_frame   0x00000158       0x30 .\CortexM0\ARM_GCC_493\Debug\test.o
 .debug_frame   0x00000188       0xb0 .\CortexM0\ARM_GCC_493\Debug\Cm0Start.o
 .debug_frame   0x00000238       0xb8 .\CortexM0\ARM_GCC_493\Debug\Design01.a(cyfitter_cfg.o)
 .debug_frame   0x000002f0      0x3d0 .\CortexM0\ARM_GCC_493\Debug\Design01.a(CyLib.o)
 .debug_frame   0x000006c0      0x368 .\CortexM0\ARM_GCC_493\Debug\Design01.a(CyLFClk.o)
 .debug_frame   0x00000a28      0x134 .\CortexM0\ARM_GCC_493\Debug\Design01.a(PWM_hojre.o)
 .debug_frame   0x00000b5c      0x1b0 .\CortexM0\ARM_GCC_493\Debug\Design01.a(ADC.o)
 .debug_frame   0x00000d0c       0x20 .\CortexM0\ARM_GCC_493\Debug\Design01.a(ADC_INT.o)
 .debug_frame   0x00000d2c      0x134 .\CortexM0\ARM_GCC_493\Debug\Design01.a(PWM_venstre.o)
 .debug_frame   0x00000e60       0x70 .\CortexM0\ARM_GCC_493\Debug\Design01.a(Trig.o)
 .debug_frame   0x00000ed0      0x390 .\CortexM0\ARM_GCC_493\Debug\Design01.a(Timer.o)
 .debug_frame   0x00001260      0x110 .\CortexM0\ARM_GCC_493\Debug\Design01.a(ISR.o)
 .debug_frame   0x00001370       0xe8 .\CortexM0\ARM_GCC_493\Debug\Design01.a(UART_print.o)
 .debug_frame   0x00001458       0xe0 .\CortexM0\ARM_GCC_493\Debug\Design01.a(UART_print_UART.o)
 .debug_frame   0x00001538       0xf8 .\CortexM0\ARM_GCC_493\Debug\Design01.a(I2C_1.o)
 .debug_frame   0x00001630       0x3c .\CortexM0\ARM_GCC_493\Debug\Design01.a(I2C_1_I2C.o)
 .debug_frame   0x0000166c       0xf8 .\CortexM0\ARM_GCC_493\Debug\Design01.a(I2C_1_I2C_SLAVE.o)
 .debug_frame   0x00001764       0xb0 .\CortexM0\ARM_GCC_493\Debug\Design01.a(UART_print_SPI_UART.o)
 .debug_frame   0x00001814       0x2c .\CortexM0\ARM_GCC_493\Debug\Design01.a(I2C_1_I2C_INT.o)
 .debug_frame   0x00001840       0x20 c:/program files (x86)/cypress/psoc creator/3.3/psoc creator/import/gnu/arm/4.9.3/bin/../lib/gcc/arm-none-eabi/4.9.3/armv6-m\libgcc.a(_udivsi3.o)
 .debug_frame   0x00001860       0x20 c:/program files (x86)/cypress/psoc creator/3.3/psoc creator/import/gnu/arm/4.9.3/bin/../lib/gcc/arm-none-eabi/4.9.3/armv6-m\libgcc.a(_divsi3.o)
 .debug_frame   0x00001880       0x34 c:/program files (x86)/cypress/psoc creator/3.3/psoc creator/import/gnu/arm/4.9.3/bin/../lib/gcc/arm-none-eabi/4.9.3/armv6-m\libgcc.a(_muldi3.o)
 .debug_frame   0x000018b4       0x50 c:/program files (x86)/cypress/psoc creator/3.3/psoc creator/import/gnu/arm/4.9.3/bin/../lib/gcc/arm-none-eabi/4.9.3/armv6-m\libgcc.a(bpabi.o)
 .debug_frame   0x00001904       0x3c c:/program files (x86)/cypress/psoc creator/3.3/psoc creator/import/gnu/arm/4.9.3/bin/../lib/gcc/arm-none-eabi/4.9.3/armv6-m\libgcc.a(divsf3.o)
 .debug_frame   0x00001940       0x3c c:/program files (x86)/cypress/psoc creator/3.3/psoc creator/import/gnu/arm/4.9.3/bin/../lib/gcc/arm-none-eabi/4.9.3/armv6-m\libgcc.a(mulsf3.o)
 .debug_frame   0x0000197c       0x2c c:/program files (x86)/cypress/psoc creator/3.3/psoc creator/import/gnu/arm/4.9.3/bin/../lib/gcc/arm-none-eabi/4.9.3/armv6-m\libgcc.a(floatsisf.o)
 .debug_frame   0x000019a8       0x38 c:/program files (x86)/cypress/psoc creator/3.3/psoc creator/import/gnu/arm/4.9.3/bin/../lib/gcc/arm-none-eabi/4.9.3/armv6-m\libgcc.a(adddf3.o)
 .debug_frame   0x000019e0       0x38 c:/program files (x86)/cypress/psoc creator/3.3/psoc creator/import/gnu/arm/4.9.3/bin/../lib/gcc/arm-none-eabi/4.9.3/armv6-m\libgcc.a(eqdf2.o)
 .debug_frame   0x00001a18       0x38 c:/program files (x86)/cypress/psoc creator/3.3/psoc creator/import/gnu/arm/4.9.3/bin/../lib/gcc/arm-none-eabi/4.9.3/armv6-m\libgcc.a(gedf2.o)
 .debug_frame   0x00001a50       0x38 c:/program files (x86)/cypress/psoc creator/3.3/psoc creator/import/gnu/arm/4.9.3/bin/../lib/gcc/arm-none-eabi/4.9.3/armv6-m\libgcc.a(ledf2.o)
 .debug_frame   0x00001a88       0x3c c:/program files (x86)/cypress/psoc creator/3.3/psoc creator/import/gnu/arm/4.9.3/bin/../lib/gcc/arm-none-eabi/4.9.3/armv6-m\libgcc.a(muldf3.o)
 .debug_frame   0x00001ac4       0x3c c:/program files (x86)/cypress/psoc creator/3.3/psoc creator/import/gnu/arm/4.9.3/bin/../lib/gcc/arm-none-eabi/4.9.3/armv6-m\libgcc.a(subdf3.o)
 .debug_frame   0x00001b00       0x2c c:/program files (x86)/cypress/psoc creator/3.3/psoc creator/import/gnu/arm/4.9.3/bin/../lib/gcc/arm-none-eabi/4.9.3/armv6-m\libgcc.a(fixdfsi.o)
 .debug_frame   0x00001b2c       0x2c c:/program files (x86)/cypress/psoc creator/3.3/psoc creator/import/gnu/arm/4.9.3/bin/../lib/gcc/arm-none-eabi/4.9.3/armv6-m\libgcc.a(floatsidf.o)
 .debug_frame   0x00001b58       0x2c c:/program files (x86)/cypress/psoc creator/3.3/psoc creator/import/gnu/arm/4.9.3/bin/../lib/gcc/arm-none-eabi/4.9.3/armv6-m\libgcc.a(truncdfsf2.o)
 .debug_frame   0x00001b84       0x3c c:/program files (x86)/cypress/psoc creator/3.3/psoc creator/import/gnu/arm/4.9.3/bin/../lib/gcc/arm-none-eabi/4.9.3/armv6-m\libgcc.a(_divdi3.o)
 .debug_frame   0x00001bc0       0x3c c:/program files (x86)/cypress/psoc creator/3.3/psoc creator/import/gnu/arm/4.9.3/bin/../lib/gcc/arm-none-eabi/4.9.3/armv6-m\libgcc.a(_udivdi3.o)
 .debug_frame   0x00001bfc       0x20 c:/program files (x86)/cypress/psoc creator/3.3/psoc creator/import/gnu/arm/4.9.3/bin/../lib/gcc/arm-none-eabi/4.9.3/../../../../arm-none-eabi/lib/armv6-m\libg_nano.a(lib_a-errno.o)
 .debug_frame   0x00001c1c       0x28 c:/program files (x86)/cypress/psoc creator/3.3/psoc creator/import/gnu/arm/4.9.3/bin/../lib/gcc/arm-none-eabi/4.9.3/../../../../arm-none-eabi/lib/armv6-m\libg_nano.a(lib_a-exit.o)
 .debug_frame   0x00001c44       0x2c c:/program files (x86)/cypress/psoc creator/3.3/psoc creator/import/gnu/arm/4.9.3/bin/../lib/gcc/arm-none-eabi/4.9.3/../../../../arm-none-eabi/lib/armv6-m\libg_nano.a(lib_a-init.o)
 .debug_frame   0x00001c70       0x20 c:/program files (x86)/cypress/psoc creator/3.3/psoc creator/import/gnu/arm/4.9.3/bin/../lib/gcc/arm-none-eabi/4.9.3/../../../../arm-none-eabi/lib/armv6-m\libg_nano.a(lib_a-memset.o)
 .debug_frame   0x00001c90       0x50 c:/program files (x86)/cypress/psoc creator/3.3/psoc creator/import/gnu/arm/4.9.3/bin/../lib/gcc/arm-none-eabi/4.9.3/../../../../arm-none-eabi/lib/armv6-m\libg_nano.a(lib_a-sprintf.o)
 .debug_frame   0x00001ce0       0x74 c:/program files (x86)/cypress/psoc creator/3.3/psoc creator/import/gnu/arm/4.9.3/bin/../lib/gcc/arm-none-eabi/4.9.3/../../../../arm-none-eabi/lib/armv6-m\libg_nano.a(lib_a-nano-svfprintf.o)
 .debug_frame   0x00001d54       0x54 c:/program files (x86)/cypress/psoc creator/3.3/psoc creator/import/gnu/arm/4.9.3/bin/../lib/gcc/arm-none-eabi/4.9.3/../../../../arm-none-eabi/lib/armv6-m\libg_nano.a(lib_a-nano-vfprintf_i.o)
 .debug_frame   0x00001da8       0x20 c:/program files (x86)/cypress/psoc creator/3.3/psoc creator/import/gnu/arm/4.9.3/bin/../lib/gcc/arm-none-eabi/4.9.3/../../../../arm-none-eabi/lib/armv6-m\libg_nano.a(lib_a-memchr.o)
 .debug_frame   0x00001dc8       0x28 c:/program files (x86)/cypress/psoc creator/3.3/psoc creator/import/gnu/arm/4.9.3/bin/../lib/gcc/arm-none-eabi/4.9.3/../../../../arm-none-eabi/lib/armv6-m\libg_nano.a(lib_a-memcpy.o)
 .debug_frame   0x00001df0       0x28 c:/program files (x86)/cypress/psoc creator/3.3/psoc creator/import/gnu/arm/4.9.3/bin/../lib/gcc/arm-none-eabi/4.9.3/../../../../arm-none-eabi/lib/armv6-m\libg_nano.a(lib_a-memmove.o)
 .debug_frame   0x00001e18       0x2c c:/program files (x86)/cypress/psoc creator/3.3/psoc creator/import/gnu/arm/4.9.3/bin/../lib/gcc/arm-none-eabi/4.9.3/../../../../arm-none-eabi/lib/armv6-m\libg_nano.a(lib_a-nano-freer.o)
 .debug_frame   0x00001e44       0x2c c:/program files (x86)/cypress/psoc creator/3.3/psoc creator/import/gnu/arm/4.9.3/bin/../lib/gcc/arm-none-eabi/4.9.3/../../../../arm-none-eabi/lib/armv6-m\libg_nano.a(lib_a-nano-mallocr.o)
 .debug_frame   0x00001e70       0x30 c:/program files (x86)/cypress/psoc creator/3.3/psoc creator/import/gnu/arm/4.9.3/bin/../lib/gcc/arm-none-eabi/4.9.3/../../../../arm-none-eabi/lib/armv6-m\libg_nano.a(lib_a-nano-reallocr.o)
 .debug_frame   0x00001ea0       0x2c c:/program files (x86)/cypress/psoc creator/3.3/psoc creator/import/gnu/arm/4.9.3/bin/../lib/gcc/arm-none-eabi/4.9.3/../../../../arm-none-eabi/lib/armv6-m\libg_nano.a(lib_a-sbrkr.o)
 .debug_frame   0x00001ecc       0x20 c:/program files (x86)/cypress/psoc creator/3.3/psoc creator/import/gnu/arm/4.9.3/bin/../lib/gcc/arm-none-eabi/4.9.3/../../../../arm-none-eabi/lib/armv6-m\libg_nano.a(lib_a-nano-msizer.o)
 .debug_frame   0x00001eec       0x48 c:/program files (x86)/cypress/psoc creator/3.3/psoc creator/import/gnu/arm/4.9.3/bin/../lib/gcc/arm-none-eabi/4.9.3/../../../../arm-none-eabi/lib/armv6-m\libg_nano.a(lib_a-reent.o)

.debug_str      0x00000000     0x21e8
 *(.debug_str)
 .debug_str     0x00000000       0xfe .\CortexM0\ARM_GCC_493\Debug\main.o
 .debug_str     0x000000fe      0x1de .\CortexM0\ARM_GCC_493\Debug\regulering.o
                                0x312 (size before relaxing)
 .debug_str     0x000002dc       0xdf .\CortexM0\ARM_GCC_493\Debug\distance.o
                                0x295 (size before relaxing)
 .debug_str     0x000003bb       0xe4 .\CortexM0\ARM_GCC_493\Debug\I2Cslave.o
                                0x285 (size before relaxing)
 .debug_str     0x0000049f       0xb1 .\CortexM0\ARM_GCC_493\Debug\test.o
                                0x2e8 (size before relaxing)
 .debug_str     0x00000550       0x5b .\CortexM0\ARM_GCC_493\Debug\cymetadata.o
                                0x1f5 (size before relaxing)
 .debug_str     0x000005ab      0x14f .\CortexM0\ARM_GCC_493\Debug\Cm0Start.o
                                0x31c (size before relaxing)
 .debug_str     0x000006fa      0x120 .\CortexM0\ARM_GCC_493\Debug\Design01.a(cyfitter_cfg.o)
                                0x325 (size before relaxing)
 .debug_str     0x0000081a      0x48a .\CortexM0\ARM_GCC_493\Debug\Design01.a(CyLib.o)
                                0x6b0 (size before relaxing)
 .debug_str     0x00000ca4      0x468 .\CortexM0\ARM_GCC_493\Debug\Design01.a(CyLFClk.o)
                                0x67a (size before relaxing)
 .debug_str     0x0000110c      0x1b8 .\CortexM0\ARM_GCC_493\Debug\Design01.a(PWM_hojre.o)
                                0x3b8 (size before relaxing)
 .debug_str     0x000012c4      0x199 .\CortexM0\ARM_GCC_493\Debug\Design01.a(ADC.o)
                                0x400 (size before relaxing)
 .debug_str     0x0000145d       0x37 .\CortexM0\ARM_GCC_493\Debug\Design01.a(ADC_INT.o)
                                0x1d8 (size before relaxing)
 .debug_str     0x00001494      0x196 .\CortexM0\ARM_GCC_493\Debug\Design01.a(PWM_venstre.o)
                                0x3de (size before relaxing)
 .debug_str     0x0000162a       0x9b .\CortexM0\ARM_GCC_493\Debug\Design01.a(Trig.o)
                                0x256 (size before relaxing)
 .debug_str     0x000016c5      0x3a6 .\CortexM0\ARM_GCC_493\Debug\Design01.a(Timer.o)
                                0x5cc (size before relaxing)
 .debug_str     0x00001a6b       0xcf .\CortexM0\ARM_GCC_493\Debug\Design01.a(ISR.o)
                                0x2e9 (size before relaxing)
 .debug_str     0x00001b3a      0x153 .\CortexM0\ARM_GCC_493\Debug\Design01.a(UART_print.o)
                                0x30b (size before relaxing)
 .debug_str     0x00001c8d      0x14a .\CortexM0\ARM_GCC_493\Debug\Design01.a(UART_print_UART.o)
                                0x354 (size before relaxing)
 .debug_str     0x00001dd7      0x118 .\CortexM0\ARM_GCC_493\Debug\Design01.a(I2C_1.o)
                                0x312 (size before relaxing)
 .debug_str     0x00001eef       0x7c .\CortexM0\ARM_GCC_493\Debug\Design01.a(I2C_1_I2C.o)
                                0x279 (size before relaxing)
 .debug_str     0x00001f6b      0x127 .\CortexM0\ARM_GCC_493\Debug\Design01.a(I2C_1_I2C_SLAVE.o)
                                0x3f9 (size before relaxing)
 .debug_str     0x00002092      0x109 .\CortexM0\ARM_GCC_493\Debug\Design01.a(UART_print_SPI_UART.o)
                                0x325 (size before relaxing)
 .debug_str     0x0000219b       0x4d .\CortexM0\ARM_GCC_493\Debug\Design01.a(I2C_1_I2C_INT.o)
                                0x2e9 (size before relaxing)

.debug_loc      0x00000000     0x2328
 *(.debug_loc)
 .debug_loc     0x00000000      0x25c .\CortexM0\ARM_GCC_493\Debug\regulering.o
 .debug_loc     0x0000025c       0x5e .\CortexM0\ARM_GCC_493\Debug\I2Cslave.o
 .debug_loc     0x000002ba      0x14f .\CortexM0\ARM_GCC_493\Debug\Cm0Start.o
 .debug_loc     0x00000409      0x136 .\CortexM0\ARM_GCC_493\Debug\Design01.a(cyfitter_cfg.o)
 .debug_loc     0x0000053f      0x5b5 .\CortexM0\ARM_GCC_493\Debug\Design01.a(CyLib.o)
 .debug_loc     0x00000af4      0x7df .\CortexM0\ARM_GCC_493\Debug\Design01.a(CyLFClk.o)
 .debug_loc     0x000012d3       0x26 .\CortexM0\ARM_GCC_493\Debug\Design01.a(PWM_hojre.o)
 .debug_loc     0x000012f9      0x482 .\CortexM0\ARM_GCC_493\Debug\Design01.a(ADC.o)
 .debug_loc     0x0000177b       0x26 .\CortexM0\ARM_GCC_493\Debug\Design01.a(PWM_venstre.o)
 .debug_loc     0x000017a1       0xa2 .\CortexM0\ARM_GCC_493\Debug\Design01.a(Trig.o)
 .debug_loc     0x00001843      0x547 .\CortexM0\ARM_GCC_493\Debug\Design01.a(Timer.o)
 .debug_loc     0x00001d8a       0x82 .\CortexM0\ARM_GCC_493\Debug\Design01.a(ISR.o)
 .debug_loc     0x00001e0c       0x7e .\CortexM0\ARM_GCC_493\Debug\Design01.a(UART_print.o)
 .debug_loc     0x00001e8a      0x173 .\CortexM0\ARM_GCC_493\Debug\Design01.a(UART_print_UART.o)
 .debug_loc     0x00001ffd       0x7e .\CortexM0\ARM_GCC_493\Debug\Design01.a(I2C_1.o)
 .debug_loc     0x0000207b      0x175 .\CortexM0\ARM_GCC_493\Debug\Design01.a(I2C_1_I2C_SLAVE.o)
 .debug_loc     0x000021f0       0x96 .\CortexM0\ARM_GCC_493\Debug\Design01.a(UART_print_SPI_UART.o)
 .debug_loc     0x00002286       0xa2 .\CortexM0\ARM_GCC_493\Debug\Design01.a(I2C_1_I2C_INT.o)

.debug_macinfo
 *(.debug_macinfo)

.debug_ranges   0x00000000      0x8d8
 *(.debug_ranges)
 .debug_ranges  0x00000000       0x38 .\CortexM0\ARM_GCC_493\Debug\regulering.o
 .debug_ranges  0x00000038       0x18 .\CortexM0\ARM_GCC_493\Debug\distance.o
 .debug_ranges  0x00000050       0x18 .\CortexM0\ARM_GCC_493\Debug\I2Cslave.o
 .debug_ranges  0x00000068       0x10 .\CortexM0\ARM_GCC_493\Debug\test.o
 .debug_ranges  0x00000078       0x38 .\CortexM0\ARM_GCC_493\Debug\Cm0Start.o
 .debug_ranges  0x000000b0       0x38 .\CortexM0\ARM_GCC_493\Debug\Design01.a(cyfitter_cfg.o)
 .debug_ranges  0x000000e8      0x168 .\CortexM0\ARM_GCC_493\Debug\Design01.a(CyLib.o)
 .debug_ranges  0x00000250      0x110 .\CortexM0\ARM_GCC_493\Debug\Design01.a(CyLFClk.o)
 .debug_ranges  0x00000360       0x88 .\CortexM0\ARM_GCC_493\Debug\Design01.a(PWM_hojre.o)
 .debug_ranges  0x000003e8       0x98 .\CortexM0\ARM_GCC_493\Debug\Design01.a(ADC.o)
 .debug_ranges  0x00000480       0x10 .\CortexM0\ARM_GCC_493\Debug\Design01.a(ADC_INT.o)
 .debug_ranges  0x00000490       0x88 .\CortexM0\ARM_GCC_493\Debug\Design01.a(PWM_venstre.o)
 .debug_ranges  0x00000518       0x38 .\CortexM0\ARM_GCC_493\Debug\Design01.a(Trig.o)
 .debug_ranges  0x00000550      0x148 .\CortexM0\ARM_GCC_493\Debug\Design01.a(Timer.o)
 .debug_ranges  0x00000698       0x70 .\CortexM0\ARM_GCC_493\Debug\Design01.a(ISR.o)
 .debug_ranges  0x00000708       0x50 .\CortexM0\ARM_GCC_493\Debug\Design01.a(UART_print.o)
 .debug_ranges  0x00000758       0x50 .\CortexM0\ARM_GCC_493\Debug\Design01.a(UART_print_UART.o)
 .debug_ranges  0x000007a8       0x58 .\CortexM0\ARM_GCC_493\Debug\Design01.a(I2C_1.o)
 .debug_ranges  0x00000800       0x18 .\CortexM0\ARM_GCC_493\Debug\Design01.a(I2C_1_I2C.o)
 .debug_ranges  0x00000818       0x60 .\CortexM0\ARM_GCC_493\Debug\Design01.a(I2C_1_I2C_SLAVE.o)
 .debug_ranges  0x00000878       0x50 .\CortexM0\ARM_GCC_493\Debug\Design01.a(UART_print_SPI_UART.o)
 .debug_ranges  0x000008c8       0x10 .\CortexM0\ARM_GCC_493\Debug\Design01.a(I2C_1_I2C_INT.o)

.comment        0x00000000       0x70
 .comment       0x00000000       0x70 .\CortexM0\ARM_GCC_493\Debug\main.o
                                 0x71 (size before relaxing)
 .comment       0x00000000       0x71 .\CortexM0\ARM_GCC_493\Debug\regulering.o
 .comment       0x00000000       0x71 .\CortexM0\ARM_GCC_493\Debug\distance.o
 .comment       0x00000000       0x71 .\CortexM0\ARM_GCC_493\Debug\I2Cslave.o
 .comment       0x00000000       0x71 .\CortexM0\ARM_GCC_493\Debug\test.o
 .comment       0x00000000       0x71 .\CortexM0\ARM_GCC_493\Debug\cymetadata.o
 .comment       0x00000000       0x71 .\CortexM0\ARM_GCC_493\Debug\Cm0Start.o
 .comment       0x00000000       0x71 .\CortexM0\ARM_GCC_493\Debug\Design01.a(cyfitter_cfg.o)
 .comment       0x00000000       0x71 .\CortexM0\ARM_GCC_493\Debug\Design01.a(CyLib.o)
 .comment       0x00000000       0x71 .\CortexM0\ARM_GCC_493\Debug\Design01.a(CyLFClk.o)
 .comment       0x00000000       0x71 .\CortexM0\ARM_GCC_493\Debug\Design01.a(PWM_hojre.o)
 .comment       0x00000000       0x71 .\CortexM0\ARM_GCC_493\Debug\Design01.a(ADC.o)
 .comment       0x00000000       0x71 .\CortexM0\ARM_GCC_493\Debug\Design01.a(ADC_INT.o)
 .comment       0x00000000       0x71 .\CortexM0\ARM_GCC_493\Debug\Design01.a(PWM_venstre.o)
 .comment       0x00000000       0x71 .\CortexM0\ARM_GCC_493\Debug\Design01.a(Trig.o)
 .comment       0x00000000       0x71 .\CortexM0\ARM_GCC_493\Debug\Design01.a(Timer.o)
 .comment       0x00000000       0x71 .\CortexM0\ARM_GCC_493\Debug\Design01.a(ISR.o)
 .comment       0x00000000       0x71 .\CortexM0\ARM_GCC_493\Debug\Design01.a(UART_print.o)
 .comment       0x00000000       0x71 .\CortexM0\ARM_GCC_493\Debug\Design01.a(UART_print_UART.o)
 .comment       0x00000000       0x71 .\CortexM0\ARM_GCC_493\Debug\Design01.a(I2C_1.o)
 .comment       0x00000000       0x71 .\CortexM0\ARM_GCC_493\Debug\Design01.a(I2C_1_I2C.o)
 .comment       0x00000000       0x71 .\CortexM0\ARM_GCC_493\Debug\Design01.a(I2C_1_I2C_SLAVE.o)
 .comment       0x00000000       0x71 .\CortexM0\ARM_GCC_493\Debug\Design01.a(UART_print_SPI_UART.o)
 .comment       0x00000000       0x71 .\CortexM0\ARM_GCC_493\Debug\Design01.a(I2C_1_I2C_INT.o)

.debug_weaknames
 *(.debug_weaknames)

.debug_funcnames
 *(.debug_funcnames)

.debug_typenames
 *(.debug_typenames)

.debug_varnames
 *(.debug_varnames)

.note.gnu.arm.ident
 *(.note.gnu.arm.ident)

.ARM.attributes
                0x00000000       0x28
 *(.ARM.attributes)
 .ARM.attributes
                0x00000000       0x1e c:/program files (x86)/cypress/psoc creator/3.3/psoc creator/import/gnu/arm/4.9.3/bin/../lib/gcc/arm-none-eabi/4.9.3/armv6-m/crti.o
 .ARM.attributes
                0x0000001e       0x2c c:/program files (x86)/cypress/psoc creator/3.3/psoc creator/import/gnu/arm/4.9.3/bin/../lib/gcc/arm-none-eabi/4.9.3/armv6-m/crtbegin.o
 .ARM.attributes
                0x0000004a       0x1b c:/program files (x86)/cypress/psoc creator/3.3/psoc creator/import/gnu/arm/4.9.3/bin/../lib/gcc/arm-none-eabi/4.9.3/../../../../arm-none-eabi/lib/armv6-m/crt0.o
 .ARM.attributes
                0x00000065       0x31 .\CortexM0\ARM_GCC_493\Debug\main.o
 .ARM.attributes
                0x00000096       0x31 .\CortexM0\ARM_GCC_493\Debug\regulering.o
 .ARM.attributes
                0x000000c7       0x31 .\CortexM0\ARM_GCC_493\Debug\distance.o
 .ARM.attributes
                0x000000f8       0x31 .\CortexM0\ARM_GCC_493\Debug\I2Cslave.o
 .ARM.attributes
                0x00000129       0x31 .\CortexM0\ARM_GCC_493\Debug\test.o
 .ARM.attributes
                0x0000015a       0x31 .\CortexM0\ARM_GCC_493\Debug\cymetadata.o
 .ARM.attributes
                0x0000018b       0x31 .\CortexM0\ARM_GCC_493\Debug\Cm0Start.o
 .ARM.attributes
                0x000001bc       0x31 .\CortexM0\ARM_GCC_493\Debug\Design01.a(cyfitter_cfg.o)
 .ARM.attributes
                0x000001ed       0x31 .\CortexM0\ARM_GCC_493\Debug\Design01.a(CyLib.o)
 .ARM.attributes
                0x0000021e       0x31 .\CortexM0\ARM_GCC_493\Debug\Design01.a(CyLFClk.o)
 .ARM.attributes
                0x0000024f       0x31 .\CortexM0\ARM_GCC_493\Debug\Design01.a(PWM_hojre.o)
 .ARM.attributes
                0x00000280       0x31 .\CortexM0\ARM_GCC_493\Debug\Design01.a(ADC.o)
 .ARM.attributes
                0x000002b1       0x31 .\CortexM0\ARM_GCC_493\Debug\Design01.a(ADC_INT.o)
 .ARM.attributes
                0x000002e2       0x31 .\CortexM0\ARM_GCC_493\Debug\Design01.a(PWM_venstre.o)
 .ARM.attributes
                0x00000313       0x31 .\CortexM0\ARM_GCC_493\Debug\Design01.a(Trig.o)
 .ARM.attributes
                0x00000344       0x31 .\CortexM0\ARM_GCC_493\Debug\Design01.a(Timer.o)
 .ARM.attributes
                0x00000375       0x31 .\CortexM0\ARM_GCC_493\Debug\Design01.a(ISR.o)
 .ARM.attributes
                0x000003a6       0x31 .\CortexM0\ARM_GCC_493\Debug\Design01.a(UART_print.o)
 .ARM.attributes
                0x000003d7       0x31 .\CortexM0\ARM_GCC_493\Debug\Design01.a(UART_print_UART.o)
 .ARM.attributes
                0x00000408       0x31 .\CortexM0\ARM_GCC_493\Debug\Design01.a(I2C_1.o)
 .ARM.attributes
                0x00000439       0x31 .\CortexM0\ARM_GCC_493\Debug\Design01.a(I2C_1_I2C.o)
 .ARM.attributes
                0x0000046a       0x31 .\CortexM0\ARM_GCC_493\Debug\Design01.a(I2C_1_I2C_SLAVE.o)
 .ARM.attributes
                0x0000049b       0x21 .\CortexM0\ARM_GCC_493\Debug\Design01.a(CyBootAsmGnu.o)
 .ARM.attributes
                0x000004bc       0x31 .\CortexM0\ARM_GCC_493\Debug\Design01.a(UART_print_SPI_UART.o)
 .ARM.attributes
                0x000004ed       0x31 .\CortexM0\ARM_GCC_493\Debug\Design01.a(I2C_1_I2C_INT.o)
 .ARM.attributes
                0x0000051e       0x1e c:/program files (x86)/cypress/psoc creator/3.3/psoc creator/import/gnu/arm/4.9.3/bin/../lib/gcc/arm-none-eabi/4.9.3/armv6-m\libgcc.a(_udivsi3.o)
 .ARM.attributes
                0x0000053c       0x1e c:/program files (x86)/cypress/psoc creator/3.3/psoc creator/import/gnu/arm/4.9.3/bin/../lib/gcc/arm-none-eabi/4.9.3/armv6-m\libgcc.a(_divsi3.o)
 .ARM.attributes
                0x0000055a       0x1e c:/program files (x86)/cypress/psoc creator/3.3/psoc creator/import/gnu/arm/4.9.3/bin/../lib/gcc/arm-none-eabi/4.9.3/armv6-m\libgcc.a(_dvmd_tls.o)
 .ARM.attributes
                0x00000578       0x1e c:/program files (x86)/cypress/psoc creator/3.3/psoc creator/import/gnu/arm/4.9.3/bin/../lib/gcc/arm-none-eabi/4.9.3/armv6-m\libgcc.a(_arm_cmpdf2.o)
 .ARM.attributes
                0x00000596       0x1e c:/program files (x86)/cypress/psoc creator/3.3/psoc creator/import/gnu/arm/4.9.3/bin/../lib/gcc/arm-none-eabi/4.9.3/armv6-m\libgcc.a(_aeabi_ldivmod.o)
 .ARM.attributes
                0x000005b4       0x2c c:/program files (x86)/cypress/psoc creator/3.3/psoc creator/import/gnu/arm/4.9.3/bin/../lib/gcc/arm-none-eabi/4.9.3/armv6-m\libgcc.a(_muldi3.o)
 .ARM.attributes
                0x000005e0       0x2c c:/program files (x86)/cypress/psoc creator/3.3/psoc creator/import/gnu/arm/4.9.3/bin/../lib/gcc/arm-none-eabi/4.9.3/armv6-m\libgcc.a(bpabi.o)
 .ARM.attributes
                0x0000060c       0x2c c:/program files (x86)/cypress/psoc creator/3.3/psoc creator/import/gnu/arm/4.9.3/bin/../lib/gcc/arm-none-eabi/4.9.3/armv6-m\libgcc.a(divsf3.o)
 .ARM.attributes
                0x00000638       0x2c c:/program files (x86)/cypress/psoc creator/3.3/psoc creator/import/gnu/arm/4.9.3/bin/../lib/gcc/arm-none-eabi/4.9.3/armv6-m\libgcc.a(mulsf3.o)
 .ARM.attributes
                0x00000664       0x2c c:/program files (x86)/cypress/psoc creator/3.3/psoc creator/import/gnu/arm/4.9.3/bin/../lib/gcc/arm-none-eabi/4.9.3/armv6-m\libgcc.a(floatsisf.o)
 .ARM.attributes
                0x00000690       0x2c c:/program files (x86)/cypress/psoc creator/3.3/psoc creator/import/gnu/arm/4.9.3/bin/../lib/gcc/arm-none-eabi/4.9.3/armv6-m\libgcc.a(adddf3.o)
 .ARM.attributes
                0x000006bc       0x2c c:/program files (x86)/cypress/psoc creator/3.3/psoc creator/import/gnu/arm/4.9.3/bin/../lib/gcc/arm-none-eabi/4.9.3/armv6-m\libgcc.a(eqdf2.o)
 .ARM.attributes
                0x000006e8       0x2c c:/program files (x86)/cypress/psoc creator/3.3/psoc creator/import/gnu/arm/4.9.3/bin/../lib/gcc/arm-none-eabi/4.9.3/armv6-m\libgcc.a(gedf2.o)
 .ARM.attributes
                0x00000714       0x2c c:/program files (x86)/cypress/psoc creator/3.3/psoc creator/import/gnu/arm/4.9.3/bin/../lib/gcc/arm-none-eabi/4.9.3/armv6-m\libgcc.a(ledf2.o)
 .ARM.attributes
                0x00000740       0x2c c:/program files (x86)/cypress/psoc creator/3.3/psoc creator/import/gnu/arm/4.9.3/bin/../lib/gcc/arm-none-eabi/4.9.3/armv6-m\libgcc.a(muldf3.o)
 .ARM.attributes
                0x0000076c       0x2c c:/program files (x86)/cypress/psoc creator/3.3/psoc creator/import/gnu/arm/4.9.3/bin/../lib/gcc/arm-none-eabi/4.9.3/armv6-m\libgcc.a(subdf3.o)
 .ARM.attributes
                0x00000798       0x2c c:/program files (x86)/cypress/psoc creator/3.3/psoc creator/import/gnu/arm/4.9.3/bin/../lib/gcc/arm-none-eabi/4.9.3/armv6-m\libgcc.a(fixdfsi.o)
 .ARM.attributes
                0x000007c4       0x2c c:/program files (x86)/cypress/psoc creator/3.3/psoc creator/import/gnu/arm/4.9.3/bin/../lib/gcc/arm-none-eabi/4.9.3/armv6-m\libgcc.a(floatsidf.o)
 .ARM.attributes
                0x000007f0       0x2c c:/program files (x86)/cypress/psoc creator/3.3/psoc creator/import/gnu/arm/4.9.3/bin/../lib/gcc/arm-none-eabi/4.9.3/armv6-m\libgcc.a(truncdfsf2.o)
 .ARM.attributes
                0x0000081c       0x1e c:/program files (x86)/cypress/psoc creator/3.3/psoc creator/import/gnu/arm/4.9.3/bin/../lib/gcc/arm-none-eabi/4.9.3/armv6-m\libgcc.a(_clzsi2.o)
 .ARM.attributes
                0x0000083a       0x2c c:/program files (x86)/cypress/psoc creator/3.3/psoc creator/import/gnu/arm/4.9.3/bin/../lib/gcc/arm-none-eabi/4.9.3/armv6-m\libgcc.a(_divdi3.o)
 .ARM.attributes
                0x00000866       0x2c c:/program files (x86)/cypress/psoc creator/3.3/psoc creator/import/gnu/arm/4.9.3/bin/../lib/gcc/arm-none-eabi/4.9.3/armv6-m\libgcc.a(_udivdi3.o)
 .ARM.attributes
                0x00000892       0x1e c:/program files (x86)/cypress/psoc creator/3.3/psoc creator/import/gnu/arm/4.9.3/bin/../lib/gcc/arm-none-eabi/4.9.3/armv6-m\libgcc.a(_clzdi2.o)
 .ARM.attributes
                0x000008b0       0x2c c:/program files (x86)/cypress/psoc creator/3.3/psoc creator/import/gnu/arm/4.9.3/bin/../lib/gcc/arm-none-eabi/4.9.3/../../../../arm-none-eabi/lib/armv6-m\libg_nano.a(lib_a-errno.o)
 .ARM.attributes
                0x000008dc       0x2c c:/program files (x86)/cypress/psoc creator/3.3/psoc creator/import/gnu/arm/4.9.3/bin/../lib/gcc/arm-none-eabi/4.9.3/../../../../arm-none-eabi/lib/armv6-m\libg_nano.a(lib_a-exit.o)
 .ARM.attributes
                0x00000908       0x2c c:/program files (x86)/cypress/psoc creator/3.3/psoc creator/import/gnu/arm/4.9.3/bin/../lib/gcc/arm-none-eabi/4.9.3/../../../../arm-none-eabi/lib/armv6-m\libg_nano.a(lib_a-impure.o)
 .ARM.attributes
                0x00000934       0x2c c:/program files (x86)/cypress/psoc creator/3.3/psoc creator/import/gnu/arm/4.9.3/bin/../lib/gcc/arm-none-eabi/4.9.3/../../../../arm-none-eabi/lib/armv6-m\libg_nano.a(lib_a-init.o)
 .ARM.attributes
                0x00000960       0x2c c:/program files (x86)/cypress/psoc creator/3.3/psoc creator/import/gnu/arm/4.9.3/bin/../lib/gcc/arm-none-eabi/4.9.3/../../../../arm-none-eabi/lib/armv6-m\libg_nano.a(lib_a-memset.o)
 .ARM.attributes
                0x0000098c       0x2c c:/program files (x86)/cypress/psoc creator/3.3/psoc creator/import/gnu/arm/4.9.3/bin/../lib/gcc/arm-none-eabi/4.9.3/../../../../arm-none-eabi/lib/armv6-m\libg_nano.a(lib_a-sprintf.o)
 .ARM.attributes
                0x000009b8       0x2c c:/program files (x86)/cypress/psoc creator/3.3/psoc creator/import/gnu/arm/4.9.3/bin/../lib/gcc/arm-none-eabi/4.9.3/../../../../arm-none-eabi/lib/armv6-m\libg_nano.a(lib_a-nano-svfprintf.o)
 .ARM.attributes
                0x000009e4       0x2c c:/program files (x86)/cypress/psoc creator/3.3/psoc creator/import/gnu/arm/4.9.3/bin/../lib/gcc/arm-none-eabi/4.9.3/../../../../arm-none-eabi/lib/armv6-m\libg_nano.a(lib_a-nano-vfprintf_i.o)
 .ARM.attributes
                0x00000a10       0x2c c:/program files (x86)/cypress/psoc creator/3.3/psoc creator/import/gnu/arm/4.9.3/bin/../lib/gcc/arm-none-eabi/4.9.3/../../../../arm-none-eabi/lib/armv6-m\libg_nano.a(lib_a-memchr.o)
 .ARM.attributes
                0x00000a3c       0x2c c:/program files (x86)/cypress/psoc creator/3.3/psoc creator/import/gnu/arm/4.9.3/bin/../lib/gcc/arm-none-eabi/4.9.3/../../../../arm-none-eabi/lib/armv6-m\libg_nano.a(lib_a-memcpy.o)
 .ARM.attributes
                0x00000a68       0x2c c:/program files (x86)/cypress/psoc creator/3.3/psoc creator/import/gnu/arm/4.9.3/bin/../lib/gcc/arm-none-eabi/4.9.3/../../../../arm-none-eabi/lib/armv6-m\libg_nano.a(lib_a-memmove.o)
 .ARM.attributes
                0x00000a94       0x2c c:/program files (x86)/cypress/psoc creator/3.3/psoc creator/import/gnu/arm/4.9.3/bin/../lib/gcc/arm-none-eabi/4.9.3/../../../../arm-none-eabi/lib/armv6-m\libg_nano.a(lib_a-nano-freer.o)
 .ARM.attributes
                0x00000ac0       0x2c c:/program files (x86)/cypress/psoc creator/3.3/psoc creator/import/gnu/arm/4.9.3/bin/../lib/gcc/arm-none-eabi/4.9.3/../../../../arm-none-eabi/lib/armv6-m\libg_nano.a(lib_a-nano-mallocr.o)
 .ARM.attributes
                0x00000aec       0x2c c:/program files (x86)/cypress/psoc creator/3.3/psoc creator/import/gnu/arm/4.9.3/bin/../lib/gcc/arm-none-eabi/4.9.3/../../../../arm-none-eabi/lib/armv6-m\libg_nano.a(lib_a-nano-reallocr.o)
 .ARM.attributes
                0x00000b18       0x2c c:/program files (x86)/cypress/psoc creator/3.3/psoc creator/import/gnu/arm/4.9.3/bin/../lib/gcc/arm-none-eabi/4.9.3/../../../../arm-none-eabi/lib/armv6-m\libg_nano.a(lib_a-sbrkr.o)
 .ARM.attributes
                0x00000b44       0x2c c:/program files (x86)/cypress/psoc creator/3.3/psoc creator/import/gnu/arm/4.9.3/bin/../lib/gcc/arm-none-eabi/4.9.3/../../../../arm-none-eabi/lib/armv6-m\libg_nano.a(lib_a-nano-msizer.o)
 .ARM.attributes
                0x00000b70       0x2c c:/program files (x86)/cypress/psoc creator/3.3/psoc creator/import/gnu/arm/4.9.3/bin/../lib/gcc/arm-none-eabi/4.9.3/../../../../arm-none-eabi/lib/armv6-m\libg_nano.a(lib_a-reent.o)
 .ARM.attributes
                0x00000b9c       0x2c c:/program files (x86)/cypress/psoc creator/3.3/psoc creator/import/gnu/arm/4.9.3/bin/../lib/gcc/arm-none-eabi/4.9.3/armv6-m/crtend.o
 .ARM.attributes
                0x00000bc8       0x1e c:/program files (x86)/cypress/psoc creator/3.3/psoc creator/import/gnu/arm/4.9.3/bin/../lib/gcc/arm-none-eabi/4.9.3/armv6-m/crtn.o

/DISCARD/
 *(.note.GNU-stack)
OUTPUT(.\CortexM0\ARM_GCC_493\Debug\Design01.elf elf32-littlearm)
