ARM GAS  C:\Users\PERNIL~1\AppData\Local\Temp\ccZX2cq6.s 			page 1


   1              		.cpu cortex-m0
   2              		.fpu softvfp
   3              		.eabi_attribute 20, 1
   4              		.eabi_attribute 21, 1
   5              		.eabi_attribute 23, 3
   6              		.eabi_attribute 24, 1
   7              		.eabi_attribute 25, 1
   8              		.eabi_attribute 26, 1
   9              		.eabi_attribute 30, 1
  10              		.eabi_attribute 34, 0
  11              		.eabi_attribute 18, 4
  12              		.code	16
  13              		.file	"main.c"
  14              		.text
  15              	.Ltext0:
  16              		.cfi_sections	.debug_frame
  17              	.Letext0:
  18              		.section	.debug_line,"",%progbits
  19              	.Ldebug_line0:
  20              		.section	.debug_str,"MS",%progbits,1
  21              	.LASF0:
  22 0000 433A5C55 		.ascii	"C:\\Users\\PernilleLouise\\Documents\\Elektro\\4. s"
  22      73657273 
  22      5C506572 
  22      6E696C6C 
  22      654C6F75 
  23 002e 656D6573 		.ascii	"emester\\E4PRJ4\\PSoCBilstyring\\Workspace01\\Desig"
  23      7465725C 
  23      45345052 
  23      4A345C50 
  23      536F4342 
  24 005d 6E30312E 		.ascii	"n01.cydsn\000"
  24      63796473 
  24      6E00
  25              	.LASF1:
  26 0067 474E5520 		.ascii	"GNU C 4.9.3 20150303 (release) [ARM/embedded-4_9-br"
  26      4320342E 
  26      392E3320 
  26      32303135 
  26      30333033 
  27 009a 616E6368 		.ascii	"anch revision 221220] -mcpu=cortex-m0 -mthumb -g -O"
  27      20726576 
  27      6973696F 
  27      6E203232 
  27      31323230 
  28 00cd 67202D66 		.ascii	"g -ffunction-sections -ffat-lto-objects\000"
  28      66756E63 
  28      74696F6E 
  28      2D736563 
  28      74696F6E 
  29              	.LASF2:
  30 00f5 2E5C6D61 		.ascii	".\\main.c\000"
  30      696E2E63 
  30      00
  31              		.ident	"GCC: (GNU Tools for ARM Embedded Processors) 4.9.3 20150303 (release) [ARM/embedded-4_9-br
